###############################################################################
#
# IAR ELF Linker V7.30.1.7746/W32 for ARM                 28/May/2017  20:58:23
# Copyright 2007-2014 IAR Systems AB.
#
#    Output file  =  D:\project\car\Prj\IAR\DZ10_Debug\Exe\vcan_Kinetis.out
#    Map file     =  D:\project\car\Prj\IAR\DZ10_Debug\List\vcan_Kinetis.map
#    Command line =  
#        D:\project\car\Prj\IAR\DZ10_Debug\Obj\diskio.o
#        D:\project\car\Prj\IAR\DZ10_Debug\Obj\ff.o
#        D:\project\car\Prj\IAR\DZ10_Debug\Obj\main.o
#        D:\project\car\Prj\IAR\DZ10_Debug\Obj\misc.o
#        D:\project\car\Prj\IAR\DZ10_Debug\Obj\MK60_adc.o
#        D:\project\car\Prj\IAR\DZ10_Debug\Obj\MK60_can.o
#        D:\project\car\Prj\IAR\DZ10_Debug\Obj\MK60_conf.o
#        D:\project\car\Prj\IAR\DZ10_Debug\Obj\MK60_dac.o
#        D:\project\car\Prj\IAR\DZ10_Debug\Obj\MK60_dma.o
#        D:\project\car\Prj\IAR\DZ10_Debug\Obj\MK60_DWT.o
#        D:\project\car\Prj\IAR\DZ10_Debug\Obj\MK60_flash.o
#        D:\project\car\Prj\IAR\DZ10_Debug\Obj\MK60_flexbus.o
#        D:\project\car\Prj\IAR\DZ10_Debug\Obj\MK60_ftm.o
#        D:\project\car\Prj\IAR\DZ10_Debug\Obj\MK60_gpio.o
#        D:\project\car\Prj\IAR\DZ10_Debug\Obj\MK60_i2c.o
#        D:\project\car\Prj\IAR\DZ10_Debug\Obj\MK60_it.o
#        D:\project\car\Prj\IAR\DZ10_Debug\Obj\MK60_lptmr.o
#        D:\project\car\Prj\IAR\DZ10_Debug\Obj\MK60_mcg.o
#        D:\project\car\Prj\IAR\DZ10_Debug\Obj\MK60_PIT.o
#        D:\project\car\Prj\IAR\DZ10_Debug\Obj\MK60_port.o
#        D:\project\car\Prj\IAR\DZ10_Debug\Obj\MK60_rtc.o
#        D:\project\car\Prj\IAR\DZ10_Debug\Obj\MK60_sdhc.o
#        D:\project\car\Prj\IAR\DZ10_Debug\Obj\MK60_spi.o
#        D:\project\car\Prj\IAR\DZ10_Debug\Obj\MK60_SysTick.o
#        D:\project\car\Prj\IAR\DZ10_Debug\Obj\MK60_uart.o
#        D:\project\car\Prj\IAR\DZ10_Debug\Obj\MK60_usb.o
#        D:\project\car\Prj\IAR\DZ10_Debug\Obj\MK60_wdog.o
#        D:\project\car\Prj\IAR\DZ10_Debug\Obj\O_data_send.o
#        D:\project\car\Prj\IAR\DZ10_Debug\Obj\O_dir.o
#        D:\project\car\Prj\IAR\DZ10_Debug\Obj\O_display.o
#        D:\project\car\Prj\IAR\DZ10_Debug\Obj\O_init_system.o
#        D:\project\car\Prj\IAR\DZ10_Debug\Obj\O_isr.o
#        D:\project\car\Prj\IAR\DZ10_Debug\Obj\O_measure_distance.o
#        D:\project\car\Prj\IAR\DZ10_Debug\Obj\O_menu_control.o
#        D:\project\car\Prj\IAR\DZ10_Debug\Obj\O_picture_deal.o
#        D:\project\car\Prj\IAR\DZ10_Debug\Obj\O_SD_Card.o
#        D:\project\car\Prj\IAR\DZ10_Debug\Obj\O_speed.o
#        D:\project\car\Prj\IAR\DZ10_Debug\Obj\startup_MK60DZ10.o
#        D:\project\car\Prj\IAR\DZ10_Debug\Obj\system_MK60DZ10.o
#        D:\project\car\Prj\IAR\DZ10_Debug\Obj\USB.o
#        D:\project\car\Prj\IAR\DZ10_Debug\Obj\USB_CDC.o
#        D:\project\car\Prj\IAR\DZ10_Debug\Obj\VCAN_ASCII.o
#        D:\project\car\Prj\IAR\DZ10_Debug\Obj\VCAN_BMP.o
#        D:\project\car\Prj\IAR\DZ10_Debug\Obj\VCAN_camera.o
#        D:\project\car\Prj\IAR\DZ10_Debug\Obj\VCAN_computer.o
#        D:\project\car\Prj\IAR\DZ10_Debug\Obj\vcan_img2sd.o
#        D:\project\car\Prj\IAR\DZ10_Debug\Obj\VCAN_key.o
#        D:\project\car\Prj\IAR\DZ10_Debug\Obj\VCAN_key_event.o
#        D:\project\car\Prj\IAR\DZ10_Debug\Obj\VCAN_LCD.o
#        D:\project\car\Prj\IAR\DZ10_Debug\Obj\VCAN_LCD_CH.o
#        D:\project\car\Prj\IAR\DZ10_Debug\Obj\VCAN_LCD_ILI9341.o
#        D:\project\car\Prj\IAR\DZ10_Debug\Obj\VCAN_LCD_ST7735R.o
#        D:\project\car\Prj\IAR\DZ10_Debug\Obj\VCAN_LCD_ST7735S.o
#        D:\project\car\Prj\IAR\DZ10_Debug\Obj\VCAN_LED.o
#        D:\project\car\Prj\IAR\DZ10_Debug\Obj\VCAN_MMA7455.o
#        D:\project\car\Prj\IAR\DZ10_Debug\Obj\VCAN_NRF24L0.o
#        D:\project\car\Prj\IAR\DZ10_Debug\Obj\VCAN_NRF24L0_MSG.o
#        D:\project\car\Prj\IAR\DZ10_Debug\Obj\VCAN_OV7725_Eagle.o
#        D:\project\car\Prj\IAR\DZ10_Debug\Obj\VCAN_OV7725_Wolf.o
#        D:\project\car\Prj\IAR\DZ10_Debug\Obj\VCAN_RTC_count.o
#        D:\project\car\Prj\IAR\DZ10_Debug\Obj\VCAN_SCCB.o
#        D:\project\car\Prj\IAR\DZ10_Debug\Obj\vcan_sd_app.o
#        D:\project\car\Prj\IAR\DZ10_Debug\Obj\Vcan_touch.o
#        D:\project\car\Prj\IAR\DZ10_Debug\Obj\VCAN_TSL1401.o
#        D:\project\car\Prj\IAR\DZ10_Debug\Obj\VCAN_UI_VAR.o
#        D:\project\car\Prj\IAR\DZ10_Debug\Obj\vectors.o --redirect
#        _Printf=_PrintfLargeNoMb --redirect _Scanf=_ScanfLargeNoMb -o
#        D:\project\car\Prj\IAR\DZ10_Debug\Exe\vcan_Kinetis.out --map
#        D:\project\car\Prj\IAR\DZ10_Debug\List\vcan_Kinetis.map --config
#        "D:\project\car\Prj\IAR\config files\vcan_ROM_K60N512.icf"
#        D:\project\car\Prj\IAR\..\..\Lib\CMSIS\iar_cortexM4l_math.a --entry
#        __iar_program_start --vfe
#
###############################################################################

*******************************************************************************
*** RUNTIME MODEL ATTRIBUTES
***

CppFlavor       = *
__SystemLibrary = DLib


*******************************************************************************
*** PLACEMENT SUMMARY
***

"A1":  place at 0x00000000 { ro section .intvec };
"A2":  place at 0x00000410 { ro section .noinit };
"P1":  place in [from 0x00000000 to 0x00080000] { ro, block CodeRelocate };
"P2":  place in [from 0x1fff0410 to 0x20010000] {
          rw, block CodeRelocateRam, block CSTACK, block HEAP };

  Section              Kind        Address     Size  Object
  -------              ----        -------     ----  ------
"A1":                                         0x410
  .intvec              const    0x00000000    0x410  vectors.o [1]
                              - 0x00000410    0x410

"P1", part 1 of 2:                              0x0
  .rodata              const    0x00000410      0x0  zero_init3.o [5]

"A2":                                           0x8
  .noinit              ro code  0x00000410      0x8  startup_MK60DZ10.o [1]
                              - 0x00000418      0x8

"P1", part 2 of 2:                          0x15cd8
  .rodata              const    0x00000418   0x8000  VCAN_ASCII.o [1]
  .text                ro code  0x00008418   0x2988  O_picture_deal.o [1]
  .text                ro code  0x0000ada0     0x32  I32ToFlt.o [4]
  .text                ro code  0x0000add2     0x22  zero_init3.o [5]
  .text                ro code  0x0000adf4     0xd8  FltMul.o [4]
  .text                ro code  0x0000aecc     0xe6  FltSub.o [4]
  .rodata              const    0x0000afb2      0x2  VCAN_camera.o [1]
  .text                ro code  0x0000afb4     0x84  FltAdd.o [4]
  .text                ro code  0x0000b038      0x8  abs.o [3]
  .text                ro code  0x0000b040    0x150  VCAN_UI_VAR.o [1]
  Veneer               ro code  0x0000b190      0x8  - Linker created -
  Veneer               ro code  0x0000b198      0x8  - Linker created -
  .text                ro code  0x0000b1a0    0x140  MK60_conf.o [1]
  .text                ro code  0x0000b2e0    0x8bc  VCAN_LCD.o [1]
  .text                ro code  0x0000bb9c     0x70  VCAN_LED.o [1]
  .text                ro code  0x0000bc0c     0x24  printf.o [3]
  .text                ro code  0x0000bc30     0x64  MK60_SysTick.o [1]
  .text                ro code  0x0000bc94    0x24c  MK60_uart.o [1]
  .text                ro code  0x0000bee0    0x220  VCAN_key.o [1]
  .text                ro code  0x0000c100   0x1c18  VCAN_LCD_ST7735R.o [1]
  .text                ro code  0x0000dd18    0x17c  MK60_gpio.o [1]
  .text                ro code  0x0000de94    0xbee  xprintflarge_nomb.o [3]
  .text                ro code  0x0000ea84     0xb0  MK60_port.o [1]
  .text                ro code  0x0000eb34     0x16  strchr.o [5]
  .text                ro code  0x0000eb4c     0x36  strlen.o [5]
  .text                ro code  0x0000eb84     0x58  memchr.o [5]
  .text                ro code  0x0000ebdc     0xee  I64DivMod.o [5]
  .text                ro code  0x0000eccc     0x76  ABImemcpy_unaligned.o [5]
  .text                ro code  0x0000ed42     0x42  xdnorm.o [4]
  .text                ro code  0x0000ed84     0x2e  DblCmpLe.o [4]
  .text                ro code  0x0000edb4    0x1a2  DblMul.o [4]
  .text                ro code  0x0000ef58    0x246  DblDiv.o [4]
  .text                ro code  0x0000f1a0     0x58  DblToI32.o [4]
  .text                ro code  0x0000f1f8     0x30  I32ToDbl.o [4]
  .text                ro code  0x0000f228    0x180  DblSub.o [4]
  .text                ro code  0x0000f3a8     0x6c  localeconv.o [3]
  .text                ro code  0x0000f414      0xe  div.o [3]
  .text                ro code  0x0000f424      0x2  I64DivZer.o [5]
  .text                ro code  0x0000f428     0xe8  DblAdd.o [4]
  .text                ro code  0x0000f510      0x2  xtls.o [3]
  .text                ro code  0x0000f514   0x1450  O_display.o [1]
  .text                ro code  0x00010964    0x1b4  VCAN_LCD_CH.o [1]
  .text                ro code  0x00010b18     0x24  FltToU32.o [4]
  .data_init                    0x00010b3c    0xffc  <Block>
    Initializer bytes  ro data  0x00010b3c    0xffc  <for .data-1> (used: 0xff8)
  .text                ro code  0x00011b38    0x89c  VCAN_key_event.o [1]
  .text                ro code  0x000123d4     0x4e  FltToDbl.o [4]
  .text                ro code  0x00012424     0x90  DblToFlt.o [4]
  .text                ro code  0x000124b4    0x7be  O_speed.o [1]
  .text                ro code  0x00012c74     0xfc  FltDiv.o [4]
  .text                ro code  0x00012d70     0x44  FltToS32.o [4]
  .text                ro code  0x00012db4    0x4f8  MK60_ftm.o [1]
  .rodata              const    0x000132ac    0x600  VCAN_ASCII.o [1]
  .text                ro code  0x000138ac    0x490  O_init_system.o [1]
  .text                ro code  0x00013d3c    0x2b8  MK60_adc.o [1]
  .text                ro code  0x00013ff4    0x240  VCAN_OV7725_Eagle.o [1]
  .text                ro code  0x00014234    0x15c  MK60_PIT.o [1]
  .text                ro code  0x00014390     0x50  misc.o [1]
  .text                ro code  0x000143e0    0x284  MK60_dma.o [1]
  .text                ro code  0x00014664    0x362  VCAN_SCCB.o [1]
  .text                ro code  0x000149c8    0x428  O_dir.o [1]
  .text                ro code  0x00014df0     0x24  FltCmpGe.o [4]
  .text                ro code  0x00014e14     0x24  FltCmpLe.o [4]
  Veneer               ro code  0x00014e38      0x8  - Linker created -
  .text                ro code  0x00014e40    0x3c8  MK60_mcg.o [1]
  CodeRelocate                  0x00015208    0x1c8  <Block>
    Initializer bytes  ro data  0x00015208    0x1c8  <for CodeRelocateRam-1>
  .text                ro code  0x000153d0    0x130  system_MK60DZ10.o [1]
  .text                ro code  0x00015500     0x40  MK60_wdog.o [1]
  .text                ro code  0x00015540     0x70  main.o [1]
  .text                ro code  0x000155b0    0x100  O_measure_distance.o [1]
  .text                ro code  0x000156b0    0x11c  VCAN_camera.o [1]
  .text                ro code  0x000157cc    0x124  O_menu_control.o [1]
  .text                ro code  0x000158f0     0xdc  O_isr.o [1]
  .rodata              const    0x000159cc     0x78  VCAN_camera.o [1]
  .rodata              const    0x00015a44     0x48  O_picture_deal.o [1]
  .rodata              const    0x00015a8c     0x3c  MK60_conf.o [1]
  .rodata              const    0x00015ac8     0x2c  VCAN_LCD_ST7735R.o [1]
  .rodata              const    0x00015af4     0x28  MK60_flash.o [1]
  .rodata              const    0x00015b1c     0x28  MK60_SysTick.o [1]
  .rodata              const    0x00015b44     0x28  VCAN_UI_VAR.o [1]
  .text                ro code  0x00015b6c     0x28  data_init.o [5]
  .rodata              const    0x00015b94     0x24  MK60_adc.o [1]
  .rodata              const    0x00015bb8     0x24  MK60_conf.o [1]
  .rodata              const    0x00015bdc     0x24  MK60_dma.o [1]
  .rodata              const    0x00015c00     0x24  MK60_ftm.o [1]
  .rodata              const    0x00015c24     0x24  MK60_gpio.o [1]
  .rodata              const    0x00015c48     0x24  MK60_PIT.o [1]
  .rodata              const    0x00015c6c     0x24  MK60_uart.o [1]
  .rodata              const    0x00015c90     0x24  VCAN_OV7725_Eagle.o [1]
  .rodata              const    0x00015cb4     0x24  VCAN_OV7725_Eagle.o [1]
  .iar.init_table      const    0x00015cd8     0x10  - Linker created -
  .rodata              const    0x00015ce8     0x20  misc.o [1]
  .rodata              const    0x00015d08     0x20  MK60_conf.o [1]
  .rodata              const    0x00015d28     0x20  VCAN_OV7725_Eagle.o [1]
  .text                ro code  0x00015d48     0x1a  cmain.o [5]
  .text                ro code  0x00015d62      0x4  low_level_init.o [3]
  .text                ro code  0x00015d66      0x4  exit.o [3]
  .text                ro code  0x00015d6c      0xa  cexit.o [5]
  .text                ro code  0x00015d78      0xc  XXexit.o [5]
  .rodata              const    0x00015d84     0x18  VCAN_OV7725_Eagle.o [1]
  .rodata              const    0x00015d9c     0x18  VCAN_OV7725_Eagle.o [1]
  .text                ro code  0x00015db4     0x16  xprout.o [3]
  .text                ro code  0x00015dcc      0xc  putchar.o [3]
  .rodata              const    0x00015dd8     0x14  MK60_conf.o [1]
  .rodata              const    0x00015dec     0x14  VCAN_OV7725_Eagle.o [1]
  .text                ro code  0x00015e00      0xc  cstartup_M.o [5]
  .rodata              const    0x00015e0c      0x8  O_display.o [1]
  .rodata              const    0x00015e14      0x8  O_display.o [1]
  .rodata              const    0x00015e1c      0x8  O_display.o [1]
  .rodata              const    0x00015e24      0x8  O_display.o [1]
  .rodata              const    0x00015e2c      0x8  O_display.o [1]
  .rodata              const    0x00015e34      0x8  O_display.o [1]
  .rodata              const    0x00015e3c      0x8  O_display.o [1]
  .rodata              const    0x00015e44      0x8  O_display.o [1]
  .rodata              const    0x00015e4c      0x8  O_display.o [1]
  .rodata              const    0x00015e54      0x8  O_display.o [1]
  .rodata              const    0x00015e5c      0x4  O_display.o [1]
  .rodata              const    0x00015e60      0x4  O_display.o [1]
  .rodata              const    0x00015e64      0x4  O_display.o [1]
  .rodata              const    0x00015e68      0x4  O_display.o [1]
  .rodata              const    0x00015e6c      0x4  O_display.o [1]
  .rodata              const    0x00015e70      0x4  O_display.o [1]
  .rodata              const    0x00015e74      0x4  O_display.o [1]
  .rodata              const    0x00015e78      0x4  O_display.o [1]
  .rodata              const    0x00015e7c      0x4  O_display.o [1]
  .rodata              const    0x00015e80      0x4  O_display.o [1]
  .rodata              const    0x00015e84      0x4  O_display.o [1]
  .rodata              const    0x00015e88      0x4  O_display.o [1]
  .rodata              const    0x00015e8c      0x4  O_display.o [1]
  .rodata              const    0x00015e90      0x4  O_display.o [1]
  .rodata              const    0x00015e94      0x4  O_display.o [1]
  .rodata              const    0x00015e98      0x4  O_display.o [1]
  .rodata              const    0x00015e9c      0x4  O_display.o [1]
  .rodata              const    0x00015ea0      0x4  O_display.o [1]
  .rodata              const    0x00015ea4      0x4  O_display.o [1]
  .rodata              const    0x00015ea8      0x4  O_display.o [1]
  .rodata              const    0x00015eac      0x4  O_display.o [1]
  .rodata              const    0x00015eb0      0x4  O_display.o [1]
  .rodata              const    0x00015eb4      0x4  O_display.o [1]
  .rodata              const    0x00015eb8      0x4  O_display.o [1]
  .rodata              const    0x00015ebc      0x4  O_display.o [1]
  .rodata              const    0x00015ec0      0x4  O_display.o [1]
  .rodata              const    0x00015ec4      0x4  O_display.o [1]
  .rodata              const    0x00015ec8      0x4  O_display.o [1]
  .rodata              const    0x00015ecc      0x4  O_display.o [1]
  .rodata              const    0x00015ed0      0x4  O_display.o [1]
  .rodata              const    0x00015ed4      0x4  O_display.o [1]
  .rodata              const    0x00015ed8      0x4  O_display.o [1]
  .rodata              const    0x00015edc      0x4  O_display.o [1]
  .rodata              const    0x00015ee0      0x4  O_display.o [1]
  .rodata              const    0x00015ee4      0x4  O_display.o [1]
  .rodata              const    0x00015ee8      0x4  O_display.o [1]
  .rodata              const    0x00015eec      0x4  O_display.o [1]
  .rodata              const    0x00015ef0      0x4  O_display.o [1]
  .rodata              const    0x00015ef4      0x4  O_display.o [1]
  .rodata              const    0x00015ef8      0x4  O_display.o [1]
  .rodata              const    0x00015efc      0x4  O_display.o [1]
  .rodata              const    0x00015f00      0x4  O_display.o [1]
  .rodata              const    0x00015f04      0x4  O_display.o [1]
  .rodata              const    0x00015f08      0x4  O_display.o [1]
  .rodata              const    0x00015f0c      0x4  O_display.o [1]
  .rodata              const    0x00015f10      0x4  O_display.o [1]
  .rodata              const    0x00015f14      0x4  O_display.o [1]
  .rodata              const    0x00015f18      0x4  O_display.o [1]
  .rodata              const    0x00015f1c      0x4  O_display.o [1]
  .rodata              const    0x00015f20      0x4  O_display.o [1]
  .rodata              const    0x00015f24      0x4  O_display.o [1]
  .rodata              const    0x00015f28      0x4  O_display.o [1]
  .rodata              const    0x00015f2c      0x4  O_display.o [1]
  .rodata              const    0x00015f30      0x4  O_display.o [1]
  .rodata              const    0x00015f34      0x4  O_display.o [1]
  .rodata              const    0x00015f38      0x4  O_display.o [1]
  .rodata              const    0x00015f3c      0x4  O_display.o [1]
  .rodata              const    0x00015f40      0x4  O_display.o [1]
  .rodata              const    0x00015f44      0x4  O_display.o [1]
  .rodata              const    0x00015f48      0x4  O_display.o [1]
  .rodata              const    0x00015f4c      0x4  O_display.o [1]
  .rodata              const    0x00015f50      0x4  O_display.o [1]
  .rodata              const    0x00015f54      0x4  O_display.o [1]
  .rodata              const    0x00015f58      0x4  O_display.o [1]
  .rodata              const    0x00015f5c      0x4  O_display.o [1]
  .rodata              const    0x00015f60      0x4  O_display.o [1]
  .rodata              const    0x00015f64      0x4  O_display.o [1]
  .rodata              const    0x00015f68      0x4  O_display.o [1]
  .rodata              const    0x00015f6c      0x4  O_display.o [1]
  .rodata              const    0x00015f70      0x4  O_display.o [1]
  .rodata              const    0x00015f74      0x4  O_display.o [1]
  .rodata              const    0x00015f78      0x4  O_display.o [1]
  .rodata              const    0x00015f7c      0x4  O_display.o [1]
  .rodata              const    0x00015f80      0x4  O_display.o [1]
  .rodata              const    0x00015f84      0x4  O_display.o [1]
  .rodata              const    0x00015f88      0x4  O_display.o [1]
  .rodata              const    0x00015f8c      0x4  O_display.o [1]
  .rodata              const    0x00015f90      0x4  O_display.o [1]
  .rodata              const    0x00015f94      0x4  O_display.o [1]
  .rodata              const    0x00015f98      0x4  O_display.o [1]
  .rodata              const    0x00015f9c      0x4  O_display.o [1]
  .rodata              const    0x00015fa0      0x4  O_display.o [1]
  .rodata              const    0x00015fa4      0x4  O_display.o [1]
  .rodata              const    0x00015fa8      0x4  O_display.o [1]
  .rodata              const    0x00015fac      0x4  O_display.o [1]
  .rodata              const    0x00015fb0      0x4  O_display.o [1]
  .rodata              const    0x00015fb4      0x4  O_display.o [1]
  .rodata              const    0x00015fb8      0x4  O_display.o [1]
  .rodata              const    0x00015fbc      0x4  O_display.o [1]
  .rodata              const    0x00015fc0      0x4  O_display.o [1]
  .rodata              const    0x00015fc4      0x4  O_display.o [1]
  .rodata              const    0x00015fc8      0x4  O_display.o [1]
  .rodata              const    0x00015fcc      0x4  O_display.o [1]
  .rodata              const    0x00015fd0      0x4  O_display.o [1]
  .rodata              const    0x00015fd4      0x4  O_display.o [1]
  .rodata              const    0x00015fd8      0x4  O_display.o [1]
  .rodata              const    0x00015fdc      0x4  O_display.o [1]
  .rodata              const    0x00015fe0      0x4  O_display.o [1]
  .rodata              const    0x00015fe4      0x4  O_display.o [1]
  .rodata              const    0x00015fe8      0x4  O_display.o [1]
  .rodata              const    0x00015fec      0x4  O_display.o [1]
  .rodata              const    0x00015ff0      0x4  O_display.o [1]
  .rodata              const    0x00015ff4      0x4  O_display.o [1]
  .rodata              const    0x00015ff8      0x4  O_display.o [1]
  .rodata              const    0x00015ffc      0x4  O_display.o [1]
  .rodata              const    0x00016000      0x4  O_display.o [1]
  .rodata              const    0x00016004      0x4  O_display.o [1]
  .rodata              const    0x00016008      0x4  O_display.o [1]
  .rodata              const    0x0001600c      0x4  O_display.o [1]
  .rodata              const    0x00016010      0x4  O_display.o [1]
  .rodata              const    0x00016014      0x4  O_display.o [1]
  .rodata              const    0x00016018      0x4  O_display.o [1]
  .rodata              const    0x0001601c      0x4  O_display.o [1]
  .rodata              const    0x00016020      0x4  O_display.o [1]
  .rodata              const    0x00016024      0x4  O_display.o [1]
  .rodata              const    0x00016028      0x4  O_display.o [1]
  .rodata              const    0x0001602c      0x4  O_display.o [1]
  .rodata              const    0x00016030      0x4  O_display.o [1]
  .rodata              const    0x00016034      0x4  O_display.o [1]
  .rodata              const    0x00016038      0x4  O_display.o [1]
  .rodata              const    0x0001603c      0x4  O_display.o [1]
  .rodata              const    0x00016040      0x4  O_display.o [1]
  .rodata              const    0x00016044      0x4  O_display.o [1]
  .rodata              const    0x00016048      0x4  O_display.o [1]
  .rodata              const    0x0001604c      0x4  O_display.o [1]
  .rodata              const    0x00016050      0x4  O_display.o [1]
  .rodata              const    0x00016054      0x4  VCAN_LCD.o [1]
  .rodata              const    0x00016058      0x4  VCAN_LCD.o [1]
  .rodata              const    0x0001605c      0x4  VCAN_LCD.o [1]
  .rodata              const    0x00016060      0x4  VCAN_LCD.o [1]
  .rodata              const    0x00016064      0x4  VCAN_LCD_CH.o [1]
  Initializer bytes    ro data  0x00016068     0x88  <for P2 s0>
                              - 0x000160f0  0x15cd8

"P2":                                        0x7658
  .data                         0x1fff0410    0xff8  <Block>
    .data-1                     0x1fff0410    0xff8  <Init block>
      .data            inited   0x1fff0410      0x2  main.o [1]
      .data            inited   0x1fff0412      0x2  main.o [1]
      .data            inited   0x1fff0414      0x8  MK60_adc.o [1]
      .data            inited   0x1fff041c    0x708  MK60_conf.o [1]
      .data            inited   0x1fff0b24      0xc  MK60_ftm.o [1]
      .data            inited   0x1fff0b30     0x14  MK60_gpio.o [1]
      .data            inited   0x1fff0b44     0x44  MK60_mcg.o [1]
      .data            inited   0x1fff0b88      0x4  MK60_mcg.o [1]
      .data            inited   0x1fff0b8c     0x14  MK60_port.o [1]
      .data            inited   0x1fff0ba0     0x18  MK60_uart.o [1]
      .data            inited   0x1fff0bb8     0x48  O_dir.o [1]
      .data            inited   0x1fff0c00      0x1  O_display.o [1]
      .data            inited   0x1fff0c04      0x4  O_init_system.o [1]
      .data            inited   0x1fff0c08      0x1  O_menu_control.o [1]
      .data            inited   0x1fff0c0c      0x4  O_menu_control.o [1]
      .data            inited   0x1fff0c10      0x4  O_menu_control.o [1]
      .data            inited   0x1fff0c14      0x1  O_picture_deal.o [1]
      .data            inited   0x1fff0c18     0x48  O_picture_deal.o [1]
      .data            inited   0x1fff0c60    0x140  O_picture_deal.o [1]
      .data            inited   0x1fff0da0     0x40  VCAN_ASCII.o [1]
      .data            inited   0x1fff0de0     0x80  VCAN_ASCII.o [1]
      .data            inited   0x1fff0e60     0xa0  VCAN_ASCII.o [1]
      .data            inited   0x1fff0f00     0xa0  VCAN_ASCII.o [1]
      .data            inited   0x1fff0fa0     0xa0  VCAN_ASCII.o [1]
      .data            inited   0x1fff1040     0xa0  VCAN_ASCII.o [1]
      .data            inited   0x1fff10e0     0x60  VCAN_ASCII.o [1]
      .data            inited   0x1fff1140     0x60  VCAN_ASCII.o [1]
      .data            inited   0x1fff11a0     0x60  VCAN_ASCII.o [1]
      .data            inited   0x1fff1200     0xa0  VCAN_ASCII.o [1]
      .data            inited   0x1fff12a0      0x2  VCAN_camera.o [1]
      .data            inited   0x1fff12a4      0x8  VCAN_key.o [1]
      .data            inited   0x1fff12ac      0x2  VCAN_LCD_ST7735R.o [1]
      .data            inited   0x1fff12ae      0x2  VCAN_LCD_ST7735R.o [1]
      .data            inited   0x1fff12b0      0x4  VCAN_LED.o [1]
      .data            inited   0x1fff12b4      0x1  VCAN_OV7725_Eagle.o [1]
      .data            inited   0x1fff12b8     0x64  VCAN_OV7725_Eagle.o [1]
      .data            inited   0x1fff131c      0x1  VCAN_OV7725_Eagle.o [1]
      .data            inited   0x1fff1320     0x1c  VCAN_UI_VAR.o [1]
      .data            inited   0x1fff133c     0x8c  VCAN_UI_VAR.o [1]
      .data            inited   0x1fff13c8     0x40  xfiles.o [3]
  CodeRelocateRam               0x1fff1408    0x1c8  <Block>
    CodeRelocateRam-1           0x1fff1408    0x1c8  <Init block>
      Veneer           inited   0x1fff1408      0x8  - Linker created -
      Veneer           inited   0x1fff1410      0x8  - Linker created -
      .textrw          inited   0x1fff1418    0x168  MK60_flash.o [1]
      .textrw          inited   0x1fff1580     0x50  MK60_mcg.o [1]
  .bss                          0x1fff15d0   0x6410  <Block>
    .bss               zero     0x1fff15d0      0x4  main.o [1]
    .bss               zero     0x1fff15d4      0x4  main.o [1]
    .bss               zero     0x1fff15d8      0x4  main.o [1]
    .bss               zero     0x1fff15dc      0xc  main.o [1]
    .bss               zero     0x1fff15e8   0x4b00  main.o [1]
    .bss               zero     0x1fff60e8      0xc  MK60_ftm.o [1]
    .bss               zero     0x1fff60f4      0x4  O_dir.o [1]
    .bss               zero     0x1fff60f8      0x4  O_dir.o [1]
    .bss               zero     0x1fff60fc      0x4  O_dir.o [1]
    .bss               zero     0x1fff6100      0x4  O_dir.o [1]
    .bss               zero     0x1fff6104      0x4  O_dir.o [1]
    .bss               zero     0x1fff6108      0x4  O_dir.o [1]
    .bss               zero     0x1fff610c      0x4  O_dir.o [1]
    .bss               zero     0x1fff6110      0x8  O_dir.o [1]
    .bss               zero     0x1fff6118      0x4  O_dir.o [1]
    .bss               zero     0x1fff611c      0x4  O_dir.o [1]
    .bss               zero     0x1fff6120      0x4  O_dir.o [1]
    .bss               zero     0x1fff6124      0x4  O_dir.o [1]
    .bss               zero     0x1fff6128      0x4  O_dir.o [1]
    .bss               zero     0x1fff612c      0x4  O_dir.o [1]
    .bss               zero     0x1fff6130      0x4  O_dir.o [1]
    .bss               zero     0x1fff6134      0x4  O_dir.o [1]
    .bss               zero     0x1fff6138      0x4  O_dir.o [1]
    .bss               zero     0x1fff613c      0xc  O_display.o [1]
    .bss               zero     0x1fff6148      0xc  O_display.o [1]
    .bss               zero     0x1fff6154    0x984  O_init_system.o [1]
    .bss               zero     0x1fff6ad8      0x4  O_measure_distance.o [1]
    .bss               zero     0x1fff6adc      0x4  O_measure_distance.o [1]
    .bss               zero     0x1fff6ae0      0x4  O_measure_distance.o [1]
    .bss               zero     0x1fff6ae4      0x4  O_measure_distance.o [1]
    .bss               zero     0x1fff6ae8      0x4  O_measure_distance.o [1]
    .bss               zero     0x1fff6aec      0x4  O_measure_distance.o [1]
    .bss               zero     0x1fff6af0      0x4  O_menu_control.o [1]
    .bss               zero     0x1fff6af4      0x4  O_menu_control.o [1]
    .bss               zero     0x1fff6af8      0x4  O_menu_control.o [1]
    .bss               zero     0x1fff6afc      0x4  O_menu_control.o [1]
    .bss               zero     0x1fff6b00      0x4  O_menu_control.o [1]
    .bss               zero     0x1fff6b04      0x4  O_menu_control.o [1]
    .bss               zero     0x1fff6b08      0x4  O_menu_control.o [1]
    .bss               zero     0x1fff6b0c      0x4  O_menu_control.o [1]
    .bss               zero     0x1fff6b10      0x4  O_menu_control.o [1]
    .bss               zero     0x1fff6b14      0x4  O_menu_control.o [1]
    .bss               zero     0x1fff6b18     0x48  O_picture_deal.o [1]
    .bss               zero     0x1fff6b60     0x48  O_picture_deal.o [1]
    .bss               zero     0x1fff6ba8     0x48  O_picture_deal.o [1]
    .bss               zero     0x1fff6bf0     0x48  O_picture_deal.o [1]
    .bss               zero     0x1fff6c38     0x48  O_picture_deal.o [1]
    .bss               zero     0x1fff6c80    0x604  O_picture_deal.o [1]
    .bss               zero     0x1fff7284     0x8c  O_picture_deal.o [1]
    .bss               zero     0x1fff7310    0x118  O_picture_deal.o [1]
    .bss               zero     0x1fff7428    0x118  O_picture_deal.o [1]
    .bss               zero     0x1fff7540     0x8c  O_picture_deal.o [1]
    .bss               zero     0x1fff75cc     0x8c  O_picture_deal.o [1]
    .bss               zero     0x1fff7658     0x8c  O_picture_deal.o [1]
    .bss               zero     0x1fff76e4     0x8c  O_picture_deal.o [1]
    .bss               zero     0x1fff7770     0x8c  O_picture_deal.o [1]
    .bss               zero     0x1fff77fc     0x8c  O_picture_deal.o [1]
    .bss               zero     0x1fff7888      0x4  O_picture_deal.o [1]
    .bss               zero     0x1fff788c      0x4  O_picture_deal.o [1]
    .bss               zero     0x1fff7890      0x4  O_picture_deal.o [1]
    .bss               zero     0x1fff7894      0x4  O_picture_deal.o [1]
    .bss               zero     0x1fff7898      0x4  O_speed.o [1]
    .bss               zero     0x1fff789c      0x4  O_speed.o [1]
    .bss               zero     0x1fff78a0      0x4  O_speed.o [1]
    .bss               zero     0x1fff78a4      0x4  O_speed.o [1]
    .bss               zero     0x1fff78a8      0x4  O_speed.o [1]
    .bss               zero     0x1fff78ac      0x4  O_speed.o [1]
    .bss               zero     0x1fff78b0      0x4  O_speed.o [1]
    .bss               zero     0x1fff78b4      0x8  O_speed.o [1]
    .bss               zero     0x1fff78bc      0x8  O_speed.o [1]
    .bss               zero     0x1fff78c4      0x4  O_speed.o [1]
    .bss               zero     0x1fff78c8     0x10  O_speed.o [1]
    .bss               zero     0x1fff78d8      0x4  system_MK60DZ10.o [1]
    .bss               zero     0x1fff78dc      0x4  system_MK60DZ10.o [1]
    .bss               zero     0x1fff78e0      0x4  system_MK60DZ10.o [1]
    .bss               zero     0x1fff78e4     0x28  VCAN_key.o [1]
    .bss               zero     0x1fff790c      0x8  VCAN_key.o [1]
    .bss               zero     0x1fff7914      0x4  VCAN_LCD.o [1]
    .bss               zero     0x1fff7918      0x4  VCAN_OV7725_Eagle.o [1]
    .bss               zero     0x1fff791c     0x50  xfiles.o [3]
    .bss               zero     0x1fff796c      0x2  main.o [1]
    .bss               zero     0x1fff796e      0x2  main.o [1]
    .bss               zero     0x1fff7970      0x2  O_dir.o [1]
    .bss               zero     0x1fff7972      0x2  O_menu_control.o [1]
    .bss               zero     0x1fff7974      0x2  O_menu_control.o [1]
    .bss               zero     0x1fff7976      0x2  O_menu_control.o [1]
    .bss               zero     0x1fff7978      0x2  O_menu_control.o [1]
    .bss               zero     0x1fff797a      0x2  O_picture_deal.o [1]
    .bss               zero     0x1fff797c      0x2  O_picture_deal.o [1]
    .bss               zero     0x1fff797e      0x2  O_picture_deal.o [1]
    .bss               zero     0x1fff7980      0x2  O_picture_deal.o [1]
    .bss               zero     0x1fff7982      0x2  O_picture_deal.o [1]
    .bss               zero     0x1fff7984      0x2  O_picture_deal.o [1]
    .bss               zero     0x1fff7986      0x2  O_picture_deal.o [1]
    .bss               zero     0x1fff7988      0x2  O_picture_deal.o [1]
    .bss               zero     0x1fff798a      0x2  O_speed.o [1]
    .bss               zero     0x1fff798c      0x2  O_speed.o [1]
    .bss               zero     0x1fff798e      0x2  O_speed.o [1]
    .bss               zero     0x1fff7990      0x2  O_speed.o [1]
    .bss               zero     0x1fff7992      0x2  O_speed.o [1]
    .bss               zero     0x1fff7994      0x2  O_speed.o [1]
    .bss               zero     0x1fff7996      0x2  O_speed.o [1]
    .bss               zero     0x1fff7998      0x1  main.o [1]
    .bss               zero     0x1fff7999      0x1  main.o [1]
    .bss               zero     0x1fff799a      0x1  main.o [1]
    .bss               zero     0x1fff799b      0x1  main.o [1]
    .bss               zero     0x1fff799c      0x1  main.o [1]
    .bss               zero     0x1fff799d      0x1  main.o [1]
    .bss               zero     0x1fff799e      0x1  main.o [1]
    .bss               zero     0x1fff799f      0x1  main.o [1]
    .bss               zero     0x1fff79a0      0x1  main.o [1]
    .bss               zero     0x1fff79a1      0x1  main.o [1]
    .bss               zero     0x1fff79a2      0x1  O_dir.o [1]
    .bss               zero     0x1fff79a3      0x1  O_dir.o [1]
    .bss               zero     0x1fff79a4      0x1  O_display.o [1]
    .bss               zero     0x1fff79a5      0x1  O_display.o [1]
    .bss               zero     0x1fff79a6      0x1  O_isr.o [1]
    .bss               zero     0x1fff79a7      0x1  O_menu_control.o [1]
    .bss               zero     0x1fff79a8      0x1  O_menu_control.o [1]
    .bss               zero     0x1fff79a9      0x1  O_menu_control.o [1]
    .bss               zero     0x1fff79aa      0x1  O_picture_deal.o [1]
    .bss               zero     0x1fff79ab      0x1  O_picture_deal.o [1]
    .bss               zero     0x1fff79ac      0x1  O_picture_deal.o [1]
    .bss               zero     0x1fff79ad      0x1  O_picture_deal.o [1]
    .bss               zero     0x1fff79ae      0x1  O_picture_deal.o [1]
    .bss               zero     0x1fff79af      0x1  O_picture_deal.o [1]
    .bss               zero     0x1fff79b0      0x1  O_picture_deal.o [1]
    .bss               zero     0x1fff79b1      0x1  O_picture_deal.o [1]
    .bss               zero     0x1fff79b2      0x1  O_picture_deal.o [1]
    .bss               zero     0x1fff79b3      0x1  O_picture_deal.o [1]
    .bss               zero     0x1fff79b4      0x1  O_picture_deal.o [1]
    .bss               zero     0x1fff79b5      0x1  O_picture_deal.o [1]
    .bss               zero     0x1fff79b6      0x1  O_picture_deal.o [1]
    .bss               zero     0x1fff79b7      0x1  O_picture_deal.o [1]
    .bss               zero     0x1fff79b8      0x1  O_picture_deal.o [1]
    .bss               zero     0x1fff79b9      0x1  O_picture_deal.o [1]
    .bss               zero     0x1fff79ba      0x1  O_picture_deal.o [1]
    .bss               zero     0x1fff79bb      0x1  O_picture_deal.o [1]
    .bss               zero     0x1fff79bc      0x1  O_picture_deal.o [1]
    .bss               zero     0x1fff79bd      0x1  O_picture_deal.o [1]
    .bss               zero     0x1fff79be      0x1  O_picture_deal.o [1]
    .bss               zero     0x1fff79bf      0x1  O_picture_deal.o [1]
    .bss               zero     0x1fff79c0      0x1  O_picture_deal.o [1]
    .bss               zero     0x1fff79c1      0x1  O_picture_deal.o [1]
    .bss               zero     0x1fff79c2      0x1  O_picture_deal.o [1]
    .bss               zero     0x1fff79c3      0x1  O_picture_deal.o [1]
    .bss               zero     0x1fff79c4      0x1  O_picture_deal.o [1]
    .bss               zero     0x1fff79c5      0x1  O_picture_deal.o [1]
    .bss               zero     0x1fff79c6      0x1  O_picture_deal.o [1]
    .bss               zero     0x1fff79c7      0x1  O_picture_deal.o [1]
    .bss               zero     0x1fff79c8      0x1  O_picture_deal.o [1]
    .bss               zero     0x1fff79c9      0x1  O_picture_deal.o [1]
    .bss               zero     0x1fff79ca      0x1  O_picture_deal.o [1]
    .bss               zero     0x1fff79cb      0x1  O_picture_deal.o [1]
    .bss               zero     0x1fff79cc      0x1  O_picture_deal.o [1]
    .bss               zero     0x1fff79cd      0x1  O_picture_deal.o [1]
    .bss               zero     0x1fff79ce      0x1  O_picture_deal.o [1]
    .bss               zero     0x1fff79cf      0x1  O_picture_deal.o [1]
    .bss               zero     0x1fff79d0      0x1  O_picture_deal.o [1]
    .bss               zero     0x1fff79d1      0x1  VCAN_key.o [1]
    .bss               zero     0x1fff79d2      0x1  VCAN_key.o [1]
    .bss               zero     0x1fff79d3      0x1  VCAN_key.o [1]
    .bss               zero     0x1fff79d4      0x1  VCAN_key_event.o [1]
    .bss               zero     0x1fff79d5      0x1  VCAN_key_event.o [1]
    .bss               zero     0x1fff79d6      0x1  VCAN_key_event.o [1]
    .bss               zero     0x1fff79d7      0x1  VCAN_key_event.o [1]
    .bss               zero     0x1fff79d8      0x1  VCAN_key_event.o [1]
    .bss               zero     0x1fff79d9      0x1  VCAN_key_event.o [1]
    .bss               zero     0x1fff79da      0x1  VCAN_LCD_ST7735R.o [1]
    .bss               zero     0x1fff79db      0x1  VCAN_UI_VAR.o [1]
    .bss               zero     0x1fff79dc      0x1  VCAN_UI_VAR.o [1]
  P2 s0                         0x1fff79e0     0x88  <Init block>
    __DLIB_PERTHREAD   inited   0x1fff79e0     0x88  localeconv.o [3]
                              - 0x1fff7a68   0x7658


*******************************************************************************
*** INIT TABLE
***

          Address     Size
          -------     ----
Zero (__iar_zero_init3)
    1 destination range, total size 0x640d:
          0x1fff15d0  0x640d



*******************************************************************************
*** MODULE SUMMARY
***

    Module                 ro code  rw code  ro data  rw data
    ------                 -------  -------  -------  -------
D:\project\car\Prj\IAR\DZ10_Debug\Obj: [1]
    MK60_PIT.o                 348                36
    MK60_SysTick.o             100                40
    MK60_adc.o                 696                44        8
    MK60_conf.o                320             1 948    1 800
    MK60_dma.o                 644                36
    MK60_flash.o                        360      400
    MK60_ftm.o               1 272                48       24
    MK60_gpio.o                380                56       20
    MK60_mcg.o                 968       80      152       72
    MK60_port.o                176                20       20
    MK60_uart.o                588                60       24
    MK60_wdog.o                 64
    O_dir.o                  1 064                72      148
    O_display.o              5 200               585       27
    O_init_system.o          1 168                 7    2 440
    O_isr.o                    220                          1
    O_measure_distance.o       256                         24
    O_menu_control.o           292                12       60
    O_picture_deal.o        10 632               468    3 904
    O_speed.o                1 982                         78
    VCAN_ASCII.o                              35 584    1 280
    VCAN_LCD.o               2 236                16        4
    VCAN_LCD_CH.o              436                 4
    VCAN_LCD_ST7735R.o       7 192                48        5
    VCAN_LED.o                 112                 4        4
    VCAN_OV7725_Eagle.o        576               277      106
    VCAN_SCCB.o                866
    VCAN_UI_VAR.o              336               211      170
    VCAN_camera.o              284               124        2
    VCAN_key.o                 544                10       59
    VCAN_key_event.o         2 204                          6
    main.o                     112                 4   19 242
    misc.o                      80                32
    startup_MK60DZ10.o           8
    system_MK60DZ10.o          304                         12
    vectors.o                                  1 040
    ---------------------------------------------------------
    Total:                  41 660      440   41 338   29 540

command line: [2]
    ---------------------------------------------------------
    Total:

dl7M_tlf.a: [3]
    abs.o                        8
    div.o                       14
    exit.o                       4
    localeconv.o               108               136      136
    low_level_init.o             4
    printf.o                    36
    putchar.o                   12
    xfiles.o                                      64      144
    xprintflarge_nomb.o      3 054
    xprout.o                    22
    xtls.o                       2
    ---------------------------------------------------------
    Total:                   3 264               200      280

m7M_tl.a: [4]
    DblAdd.o                   232
    DblCmpLe.o                  46
    DblDiv.o                   582
    DblMul.o                   418
    DblSub.o                   384
    DblToFlt.o                 144
    DblToI32.o                  88
    FltAdd.o                   132
    FltCmpGe.o                  36
    FltCmpLe.o                  36
    FltDiv.o                   252
    FltMul.o                   216
    FltSub.o                   230
    FltToDbl.o                  78
    FltToS32.o                  68
    FltToU32.o                  36
    I32ToDbl.o                  48
    I32ToFlt.o                  50
    xdnorm.o                    66
    ---------------------------------------------------------
    Total:                   3 142

rt7M_tl.a: [5]
    ABImemcpy_unaligned.o      118
    I64DivMod.o                238
    I64DivZer.o                  2
    XXexit.o                    12
    cexit.o                     10
    cmain.o                     26
    cstartup_M.o                12
    data_init.o                 40
    memchr.o                    88
    strchr.o                    22
    strlen.o                    54
    zero_init3.o                34
    ---------------------------------------------------------
    Total:                     656

    Gaps                        32                         17
    Linker created              24       16       36
-------------------------------------------------------------
    Grand Total:            48 778      456   41 574   29 837


*******************************************************************************
*** ENTRY LIST
***

Entry                      Address    Size  Type      Object
-----                      -------    ----  ----      ------
.bss$$Base              0x1fff15d0           --   Gb  - Linker created -
.bss$$Limit             0x1fff79e0           --   Gb  - Linker created -
.data$$Base             0x1fff0410           --   Gb  - Linker created -
.data$$Limit            0x1fff1408           --   Gb  - Linker created -
.data_init$$Base        0x00010b3c           --   Gb  - Linker created -
.data_init$$Limit       0x00011b38           --   Gb  - Linker created -
?main                   0x00015d49          Code  Gb  cmain.o [5]
ADCN                    0x1fff0414     0x8  Data  Gb  MK60_adc.o [1]
ASSERT_FAILED_STR       0x00015bb8    0x24  Data  Gb  MK60_conf.o [1]
CAR_MODEL               0x1fff7998     0x1  Data  Gb  main.o [1]
Car_Speed_ave           0x1fff7990     0x2  Data  Gb  O_speed.o [1]
Car_Speed_average       0x1fff78c8    0x10  Data  Gb  O_speed.o [1]
CodeRelocate$$Base      0x00015208           --   Gb  - Linker created -
CodeRelocate$$Limit     0x000153d0           --   Gb  - Linker created -
CodeRelocateRam$$Base   0x1fff1408           --   Gb  - Linker created -
CodeRelocateRam$$Limit  0x1fff15d0           --   Gb  - Linker created -
DD_left                 0x1fff7770    0x8c  Data  Gb  O_picture_deal.o [1]
DD_mid_line_add         0x1fff797e     0x2  Data  Gb  O_picture_deal.o [1]
DD_right                0x1fff77fc    0x8c  Data  Gb  O_picture_deal.o [1]
DD_wide                 0x1fff76e4    0x8c  Data  Gb  O_picture_deal.o [1]
DJ_PID                  0x00014c91    0xc8  Code  Gb  O_dir.o [1]
DJ_protect              0x1fff78a4     0x4  Data  Gb  O_speed.o [1]
DMA0_IRQHandler         0x00015993     0x8  Code  Gb  O_isr.o [1]
D_left                  0x1fff7540    0x8c  Data  Gb  O_picture_deal.o [1]
D_real_wide             0x1fff7428   0x118  Data  Gb  O_picture_deal.o [1]
D_right                 0x1fff75cc    0x8c  Data  Gb  O_picture_deal.o [1]
D_wide                  0x1fff7658    0x8c  Data  Gb  O_picture_deal.o [1]
D_wide_add              0x1fff7888     0x4  Data  Gb  O_picture_deal.o [1]
Distance_Current_Pule   0x1fff798e     0x2  Data  Gb  O_speed.o [1]
FTMN                    0x1fff0b24     0xc  Data  Gb  MK60_ftm.o [1]
FTM_port_mux            0x00012db5   0x118  Code  Lc  MK60_ftm.o [1]
GPIOX                   0x1fff0b30    0x14  Data  Gb  MK60_gpio.o [1]
KEY_PTxn                0x1fff12a4     0x8  Data  Gb  VCAN_key.o [1]
KP2                     0x1fff78a8     0x4  Data  Gb  O_speed.o [1]
Kd                      0x1fff6100     0x4  Data  Gb  O_dir.o [1]
Kd2                     0x1fff78b0     0x4  Data  Gb  O_speed.o [1]
Ki2                     0x1fff78ac     0x4  Data  Gb  O_speed.o [1]
Kp                      0x1fff6124     0x4  Data  Gb  O_dir.o [1]
Kp1                     0x1fff60f8     0x4  Data  Gb  O_dir.o [1]
Kp2                     0x1fff60fc     0x4  Data  Gb  O_dir.o [1]
LCD_FChar_CH            0x00010965   0x12e  Code  Gb  VCAN_LCD_CH.o [1]
LCD_FStr_CH             0x00010aad    0x6c  Code  Gb  VCAN_LCD_CH.o [1]
LCD_Img_Binary_My       0x0000b30b   0x156  Code  Gb  VCAN_LCD.o [1]
LCD_Img_RGB565_Z        0x0000b4ed   0x13c  Code  Gb  VCAN_LCD.o [1]
LCD_ST7735R_dir         0x0000d0bf   0xa0c  Code  Gb  VCAN_LCD_ST7735R.o [1]
LCD_ST7735R_init        0x0000c101   0xfbe  Code  Gb  VCAN_LCD_ST7735R.o [1]
LCD_ST7735R_ptlon       0x0000dae1   0x208  Code  Gb  VCAN_LCD_ST7735R.o [1]
LCD_char                0x0000b7df   0x19e  Code  Gb  VCAN_LCD.o [1]
LCD_clear               0x0000b6f9    0x28  Code  Gb  VCAN_LCD.o [1]
LCD_init                0x0000b2e1    0x2a  Code  Gb  VCAN_LCD.o [1]
LCD_line                0x0000b461    0x8c  Code  Gb  VCAN_LCD.o [1]
LCD_num                 0x0000b9e5    0x88  Code  Gb  VCAN_LCD.o [1]
LCD_num_BC              0x0000ba6d    0xfe  Code  Gb  VCAN_LCD.o [1]
LCD_point               0x0000b721    0xbe  Code  Gb  VCAN_LCD.o [1]
LCD_rectangle           0x0000b629    0xd0  Code  Gb  VCAN_LCD.o [1]
LCD_show                0x0000f565    0x84  Code  Gb  O_display.o [1]
LCD_str                 0x0000b97d    0x68  Code  Gb  VCAN_LCD.o [1]
LED_PTxn                0x1fff12b0     0x4  Data  Gb  VCAN_LED.o [1]
LoadInt                 0x0000e40f    0x6e  Code  Lc  xprintflarge_nomb.o [3]
MAX_dir_duty            0x1fff6108     0x4  Data  Gb  O_dir.o [1]
MID_dir_duty            0x1fff6104     0x4  Data  Gb  O_dir.o [1]
MIN_dir_duty            0x1fff610c     0x4  Data  Gb  O_dir.o [1]
Mid_duty                0x1fff60f4     0x4  Data  Gb  O_dir.o [1]
Motor_En                0x1fff79a7     0x1  Data  Gb  O_menu_control.o [1]
NVIC_DisableIRQ         0x00014009    0x14  Code  Lc  VCAN_OV7725_Eagle.o [1]
NVIC_EnableIRQ          0x000138d1    0x16  Code  Lc  O_init_system.o [1]
NVIC_EnableIRQ          0x00013ff5    0x14  Code  Lc  VCAN_OV7725_Eagle.o [1]
NVIC_SetPriority        0x000138e7    0x2a  Code  Lc  O_init_system.o [1]
NVIC_SetPriorityGrouping
                        0x000138ad    0x24  Code  Lc  O_init_system.o [1]
NVIC_SystemReset        0x0000b1a1    0x1a  Code  Lc  MK60_conf.o [1]
PIT0_IRQHandler         0x0001599b    0x14  Code  Gb  O_isr.o [1]
PIT2_IRQHandler         0x000158f1    0x80  Code  Gb  O_isr.o [1]
PORTA_IRQHandler        0x00015971    0x22  Code  Gb  O_isr.o [1]
PORTX                   0x1fff0b8c    0x14  Data  Gb  MK60_port.o [1]
Region$$Table$$Base     0x00015cd8           --   Gb  - Linker created -
Region$$Table$$Limit    0x00015ce8           --   Gb  - Linker created -
Reset_Handler           0x00000411          Code  Gb  startup_MK60DZ10.o [1]
SCCB_Ack                0x00014739    0x3c  Code  Lc  VCAN_SCCB.o [1]
SCCB_GPIO_init          0x0001467f    0x28  Code  Gb  VCAN_SCCB.o [1]
SCCB_NoAck              0x00014775    0x3c  Code  Lc  VCAN_SCCB.o [1]
SCCB_ReadByte           0x00014915    0x2c  Code  Gb  VCAN_SCCB.o [1]
SCCB_ReadByte_one       0x00014941    0x86  Code  Lc  VCAN_SCCB.o [1]
SCCB_ReceiveByte        0x00014841    0x54  Code  Lc  VCAN_SCCB.o [1]
SCCB_SendByte           0x000147fd    0x44  Code  Lc  VCAN_SCCB.o [1]
SCCB_Start              0x000146a7    0x5e  Code  Lc  VCAN_SCCB.o [1]
SCCB_Stop               0x00014705    0x34  Code  Lc  VCAN_SCCB.o [1]
SCCB_WaitAck            0x000147b1    0x4c  Code  Lc  VCAN_SCCB.o [1]
SCCB_WriteByte          0x000148a5    0x28  Code  Gb  VCAN_SCCB.o [1]
SCCB_WriteByte_one      0x000148cd    0x48  Code  Lc  VCAN_SCCB.o [1]
SCCB_delay              0x00014665    0x1a  Code  Lc  VCAN_SCCB.o [1]
SE_duty                 0x1fff611c     0x4  Data  Gb  O_dir.o [1]
ST7735R_get_h           0x0000dce9     0x6  Code  Gb  VCAN_LCD_ST7735R.o [1]
ST7735R_get_w           0x0000dcef     0x6  Code  Gb  VCAN_LCD_ST7735R.o [1]
Search_all_boundary     0x00009625   0x2d0  Code  Gb  O_picture_deal.o [1]
Spd_Dtc_Get             0x00012901   0x108  Code  Gb  O_speed.o [1]
System_time             0x1fff6af0     0x4  Data  Gb  O_menu_control.o [1]
Time_Commen             0x0001588b    0x36  Code  Gb  O_menu_control.o [1]
Time_En                 0x1fff0c08     0x1  Data  Gb  O_menu_control.o [1]
Total_distance          0x1fff78c4     0x4  Data  Gb  O_speed.o [1]
UARTN                   0x1fff0ba0    0x18  Data  Gb  MK60_uart.o [1]
X_change                0x1fff0c60   0x140  Data  Gb  O_picture_deal.o [1]
X_point                 0x1fff6bf0    0x48  Data  Gb  O_picture_deal.o [1]
Y_point                 0x1fff6c38    0x48  Data  Gb  O_picture_deal.o [1]
_GenldLargeNoMb         0x0000e805   0x236  Code  Lc  xprintflarge_nomb.o [3]
_LdtobLargeNoMb         0x0000e585   0x27a  Code  Lc  xprintflarge_nomb.o [3]
_LitobLargeNoMb         0x0000e47d   0x106  Code  Lc  xprintflarge_nomb.o [3]
_Locale_aeabi_lconv     0x1fff7a30    0x38  Data  Gb  localeconv.o [3]
_Locale_lconv           0x1fff79e0    0x50  Data  Gb  localeconv.o [3]
_PrintfLargeNoMb        0x0000de95   0x574  Code  Gb  xprintflarge_nomb.o [3]
_Prout                  0x00015db5    0x16  Code  Gb  xprout.o [3]
_PutcharsLargeNoMb      0x0000ea3b    0x2e  Code  Lc  xprintflarge_nomb.o [3]
__BOOT_STACK_ADDRESS {Abs}
                        0x2000fff8           --   Gb  command line/config [2]
__VECTOR_RAM {Abs}      0x1fff0000           --   Gb  command line/config [2]
__VECTOR_TABLE {Abs}    0x00000000           --   Gb  command line/config [2]
__aeabi_cdcmple         0x0000ed85          Code  Gb  DblCmpLe.o [4]
__aeabi_cfcmple         0x00014e15          Code  Gb  FltCmpLe.o [4]
__aeabi_cfrcmple        0x00014df1          Code  Gb  FltCmpGe.o [4]
__aeabi_d2f             0x00012425          Code  Gb  DblToFlt.o [4]
__aeabi_d2iz            0x0000f1a1          Code  Gb  DblToI32.o [4]
__aeabi_d2uiz           0x0000f1cd          Code  Gb  DblToI32.o [4]
__aeabi_dadd            0x0000f429          Code  Gb  DblAdd.o [4]
__aeabi_ddiv            0x0000ef59          Code  Gb  DblDiv.o [4]
__aeabi_dmul            0x0000edb5          Code  Gb  DblMul.o [4]
__aeabi_dsub            0x0000f229          Code  Gb  DblSub.o [4]
__aeabi_f2d             0x000123d5          Code  Gb  FltToDbl.o [4]
__aeabi_f2iz            0x00012d71          Code  Gb  FltToS32.o [4]
__aeabi_f2uiz           0x00010b19          Code  Gb  FltToU32.o [4]
__aeabi_fadd            0x0000afb5          Code  Gb  FltAdd.o [4]
__aeabi_fdiv            0x00012c75          Code  Gb  FltDiv.o [4]
__aeabi_fmul            0x0000adf5          Code  Gb  FltMul.o [4]
__aeabi_fsub            0x0000aecd          Code  Gb  FltSub.o [4]
__aeabi_i2d             0x0000f1f9          Code  Gb  I32ToDbl.o [4]
__aeabi_i2f             0x0000ada1          Code  Gb  I32ToFlt.o [4]
__aeabi_ldiv0           0x0000f425          Code  Gb  I64DivZer.o [5]
__aeabi_ui2d            0x0000f20d          Code  Gb  I32ToDbl.o [4]
__aeabi_ui2f            0x0000adb5          Code  Gb  I32ToFlt.o [4]
__aeabi_uldivmod        0x0000ebdd          Code  Gb  I64DivMod.o [5]
__cmain                 0x00015d49          Code  Gb  cmain.o [5]
__code_start__ {Abs}    0x00000410           --   Gb  command line/config [2]
__exit                  0x00015d79          Code  Gb  XXexit.o [5]
__iar_Dnorm             0x0000ed43    0x42  Code  Gb  xdnorm.o [4]
__iar_Locale_lconv_init
                        0x0000f3a9    0x3a  Code  Gb  localeconv.o [3]
__iar_Memchr            0x0000eb85          Code  Gb  memchr.o [5]
__iar_Stdout            0x1fff13c8    0x40  Data  Gb  xfiles.o [3]
__iar_Strchr            0x0000eb35          Code  Gb  strchr.o [5]
__iar_d2uiz             0x0000f1d9          Code  Gb  DblToI32.o [4]
__iar_dadd              0x0000f43d          Code  Gb  DblAdd.o [4]
__iar_data_init3        0x00015b6d    0x28  Code  Gb  data_init.o [5]
__iar_dlib_perthread_access
                        0x0000f511     0x2  Code  Gb  xtls.o [3]
__iar_dsub              0x0000f23d          Code  Gb  DblSub.o [4]
__iar_dsubStart         0x0000f24f          Code  Gb  DblSub.o [4]
__iar_fadd              0x0000afc5          Code  Gb  FltAdd.o [4]
__iar_fsub              0x0000aedd          Code  Gb  FltSub.o [4]
__iar_fsubStart         0x0000aeed          Code  Gb  FltSub.o [4]
__iar_program_start     0x00015e01          Code  Gb  cstartup_M.o [5]
__iar_ui2d              0x0000f211          Code  Gb  I32ToDbl.o [4]
__iar_ui2f              0x0000adb9          Code  Gb  I32ToFlt.o [4]
__iar_unaligned___aeabi_memcpy
                        0x0000eccd          Code  Gb  ABImemcpy_unaligned.o [5]
__iar_unaligned___aeabi_memcpy4
                        0x0000eced          Code  Gb  ABImemcpy_unaligned.o [5]
__iar_unaligned___aeabi_memcpy8
                        0x0000eced          Code  Gb  ABImemcpy_unaligned.o [5]
__iar_zero_init3        0x0000add3    0x22  Code  Gb  zero_init3.o [5]
__low_level_init        0x00015d63     0x4  Code  Gb  low_level_init.o [3]
__vector_table          0x00000000   0x410  Data  Gb  vectors.o [1]
_call_main              0x00015d55          Code  Gb  cmain.o [5]
_exit                   0x00015d6d          Code  Gb  cexit.o [5]
_main                   0x00015d5f          Code  Gb  cmain.o [5]
abs                     0x0000b039     0x8  Code  Gb  abs.o [3]
adc_init                0x00013d3d   0x20e  Code  Gb  MK60_adc.o [1]
adc_once                0x00013f4b    0x50  Code  Gb  MK60_adc.o [1]
adc_start               0x00013f9b    0x44  Code  Lc  MK60_adc.o [1]
all_normal_count        0x1fff79b3     0x1  Data  Gb  O_picture_deal.o [1]
all_normal_count_huan   0x1fff79b4     0x1  Data  Gb  O_picture_deal.o [1]
ascii_8x16              0x000132ac   0x600  Data  Gb  VCAN_ASCII.o [1]
assert_failed           0x0000b1bb    0x26  Code  Gb  MK60_conf.o [1]
bat_voltage_measure     0x000157cd    0xbe  Code  Gb  O_menu_control.o [1]
bmp                     0x1fff6148     0xc  Data  Gb  O_display.o [1]
bmp_display             0x0000f521    0x26  Code  Gb  O_display.o [1]
bmp_init                0x0000f515     0xc  Code  Gb  O_display.o [1]
boma                    0x1fff6afc     0x4  Data  Gb  O_menu_control.o [1]
break_menu              0x1fff0de0    0x80  Data  Gb  VCAN_ASCII.o [1]
budiu                   0x1fff79b8     0x1  Data  Gb  O_picture_deal.o [1]
bus_clk_khz             0x1fff78e0     0x4  Data  Gb  system_MK60DZ10.o [1]
camera_boundary         0x1fff12a0     0x2  Data  Gb  VCAN_camera.o [1]
camera_zhenshu          0x1fff6b04     0x4  Data  Gb  O_menu_control.o [1]
car_ctrl                0x1fff79db     0x1  Data  Lc  VCAN_UI_VAR.o [1]
chao_one                0x1fff799f     0x1  Data  Gb  main.o [1]
chao_one2               0x1fff79a0     0x1  Data  Gb  main.o [1]
color                   0x1fff613c     0xc  Data  Gb  O_display.o [1]
color_change            0x000106d9    0x7a  Code  Gb  O_display.o [1]
color_init              0x00010775    0x3e  Code  Gb  O_display.o [1]
common_startup          0x0001542f    0x98  Code  Gb  system_MK60DZ10.o [1]
core_clk_khz            0x1fff78d8     0x4  Data  Gb  system_MK60DZ10.o [1]
core_clk_mhz            0x1fff78dc     0x4  Data  Gb  system_MK60DZ10.o [1]
cut_1                   0x1fff799d     0x1  Data  Gb  main.o [1]
cut_2                   0x1fff799e     0x1  Data  Gb  main.o [1]
deal_key_down           0x0001229b    0xa4  Code  Gb  VCAN_key_event.o [1]
deal_key_event          0x00011b43    0xd8  Code  Gb  VCAN_key_event.o [1]
deal_key_left           0x00011eaf   0x1ba  Code  Gb  VCAN_key_event.o [1]
deal_key_right          0x00012069   0x184  Code  Gb  VCAN_key_event.o [1]
deal_key_select         0x00011c1b   0x294  Code  Gb  VCAN_key_event.o [1]
deal_key_up             0x000121ed    0xae  Code  Gb  VCAN_key_event.o [1]
default_isr             0x0000b28f    0x30  Code  Gb  MK60_conf.o [1]
dianya                  0x1fff7974     0x2  Data  Gb  O_menu_control.o [1]
didianya                0x1fff1200    0xa0  Data  Gb  VCAN_ASCII.o [1]
display_zs              0x1fff79a8     0x1  Data  Gb  O_menu_control.o [1]
distance                0x00015a44    0x48  Data  Gb  O_picture_deal.o [1]
distance2               0x1fff0c18    0x48  Data  Gb  O_picture_deal.o [1]
div                     0x0000f415     0xe  Code  Gb  div.o [3]
dj_protect              0x00012c71     0x2  Code  Gb  O_speed.o [1]
dma_gpio_input_init     0x000143e1    0x5c  Code  Lc  MK60_dma.o [1]
dma_portx2buff_init     0x0001443d   0x1f4  Code  Gb  MK60_dma.o [1]
error                   0x1fff6128     0x4  Data  Gb  O_dir.o [1]
error_L                 0x1fff78bc     0x8  Data  Gb  O_speed.o [1]
error_R                 0x1fff78b4     0x8  Data  Gb  O_speed.o [1]
error_d                 0x1fff612c     0x4  Data  Gb  O_dir.o [1]
error_pre               0x1fff6130     0x4  Data  Gb  O_dir.o [1]
exit                    0x00015d67     0x4  Code  Gb  exit.o [3]
fache                   0x1fff79a4     0x1  Data  Gb  O_display.o [1]
fiag_huan               0x1fff79cf     0x1  Data  Gb  O_picture_deal.o [1]
fiag_huan_l             0x1fff79ce     0x1  Data  Gb  O_picture_deal.o [1]
fiag_huan_r             0x1fff79cd     0x1  Data  Gb  O_picture_deal.o [1]
flag                    0x1fff6adc     0x4  Data  Gb  O_measure_distance.o [1]
flag_didianya           0x1fff7976     0x2  Data  Gb  O_menu_control.o [1]
flag_key_l_u_0          0x1fff79d5     0x1  Data  Gb  VCAN_key_event.o [1]
flag_key_l_u_1          0x1fff79d6     0x1  Data  Gb  VCAN_key_event.o [1]
flag_key_l_u_2          0x1fff79d7     0x1  Data  Gb  VCAN_key_event.o [1]
flag_key_l_u_3          0x1fff79d8     0x1  Data  Gb  VCAN_key_event.o [1]
flag_key_l_u_4          0x1fff79d9     0x1  Data  Gb  VCAN_key_event.o [1]
flag_key_select         0x1fff79d4     0x1  Data  Gb  VCAN_key_event.o [1]
flash_cmd               0x1fff1419    0x20  Code  Gb  MK60_flash.o [1]
flash_erase_sector      0x1fff1469    0x58  Code  Gb  MK60_flash.o [1]
flash_init              0x1fff1439    0x30  Code  Gb  MK60_flash.o [1]
flash_write             0x1fff14c1    0x8e  Code  Gb  MK60_flash.o [1]
follow_huan             0x1fff79c4     0x1  Data  Gb  O_picture_deal.o [1]
fputc                   0x0000b1e1    0x14  Code  Gb  MK60_conf.o [1]
front_car               0x1fff799b     0x1  Data  Gb  main.o [1]
ftm_mod                 0x1fff60e8     0xc  Data  Lc  MK60_ftm.o [1]
ftm_pwm_duty            0x00013055    0xe2  Code  Gb  MK60_ftm.o [1]
ftm_pwm_init            0x00012ecd   0x188  Code  Gb  MK60_ftm.o [1]
ftm_quad_clean          0x00013269    0x28  Code  Gb  MK60_ftm.o [1]
ftm_quad_get            0x0001323d    0x2c  Code  Gb  MK60_ftm.o [1]
ftm_quad_init           0x00013137   0x106  Code  Gb  MK60_ftm.o [1]
get_key_msg             0x0000bfd9    0x62  Code  Gb  VCAN_key.o [1]
get_var                 0x0000b041    0x42  Code  Gb  VCAN_UI_VAR.o [1]
gpio_ddr                0x0000ddc7    0x52  Code  Gb  MK60_gpio.o [1]
gpio_get                0x0000de51    0x3a  Code  Gb  MK60_gpio.o [1]
gpio_init               0x0000dd19    0xae  Code  Gb  MK60_gpio.o [1]
gpio_turn               0x0000de19    0x38  Code  Gb  MK60_gpio.o [1]
h_jiao                  0x1fff79bf     0x1  Data  Gb  O_picture_deal.o [1]
h_jiao6                 0x1fff79c1     0x1  Data  Gb  O_picture_deal.o [1]
h_jiao_cnt              0x1fff79c3     0x1  Data  Gb  O_picture_deal.o [1]
h_jiao_x                0x1fff79c0     0x1  Data  Gb  O_picture_deal.o [1]
h_jiao_x6               0x1fff79c2     0x1  Data  Gb  O_picture_deal.o [1]
hehe                    0x1fff79aa     0x1  Data  Gb  O_picture_deal.o [1]
huan_along              0x0000aad1   0x2ac  Code  Gb  O_picture_deal.o [1]
huan_clear              0x0000a355   0x774  Code  Gb  O_picture_deal.o [1]
huan_judge              0x00009a45   0x894  Code  Gb  O_picture_deal.o [1]
huan_kuan               0x1fff79bb     0x1  Data  Gb  O_picture_deal.o [1]
huan_kuan1_l            0x1fff79bc     0x1  Data  Gb  O_picture_deal.o [1]
huan_kuan1_r            0x1fff79bd     0x1  Data  Gb  O_picture_deal.o [1]
huan_l_x                0x1fff79b9     0x1  Data  Gb  O_picture_deal.o [1]
huan_loca               0x1fff79be     0x1  Data  Gb  O_picture_deal.o [1]
huan_mark_end           0x000099a1    0x66  Code  Gb  O_picture_deal.o [1]
huan_mark_start         0x000098f5    0xac  Code  Gb  O_picture_deal.o [1]
huan_r_x                0x1fff79ba     0x1  Data  Gb  O_picture_deal.o [1]
img                     0x1fff15e8  0x4b00  Data  Gb  main.o [1]
img_extract1            0x000156b1   0x10a  Code  Gb  VCAN_camera.o [1]
imgbuff                 0x1fff0c04     0x4  Data  Gb  O_init_system.o [1]
init_canshu             0x00013911   0x1d0  Code  Gb  O_init_system.o [1]
init_sys                0x00013ae1   0x1c4  Code  Gb  O_init_system.o [1]
key_IRQHandler          0x0000c03b    0xae  Code  Gb  VCAN_key.o [1]
key_check               0x0000bf4d    0x2a  Code  Gb  VCAN_key.o [1]
key_event_init          0x00011b39     0xa  Code  Gb  VCAN_key_event.o [1]
key_flag_clear          0x1fff0c00     0x1  Data  Gb  O_display.o [1]
key_get                 0x0000bf33    0x1a  Code  Gb  VCAN_key.o [1]
key_init                0x0000bee1    0x52  Code  Gb  VCAN_key.o [1]
key_lcd_clear           0x0000f547    0x1e  Code  Gb  O_display.o [1]
key_msg                 0x1fff78e4    0x28  Data  Gb  VCAN_key.o [1]
key_msg_flag            0x1fff79d3     0x1  Data  Gb  VCAN_key.o [1]
key_msg_front           0x1fff79d1     0x1  Data  Gb  VCAN_key.o [1]
key_msg_rear            0x1fff79d2     0x1  Data  Gb  VCAN_key.o [1]
last_left_point         0x1fff6b18    0x48  Data  Gb  O_picture_deal.o [1]
last_lost_count         0x1fff79c5     0x1  Data  Gb  O_picture_deal.o [1]
last_mid                0x1fff7980     0x2  Data  Gb  O_picture_deal.o [1]
last_mid_line           0x1fff788c     0x4  Data  Gb  O_picture_deal.o [1]
last_mid_point          0x1fff6ba8    0x48  Data  Gb  O_picture_deal.o [1]
last_right_point        0x1fff6b60    0x48  Data  Gb  O_picture_deal.o [1]
lcd_show_0              0x0000f5e9   0x1aa  Code  Gb  O_display.o [1]
lcd_show_1              0x0000f7a1   0x1b0  Code  Gb  O_display.o [1]
lcd_show_2              0x0000f965   0x35e  Code  Gb  O_display.o [1]
lcd_show_3              0x0000fd61   0x53c  Code  Gb  O_display.o [1]
lcd_show_4              0x00010385   0x31c  Code  Gb  O_display.o [1]
lcd_show_5              0x000106ad    0x1c  Code  Gb  O_display.o [1]
led_init                0x0000bb9d    0x3a  Code  Gb  VCAN_LED.o [1]
led_turn                0x0000bbd7    0x32  Code  Gb  VCAN_LED.o [1]
left_add_point_count    0x1fff797a     0x2  Data  Gb  O_picture_deal.o [1]
left_first_lose         0x1fff79ca     0x1  Data  Gb  O_picture_deal.o [1]
left_first_lose_line_flag
                        0x1fff79c9     0x1  Data  Gb  O_picture_deal.o [1]
left_line_first         0x1fff79ac     0x1  Data  Gb  O_picture_deal.o [1]
left_line_first_flag    0x1fff79ae     0x1  Data  Gb  O_picture_deal.o [1]
left_lost_count         0x1fff79b1     0x1  Data  Gb  O_picture_deal.o [1]
leftval                 0x1fff6b10     0x4  Data  Gb  O_menu_control.o [1]
line                    0x1fff6c80   0x604  Data  Gb  O_picture_deal.o [1]
localeconv              0x0000f3e3    0x16  Code  Gb  localeconv.o [3]
lost_count              0x1fff79b0     0x1  Data  Gb  O_picture_deal.o [1]
main                    0x00015541    0x70  Code  Gb  main.o [1]
mcg_cfg                 0x1fff0b44    0x44  Data  Gb  MK60_mcg.o [1]
mcg_div                 0x1fff0b88     0x4  Data  Gb  MK60_mcg.o [1]
mcg_div_count           0x00014e41   0x2fa  Code  Gb  MK60_mcg.o [1]
measure_distance        0x000155b1   0x100  Code  Gb  O_measure_distance.o [1]
median_line_extract     0x00008419  0x11d6  Code  Gb  O_picture_deal.o [1]
memchr                  0x0000eb85          Code  Gb  memchr.o [5]
menu                    0x1fff0da0    0x40  Data  Gb  VCAN_ASCII.o [1]
mid_line                0x1fff6118     0x4  Data  Gb  O_dir.o [1]
mid_line_last           0x1fff6110     0x8  Data  Gb  O_dir.o [1]
motor_display           0x1fff0fa0    0xa0  Data  Gb  VCAN_ASCII.o [1]
nBitmapDot              0x00000418  0x8000  Data  Gb  VCAN_ASCII.o [1]
never_shi_zi_count      0x1fff79c8     0x1  Data  Gb  O_picture_deal.o [1]
new_tab                 0x1fff79dc     0x1  Data  Gb  VCAN_UI_VAR.o [1]
nextError               0x1fff7972     0x2  Data  Gb  O_menu_control.o [1]
nrf_tx_buff             0x1fff6154   0x984  Data  Gb  O_init_system.o [1]
num_info                0x1fff133c    0x8c  Data  Gb  VCAN_UI_VAR.o [1]
obuf                    0x1fff791c    0x50  Data  Lc  xfiles.o [3]
other_canshu            0x1fff1040    0xa0  Data  Gb  VCAN_ASCII.o [1]
ov7725_eagle_cfgnum     0x1fff131c     0x1  Data  Gb  VCAN_OV7725_Eagle.o [1]
ov7725_eagle_dma        0x000140d5    0x1e  Code  Gb  VCAN_OV7725_Eagle.o [1]
ov7725_eagle_get_img    0x000140f3    0x42  Code  Gb  VCAN_OV7725_Eagle.o [1]
ov7725_eagle_img_buff   0x1fff7918     0x4  Data  Gb  VCAN_OV7725_Eagle.o [1]
ov7725_eagle_img_flag   0x1fff12b4     0x1  Data  Gb  VCAN_OV7725_Eagle.o [1]
ov7725_eagle_init       0x0001401d    0x18  Code  Gb  VCAN_OV7725_Eagle.o [1]
ov7725_eagle_port_init  0x00014035    0x54  Code  Lc  VCAN_OV7725_Eagle.o [1]
ov7725_eagle_reg        0x1fff12b8    0x64  Data  Gb  VCAN_OV7725_Eagle.o [1]
ov7725_eagle_reg_init   0x00014135    0xb0  Code  Lc  VCAN_OV7725_Eagle.o [1]
ov7725_eagle_vsync      0x00014089    0x4c  Code  Gb  VCAN_OV7725_Eagle.o [1]
p1                      0x1fff0c0c     0x4  Data  Gb  O_menu_control.o [1]
p2                      0x1fff0c10     0x4  Data  Gb  O_menu_control.o [1]
page_down               0x1fff11a0    0x60  Data  Gb  VCAN_ASCII.o [1]
page_up                 0x1fff1140    0x60  Data  Gb  VCAN_ASCII.o [1]
pimg                    0x1fff7890     0x4  Data  Gb  O_picture_deal.o [1]
pit_init                0x00014235    0x6c  Code  Gb  MK60_PIT.o [1]
pit_time_get            0x0001431b    0x64  Code  Gb  MK60_PIT.o [1]
pit_time_start          0x000142a1    0x7a  Code  Gb  MK60_PIT.o [1]
pll_init                0x0001513b    0xb2  Code  Gb  MK60_mcg.o [1]
port_init               0x0000ea85    0x44  Code  Gb  MK60_port.o [1]
port_init_NoALT         0x0000eac9    0x62  Code  Gb  MK60_port.o [1]
printf                  0x0000bc0d    0x24  Code  Gb  printf.o [3]
putchar                 0x00015dcd     0xc  Code  Gb  putchar.o [3]
quan1                   0x1fff0bb8    0x48  Data  Gb  O_dir.o [1]
quan_dir_duty_new       0x00014a11   0x280  Code  Gb  O_dir.o [1]
real_wide               0x1fff7310   0x118  Data  Gb  O_picture_deal.o [1]
right_add_point_count   0x1fff797c     0x2  Data  Gb  O_picture_deal.o [1]
right_first_lose        0x1fff79cc     0x1  Data  Gb  O_picture_deal.o [1]
right_first_lose_line_flag
                        0x1fff79cb     0x1  Data  Gb  O_picture_deal.o [1]
right_line_first        0x1fff79ad     0x1  Data  Gb  O_picture_deal.o [1]
right_line_first_flag   0x1fff79af     0x1  Data  Gb  O_picture_deal.o [1]
right_lost_count        0x1fff79b2     0x1  Data  Gb  O_picture_deal.o [1]
rightval                0x1fff6b0c     0x4  Data  Gb  O_menu_control.o [1]
road_count_chao         0x1fff79b6     0x1  Data  Gb  O_picture_deal.o [1]
road_wide_count_huan    0x1fff79b5     0x1  Data  Gb  O_picture_deal.o [1]
s_distance              0x1fff6ae0     0x4  Data  Gb  O_measure_distance.o [1]
s_distance_l            0x1fff6ae4     0x4  Data  Gb  O_measure_distance.o [1]
s_distance_ll           0x1fff6ae8     0x4  Data  Gb  O_measure_distance.o [1]
s_distance_lll          0x1fff6aec     0x4  Data  Gb  O_measure_distance.o [1]
se_du                   0x1fff6120     0x4  Data  Gb  O_dir.o [1]
send_key_msg            0x0000bf77    0x62  Code  Gb  VCAN_key.o [1]
sequence                0x1fff79a1     0x1  Data  Gb  main.o [1]
set_sys_dividers        0x1fff1581    0x50  Code  Gb  MK60_mcg.o [1]
set_vector_handler      0x000143b3    0x22  Code  Gb  misc.o [1]
sever                   0x1fff0f00    0xa0  Data  Gb  VCAN_ASCII.o [1]
shi_zi_count            0x1fff79c7     0x1  Data  Gb  O_picture_deal.o [1]
shi_zi_flag             0x1fff79c6     0x1  Data  Gb  O_picture_deal.o [1]
shizi_new               0x1fff7894     0x4  Data  Gb  O_picture_deal.o [1]
shua_one                0x1fff79a5     0x1  Data  Gb  O_display.o [1]
side                    0x1fff0e60    0xa0  Data  Gb  VCAN_ASCII.o [1]
single_in               0x1fff79ab     0x1  Data  Gb  O_picture_deal.o [1]
speed_input             0x00012a09   0x1b2  Code  Gb  O_speed.o [1]
speedaboutangle         0x1fff6af4     0x4  Data  Gb  O_menu_control.o [1]
speedaboutangle2        0x1fff6af8     0x4  Data  Gb  O_menu_control.o [1]
speedcontrol5           0x000124b5   0x44c  Code  Gb  O_speed.o [1]
speedwant               0x1fff15d0     0x4  Data  Gb  main.o [1]
speedwantB              0x1fff7898     0x4  Data  Gb  O_speed.o [1]
speedwantD              0x1fff789c     0x4  Data  Gb  O_speed.o [1]
speedwantD_set          0x1fff0410     0x2  Data  Gb  main.o [1]
speedwantE              0x1fff78a0     0x4  Data  Gb  O_speed.o [1]
speedwantE_set          0x1fff0412     0x2  Data  Gb  main.o [1]
speedwant_L             0x1fff798c     0x2  Data  Gb  O_speed.o [1]
speedwant_R             0x1fff798a     0x2  Data  Gb  O_speed.o [1]
sqrt_16                 0x000149c9    0x48  Code  Gb  O_dir.o [1]
sqrt_16_kp2             0x1fff7970     0x2  Data  Gb  O_dir.o [1]
st7735r_dir             0x1fff79da     0x1  Data  Gb  VCAN_LCD_ST7735R.o [1]
st7735r_h               0x1fff12ac     0x2  Data  Gb  VCAN_LCD_ST7735R.o [1]
st7735r_w               0x1fff12ae     0x2  Data  Gb  VCAN_LCD_ST7735R.o [1]
start                   0x000153d1    0x22  Code  Gb  system_MK60DZ10.o [1]
start_check             0x0000b1f5    0x9a  Code  Gb  MK60_conf.o [1]
start_go                0x1fff10e0    0x60  Data  Gb  VCAN_ASCII.o [1]
strchr                  0x0000eb35          Code  Gb  strchr.o [5]
strlen                  0x0000eb4d          Code  Gb  strlen.o [5]
sysinit                 0x000153f3    0x3c  Code  Gb  system_MK60DZ10.o [1]
systick_delay           0x0000bc31    0x36  Code  Gb  MK60_SysTick.o [1]
systick_delay_ms        0x0000bc67    0x18  Code  Gb  MK60_SysTick.o [1]
timevar                 0x1fff6ad8     0x4  Data  Gb  O_measure_distance.o [1]
tongbu                  0x1fff15dc     0xc  Data  Gb  main.o [1]
uart_init               0x0000bc95   0x218  Code  Gb  MK60_uart.o [1]
uart_putchar            0x0000bead    0x1a  Code  Gb  MK60_uart.o [1]
updata_var              0x0000b083    0x22  Code  Gb  VCAN_UI_VAR.o [1]
used_length             0x1fff0c14     0x1  Data  Gb  O_picture_deal.o [1]
var1                    0x1fff7999     0x1  Data  Gb  main.o [1]
var2                    0x1fff799a     0x1  Data  Gb  main.o [1]
var3                    0x1fff796c     0x2  Data  Gb  main.o [1]
var4                    0x1fff796e     0x2  Data  Gb  main.o [1]
var5                    0x1fff15d4     0x4  Data  Gb  main.o [1]
var6                    0x1fff15d8     0x4  Data  Gb  main.o [1]
var_addr                0x1fff1320    0x1c  Data  Gb  VCAN_UI_VAR.o [1]
var_display             0x0000b0a5    0xda  Code  Gb  VCAN_UI_VAR.o [1]
vector_str              0x1fff041c   0x708  Data  Gb  MK60_conf.o [1]
wdog_disable            0x00015501    0x16  Code  Gb  MK60_wdog.o [1]
wdog_unlock             0x00015517    0x20  Code  Lc  MK60_wdog.o [1]
weizhi_turn             0x1fff799c     0x1  Data  Gb  main.o [1]
wide                    0x1fff7284    0x8c  Data  Gb  O_picture_deal.o [1]
write_vtor              0x00014391    0x22  Code  Gb  misc.o [1]
xia_no                  0x1fff79b7     0x1  Data  Gb  O_picture_deal.o [1]
y                       0x1fff6b08     0x4  Data  Gb  O_menu_control.o [1]
zhenshu_count           0x1fff6b00     0x4  Data  Gb  O_menu_control.o [1]


[1] = D:\project\car\Prj\IAR\DZ10_Debug\Obj
[2] = command line
[3] = dl7M_tlf.a
[4] = m7M_tl.a
[5] = rt7M_tl.a

  48 778 bytes of readonly  code memory
     456 bytes of readwrite code memory
  41 574 bytes of readonly  data memory
  29 837 bytes of readwrite data memory

Errors: none
Warnings: none
