###############################################################################
#
# IAR ELF Linker V7.30.1.7746/W32 for ARM                 06/Apr/2017  19:49:02
# Copyright 2007-2014 IAR Systems AB.
#
#    Output file  =  D:\project\car\Prj\IAR\FN15_Debug\Exe\vcan_Kinetis.out
#    Map file     =  D:\project\car\Prj\IAR\FN15_Debug\List\vcan_Kinetis.map
#    Command line =  
#        D:\project\car\Prj\IAR\FN15_Debug\Obj\dir_control_zq.o
#        D:\project\car\Prj\IAR\FN15_Debug\Obj\diskio.o
#        D:\project\car\Prj\IAR\FN15_Debug\Obj\display_zq.o
#        D:\project\car\Prj\IAR\FN15_Debug\Obj\ff.o
#        D:\project\car\Prj\IAR\FN15_Debug\Obj\init_system_zq.o
#        D:\project\car\Prj\IAR\FN15_Debug\Obj\isr_control_zq.o
#        D:\project\car\Prj\IAR\FN15_Debug\Obj\main.o
#        D:\project\car\Prj\IAR\FN15_Debug\Obj\measure_distance_zq.o
#        D:\project\car\Prj\IAR\FN15_Debug\Obj\Menu_control.o
#        D:\project\car\Prj\IAR\FN15_Debug\Obj\misc.o
#        D:\project\car\Prj\IAR\FN15_Debug\Obj\MK60_adc.o
#        D:\project\car\Prj\IAR\FN15_Debug\Obj\MK60_can.o
#        D:\project\car\Prj\IAR\FN15_Debug\Obj\MK60_conf.o
#        D:\project\car\Prj\IAR\FN15_Debug\Obj\MK60_dac.o
#        D:\project\car\Prj\IAR\FN15_Debug\Obj\MK60_dma.o
#        D:\project\car\Prj\IAR\FN15_Debug\Obj\MK60_DWT.o
#        D:\project\car\Prj\IAR\FN15_Debug\Obj\MK60_flash.o
#        D:\project\car\Prj\IAR\FN15_Debug\Obj\MK60_flexbus.o
#        D:\project\car\Prj\IAR\FN15_Debug\Obj\MK60_ftm.o
#        D:\project\car\Prj\IAR\FN15_Debug\Obj\MK60_gpio.o
#        D:\project\car\Prj\IAR\FN15_Debug\Obj\MK60_i2c.o
#        D:\project\car\Prj\IAR\FN15_Debug\Obj\MK60_it.o
#        D:\project\car\Prj\IAR\FN15_Debug\Obj\MK60_lptmr.o
#        D:\project\car\Prj\IAR\FN15_Debug\Obj\MK60_mcg.o
#        D:\project\car\Prj\IAR\FN15_Debug\Obj\MK60_PIT.o
#        D:\project\car\Prj\IAR\FN15_Debug\Obj\MK60_port.o
#        D:\project\car\Prj\IAR\FN15_Debug\Obj\MK60_rtc.o
#        D:\project\car\Prj\IAR\FN15_Debug\Obj\MK60_sdhc.o
#        D:\project\car\Prj\IAR\FN15_Debug\Obj\MK60_spi.o
#        D:\project\car\Prj\IAR\FN15_Debug\Obj\MK60_SysTick.o
#        D:\project\car\Prj\IAR\FN15_Debug\Obj\MK60_uart.o
#        D:\project\car\Prj\IAR\FN15_Debug\Obj\MK60_usb.o
#        D:\project\car\Prj\IAR\FN15_Debug\Obj\MK60_wdog.o
#        D:\project\car\Prj\IAR\FN15_Debug\Obj\picture_deal_zq.o
#        D:\project\car\Prj\IAR\FN15_Debug\Obj\send_control_zq.o
#        D:\project\car\Prj\IAR\FN15_Debug\Obj\speedcontrol_zq.o
#        D:\project\car\Prj\IAR\FN15_Debug\Obj\startup_MK60DZ10.o
#        D:\project\car\Prj\IAR\FN15_Debug\Obj\system_MK60DZ10.o
#        D:\project\car\Prj\IAR\FN15_Debug\Obj\USB.o
#        D:\project\car\Prj\IAR\FN15_Debug\Obj\USB_CDC.o
#        D:\project\car\Prj\IAR\FN15_Debug\Obj\VCAN_ASCII.o
#        D:\project\car\Prj\IAR\FN15_Debug\Obj\VCAN_BMP.o
#        D:\project\car\Prj\IAR\FN15_Debug\Obj\VCAN_camera.o
#        D:\project\car\Prj\IAR\FN15_Debug\Obj\VCAN_computer.o
#        D:\project\car\Prj\IAR\FN15_Debug\Obj\vcan_img2sd.o
#        D:\project\car\Prj\IAR\FN15_Debug\Obj\VCAN_key.o
#        D:\project\car\Prj\IAR\FN15_Debug\Obj\VCAN_key_event.o
#        D:\project\car\Prj\IAR\FN15_Debug\Obj\VCAN_LCD.o
#        D:\project\car\Prj\IAR\FN15_Debug\Obj\VCAN_LCD_CH.o
#        D:\project\car\Prj\IAR\FN15_Debug\Obj\VCAN_LCD_ILI9341.o
#        D:\project\car\Prj\IAR\FN15_Debug\Obj\VCAN_LCD_ST7735R.o
#        D:\project\car\Prj\IAR\FN15_Debug\Obj\VCAN_LCD_ST7735S.o
#        D:\project\car\Prj\IAR\FN15_Debug\Obj\VCAN_LED.o
#        D:\project\car\Prj\IAR\FN15_Debug\Obj\VCAN_MMA7455.o
#        D:\project\car\Prj\IAR\FN15_Debug\Obj\VCAN_NRF24L0.o
#        D:\project\car\Prj\IAR\FN15_Debug\Obj\VCAN_NRF24L0_MSG.o
#        D:\project\car\Prj\IAR\FN15_Debug\Obj\VCAN_OV7725_Eagle.o
#        D:\project\car\Prj\IAR\FN15_Debug\Obj\VCAN_OV7725_Wolf.o
#        D:\project\car\Prj\IAR\FN15_Debug\Obj\VCAN_RTC_count.o
#        D:\project\car\Prj\IAR\FN15_Debug\Obj\VCAN_SCCB.o
#        D:\project\car\Prj\IAR\FN15_Debug\Obj\vcan_sd_app.o
#        D:\project\car\Prj\IAR\FN15_Debug\Obj\Vcan_touch.o
#        D:\project\car\Prj\IAR\FN15_Debug\Obj\VCAN_TSL1401.o
#        D:\project\car\Prj\IAR\FN15_Debug\Obj\VCAN_UI_VAR.o
#        D:\project\car\Prj\IAR\FN15_Debug\Obj\vectors.o --redirect
#        _Printf=_PrintfLargeNoMb --redirect _Scanf=_ScanfLargeNoMb -o
#        D:\project\car\Prj\IAR\FN15_Debug\Exe\vcan_Kinetis.out --map
#        D:\project\car\Prj\IAR\FN15_Debug\List\vcan_Kinetis.map --config
#        "D:\project\car\Prj\IAR\config files\vcan_ROM_K60N1M.icf"
#        D:\project\car\Prj\IAR\..\..\Lib\CMSIS\iar_cortexM4l_math.a --entry
#        __iar_program_start --redirect __write=__write_buffered --vfe
#
###############################################################################

*******************************************************************************
*** RUNTIME MODEL ATTRIBUTES
***

CppFlavor       = *
__SystemLibrary = DLib


*******************************************************************************
*** PLACEMENT SUMMARY
***

"A1":  place at 0x00000000 { ro section .intvec };
"A2":  place at 0x00000410 { ro section .noinit };
"P1":  place in [from 0x00000000 to 0x00100000] { ro, block CodeRelocate };
"P2":  place in [from 0x1fff0410 to 0x20010000] {
          rw, block CodeRelocateRam, block CSTACK, block HEAP };

  Section              Kind        Address     Size  Object
  -------              ----        -------     ----  ------
"A1":                                         0x410
  .intvec              const    0x00000000    0x410  vectors.o [1]
                              - 0x00000410    0x410

"P1", part 1 of 2:                              0x0
  .rodata              const    0x00000410      0x0  zero_init3.o [5]

"A2":                                           0x8
  .noinit              ro code  0x00000410      0x8  startup_MK60DZ10.o [1]
                              - 0x00000418      0x8

"P1", part 2 of 2:                          0x12ddc
  .rodata              const    0x00000418   0x8000  VCAN_ASCII.o [1]
  .text                ro code  0x00008418   0x1c18  VCAN_LCD_ST7735R.o [1]
  .text                ro code  0x0000a030    0x12c  MK60_gpio.o [1]
  .text                ro code  0x0000a15c     0xb0  MK60_port.o [1]
  .text                ro code  0x0000a20c     0x64  MK60_SysTick.o [1]
  Veneer               ro code  0x0000a270      0x8  - Linker created -
  Veneer               ro code  0x0000a278      0x8  - Linker created -
  .text                ro code  0x0000a280    0x13c  MK60_conf.o [1]
  .text                ro code  0x0000a3bc     0x70  VCAN_LED.o [1]
  .text                ro code  0x0000a42c     0x24  printf.o [3]
  .text                ro code  0x0000a450    0x230  MK60_uart.o [1]
  .text                ro code  0x0000a680    0x214  VCAN_key.o [1]
  .text                ro code  0x0000a894    0xbee  xprintflarge_nomb.o [3]
  .text                ro code  0x0000b482     0x22  zero_init3.o [5]
  .text                ro code  0x0000b4a4     0x16  strchr.o [5]
  .rodata              const    0x0000b4ba      0x2  VCAN_camera.o [1]
  .text                ro code  0x0000b4bc     0x36  strlen.o [5]
  .text                ro code  0x0000b4f4     0x58  memchr.o [5]
  .text                ro code  0x0000b54c     0xee  I64DivMod.o [5]
  .text                ro code  0x0000b63c     0x76  ABImemcpy_unaligned.o [5]
  .text                ro code  0x0000b6b2     0x42  xdnorm.o [4]
  .text                ro code  0x0000b6f4     0x2e  DblCmpLe.o [4]
  .text                ro code  0x0000b724    0x1a2  DblMul.o [4]
  .text                ro code  0x0000b8c8    0x246  DblDiv.o [4]
  .text                ro code  0x0000bb10     0x2c  DblToI32.o [4]
  .text                ro code  0x0000bb3c     0x1c  I32ToDbl.o [4]
  .text                ro code  0x0000bb58    0x180  DblSub.o [4]
  .text                ro code  0x0000bcd8     0x6c  localeconv.o [3]
  .text                ro code  0x0000bd44      0xe  div.o [3]
  .text                ro code  0x0000bd54      0x2  I64DivZer.o [5]
  .text                ro code  0x0000bd58     0xd4  DblAdd.o [4]
  .text                ro code  0x0000be2c      0x2  xtls.o [3]
  .text                ro code  0x0000be30   0x14a0  picture_deal_zq.o [1]
  .text                ro code  0x0000d2d0      0x8  abs.o [3]
  .data_init                    0x0000d2d8    0xf28  <Block>
    Initializer bytes  ro data  0x0000d2d8    0xf28  <for .data-1>
  .text                ro code  0x0000e200    0xdec  display_zq.o [1]
  .text                ro code  0x0000efec    0x85c  VCAN_LCD.o [1]
  .text                ro code  0x0000f848    0x190  VCAN_LCD_CH.o [1]
  .rodata              const    0x0000f9d8    0x600  VCAN_ASCII.o [1]
  .text                ro code  0x0000ffd8    0x5d0  VCAN_key_event.o [1]
  .text                ro code  0x000105a8    0x248  VCAN_UI_VAR.o [1]
  .text                ro code  0x000107f0    0x154  VCAN_NRF24L0_MSG.o [1]
  .text                ro code  0x00010944    0x270  VCAN_NRF24L0.o [1]
  .text                ro code  0x00010bb4    0x290  MK60_spi.o [1]
  .text                ro code  0x00010e44     0xca  misc.o [1]
  .text                ro code  0x00010f10    0x450  MK60_ftm.o [1]
  Veneer               ro code  0x00011360      0x8  - Linker created -
  .text                ro code  0x00011368    0x3d4  MK60_mcg.o [1]
  .text                ro code  0x0001173c    0x360  VCAN_SCCB.o [1]
  .text                ro code  0x00011a9c    0x24c  MK60_dma.o [1]
  .text                ro code  0x00011ce8    0x228  VCAN_OV7725_Eagle.o [1]
  .text                ro code  0x00011f10    0x21c  MK60_adc.o [1]
  .text                ro code  0x0001212c    0x1e0  dir_control_zq.o [1]
  CodeRelocate                  0x0001230c    0x1ec  <Block>
    Initializer bytes  ro data  0x0001230c    0x1ec  <for CodeRelocateRam-1>
  .text                ro code  0x000124f8    0x190  init_system_zq.o [1]
  .text                ro code  0x00012688     0x7c  MK60_PIT.o [1]
  .text                ro code  0x00012704    0x124  main.o [1]
  .text                ro code  0x00012828     0xcc  VCAN_camera.o [1]
  .text                ro code  0x000128f4    0x11c  system_MK60DZ10.o [1]
  .text                ro code  0x00012a10     0x40  MK60_wdog.o [1]
  .text                ro code  0x00012a50     0x90  isr_control_zq.o [1]
  .rodata              const    0x00012ae0     0x78  VCAN_camera.o [1]
  .rodata              const    0x00012b58     0x48  picture_deal_zq.o [1]
  .rodata              const    0x00012ba0     0x3c  MK60_conf.o [1]
  .rodata              const    0x00012bdc     0x2c  VCAN_LCD_ST7735R.o [1]
  .rodata              const    0x00012c08     0x2c  VCAN_NRF24L0_MSG.o [1]
  .rodata              const    0x00012c34     0x28  MK60_flash.o [1]
  .rodata              const    0x00012c5c     0x28  MK60_SysTick.o [1]
  .rodata              const    0x00012c84     0x28  VCAN_UI_VAR.o [1]
  .text                ro code  0x00012cac     0x28  data_init.o [5]
  .rodata              const    0x00012cd4     0x24  MK60_adc.o [1]
  .rodata              const    0x00012cf8     0x24  MK60_conf.o [1]
  .rodata              const    0x00012d1c     0x24  MK60_dma.o [1]
  .rodata              const    0x00012d40     0x24  MK60_ftm.o [1]
  .rodata              const    0x00012d64     0x24  MK60_gpio.o [1]
  .rodata              const    0x00012d88     0x24  MK60_PIT.o [1]
  .rodata              const    0x00012dac     0x24  MK60_uart.o [1]
  .rodata              const    0x00012dd0     0x24  VCAN_OV7725_Eagle.o [1]
  .rodata              const    0x00012df4     0x24  VCAN_OV7725_Eagle.o [1]
  .text                ro code  0x00012e18     0x22  fpinit_M.o [4]
  .iar.init_table      const    0x00012e3c     0x10  - Linker created -
  .rodata              const    0x00012e4c     0x20  misc.o [1]
  .rodata              const    0x00012e6c     0x20  MK60_conf.o [1]
  .rodata              const    0x00012e8c     0x20  VCAN_OV7725_Eagle.o [1]
  .text                ro code  0x00012eac     0x1a  cmain.o [5]
  .text                ro code  0x00012ec6      0x4  low_level_init.o [3]
  .text                ro code  0x00012eca      0x4  exit.o [3]
  .text                ro code  0x00012ed0      0xa  cexit.o [5]
  .text                ro code  0x00012edc      0xc  XXexit.o [5]
  .rodata              const    0x00012ee8     0x18  VCAN_OV7725_Eagle.o [1]
  .rodata              const    0x00012f00     0x18  VCAN_OV7725_Eagle.o [1]
  .text                ro code  0x00012f18     0x16  xprout.o [3]
  .text                ro code  0x00012f30      0xc  putchar.o [3]
  .rodata              const    0x00012f3c     0x14  MK60_conf.o [1]
  .rodata              const    0x00012f50     0x14  VCAN_OV7725_Eagle.o [1]
  .rodata              const    0x00012f64     0x10  VCAN_NRF24L0_MSG.o [1]
  .text                ro code  0x00012f74      0xc  cstartup_M.o [5]
  .rodata              const    0x00012f80      0x8  display_zq.o [1]
  .rodata              const    0x00012f88      0x8  display_zq.o [1]
  .rodata              const    0x00012f90      0x8  display_zq.o [1]
  .rodata              const    0x00012f98      0x8  display_zq.o [1]
  .rodata              const    0x00012fa0      0x4  display_zq.o [1]
  .rodata              const    0x00012fa4      0x4  display_zq.o [1]
  .rodata              const    0x00012fa8      0x4  display_zq.o [1]
  .rodata              const    0x00012fac      0x4  display_zq.o [1]
  .rodata              const    0x00012fb0      0x4  display_zq.o [1]
  .rodata              const    0x00012fb4      0x4  display_zq.o [1]
  .rodata              const    0x00012fb8      0x4  display_zq.o [1]
  .rodata              const    0x00012fbc      0x4  display_zq.o [1]
  .rodata              const    0x00012fc0      0x4  display_zq.o [1]
  .rodata              const    0x00012fc4      0x4  display_zq.o [1]
  .rodata              const    0x00012fc8      0x4  display_zq.o [1]
  .rodata              const    0x00012fcc      0x4  display_zq.o [1]
  .rodata              const    0x00012fd0      0x4  display_zq.o [1]
  .rodata              const    0x00012fd4      0x4  display_zq.o [1]
  .rodata              const    0x00012fd8      0x4  display_zq.o [1]
  .rodata              const    0x00012fdc      0x4  display_zq.o [1]
  .rodata              const    0x00012fe0      0x4  display_zq.o [1]
  .rodata              const    0x00012fe4      0x4  display_zq.o [1]
  .rodata              const    0x00012fe8      0x4  display_zq.o [1]
  .rodata              const    0x00012fec      0x4  display_zq.o [1]
  .rodata              const    0x00012ff0      0x4  display_zq.o [1]
  .rodata              const    0x00012ff4      0x4  display_zq.o [1]
  .rodata              const    0x00012ff8      0x4  display_zq.o [1]
  .rodata              const    0x00012ffc      0x4  display_zq.o [1]
  .rodata              const    0x00013000      0x4  display_zq.o [1]
  .rodata              const    0x00013004      0x4  display_zq.o [1]
  .rodata              const    0x00013008      0x4  display_zq.o [1]
  .rodata              const    0x0001300c      0x4  display_zq.o [1]
  .rodata              const    0x00013010      0x4  display_zq.o [1]
  .rodata              const    0x00013014      0x4  display_zq.o [1]
  .rodata              const    0x00013018      0x4  display_zq.o [1]
  .rodata              const    0x0001301c      0x4  display_zq.o [1]
  .rodata              const    0x00013020      0x4  display_zq.o [1]
  .rodata              const    0x00013024      0x4  display_zq.o [1]
  .rodata              const    0x00013028      0x4  display_zq.o [1]
  .rodata              const    0x0001302c      0x4  display_zq.o [1]
  .rodata              const    0x00013030      0x4  display_zq.o [1]
  .rodata              const    0x00013034      0x4  display_zq.o [1]
  .rodata              const    0x00013038      0x4  display_zq.o [1]
  .rodata              const    0x0001303c      0x4  display_zq.o [1]
  .rodata              const    0x00013040      0x4  display_zq.o [1]
  .rodata              const    0x00013044      0x4  display_zq.o [1]
  .rodata              const    0x00013048      0x4  display_zq.o [1]
  .rodata              const    0x0001304c      0x4  display_zq.o [1]
  .rodata              const    0x00013050      0x4  display_zq.o [1]
  .rodata              const    0x00013054      0x4  display_zq.o [1]
  .rodata              const    0x00013058      0x4  display_zq.o [1]
  .rodata              const    0x0001305c      0x4  display_zq.o [1]
  .rodata              const    0x00013060      0x4  display_zq.o [1]
  .rodata              const    0x00013064      0x4  display_zq.o [1]
  .rodata              const    0x00013068      0x4  display_zq.o [1]
  .rodata              const    0x0001306c      0x4  display_zq.o [1]
  .rodata              const    0x00013070      0x4  display_zq.o [1]
  .rodata              const    0x00013074      0x4  display_zq.o [1]
  .rodata              const    0x00013078      0x4  display_zq.o [1]
  .rodata              const    0x0001307c      0x4  display_zq.o [1]
  .rodata              const    0x00013080      0x4  display_zq.o [1]
  .rodata              const    0x00013084      0x4  display_zq.o [1]
  .rodata              const    0x00013088      0x4  display_zq.o [1]
  .rodata              const    0x0001308c      0x4  display_zq.o [1]
  .rodata              const    0x00013090      0x4  display_zq.o [1]
  .rodata              const    0x00013094      0x4  display_zq.o [1]
  .rodata              const    0x00013098      0x4  display_zq.o [1]
  .rodata              const    0x0001309c      0x4  display_zq.o [1]
  .rodata              const    0x000130a0      0x4  display_zq.o [1]
  .rodata              const    0x000130a4      0x4  display_zq.o [1]
  .rodata              const    0x000130a8      0x4  display_zq.o [1]
  .rodata              const    0x000130ac      0x4  display_zq.o [1]
  .rodata              const    0x000130b0      0x4  display_zq.o [1]
  .rodata              const    0x000130b4      0x4  display_zq.o [1]
  .rodata              const    0x000130b8      0x4  display_zq.o [1]
  .rodata              const    0x000130bc      0x4  display_zq.o [1]
  .rodata              const    0x000130c0      0x4  display_zq.o [1]
  .rodata              const    0x000130c4      0x4  display_zq.o [1]
  .rodata              const    0x000130c8      0x4  display_zq.o [1]
  .rodata              const    0x000130cc      0x4  display_zq.o [1]
  .rodata              const    0x000130d0      0x4  display_zq.o [1]
  .rodata              const    0x000130d4      0x4  display_zq.o [1]
  .rodata              const    0x000130d8      0x4  display_zq.o [1]
  .rodata              const    0x000130dc      0x4  display_zq.o [1]
  .rodata              const    0x000130e0      0x4  display_zq.o [1]
  .rodata              const    0x000130e4      0x4  display_zq.o [1]
  .rodata              const    0x000130e8      0x4  display_zq.o [1]
  .rodata              const    0x000130ec      0x4  display_zq.o [1]
  .rodata              const    0x000130f0      0x4  display_zq.o [1]
  .rodata              const    0x000130f4      0x4  display_zq.o [1]
  .rodata              const    0x000130f8      0x4  display_zq.o [1]
  .rodata              const    0x000130fc      0x4  display_zq.o [1]
  .rodata              const    0x00013100      0x4  display_zq.o [1]
  .rodata              const    0x00013104      0x4  display_zq.o [1]
  .rodata              const    0x00013108      0x4  display_zq.o [1]
  .rodata              const    0x0001310c      0x4  display_zq.o [1]
  .rodata              const    0x00013110      0x4  display_zq.o [1]
  .rodata              const    0x00013114      0x4  display_zq.o [1]
  .rodata              const    0x00013118      0x4  display_zq.o [1]
  .rodata              const    0x0001311c      0x4  display_zq.o [1]
  .rodata              const    0x00013120      0x4  display_zq.o [1]
  .rodata              const    0x00013124      0x4  display_zq.o [1]
  .rodata              const    0x00013128      0x4  display_zq.o [1]
  .rodata              const    0x0001312c      0x4  display_zq.o [1]
  .rodata              const    0x00013130      0x4  display_zq.o [1]
  .rodata              const    0x00013134      0x4  display_zq.o [1]
  .rodata              const    0x00013138      0x4  display_zq.o [1]
  .rodata              const    0x0001313c      0x4  display_zq.o [1]
  .rodata              const    0x00013140      0x4  display_zq.o [1]
  .rodata              const    0x00013144      0x4  display_zq.o [1]
  .rodata              const    0x00013148      0x4  display_zq.o [1]
  .rodata              const    0x0001314c      0x4  display_zq.o [1]
  .rodata              const    0x00013150      0x4  display_zq.o [1]
  .rodata              const    0x00013154      0x4  display_zq.o [1]
  .rodata              const    0x00013158      0x4  VCAN_LCD.o [1]
  .rodata              const    0x0001315c      0x4  VCAN_LCD.o [1]
  .rodata              const    0x00013160      0x4  VCAN_LCD.o [1]
  .rodata              const    0x00013164      0x4  VCAN_LCD.o [1]
  .rodata              const    0x00013168      0x4  VCAN_LCD_CH.o [1]
  Initializer bytes    ro data  0x0001316c     0x88  <for P2 s0>
                              - 0x000131f4  0x12ddc

"P2":                                        0x8870
  .data                         0x1fff0410    0xf28  <Block>
    .data-1                     0x1fff0410    0xf28  <Init block>
      .data            inited   0x1fff0410     0x48  dir_control_zq.o [1]
      .data            inited   0x1fff0458      0x1  display_zq.o [1]
      .data            inited   0x1fff045c      0x4  init_system_zq.o [1]
      .data            inited   0x1fff0460    0x708  MK60_conf.o [1]
      .data            inited   0x1fff0b68     0x10  MK60_ftm.o [1]
      .data            inited   0x1fff0b78     0x14  MK60_gpio.o [1]
      .data            inited   0x1fff0b8c     0x58  MK60_mcg.o [1]
      .data            inited   0x1fff0be4      0x4  MK60_mcg.o [1]
      .data            inited   0x1fff0be8     0x14  MK60_port.o [1]
      .data            inited   0x1fff0bfc      0xc  MK60_spi.o [1]
      .data            inited   0x1fff0c08     0x18  MK60_uart.o [1]
      .data            inited   0x1fff0c20      0x1  picture_deal_zq.o [1]
      .data            inited   0x1fff0c24    0x140  picture_deal_zq.o [1]
      .data            inited   0x1fff0d64     0x40  VCAN_ASCII.o [1]
      .data            inited   0x1fff0da4     0x80  VCAN_ASCII.o [1]
      .data            inited   0x1fff0e24     0xa0  VCAN_ASCII.o [1]
      .data            inited   0x1fff0ec4     0xa0  VCAN_ASCII.o [1]
      .data            inited   0x1fff0f64     0xa0  VCAN_ASCII.o [1]
      .data            inited   0x1fff1004     0xa0  VCAN_ASCII.o [1]
      .data            inited   0x1fff10a4     0x60  VCAN_ASCII.o [1]
      .data            inited   0x1fff1104     0x60  VCAN_ASCII.o [1]
      .data            inited   0x1fff1164     0x60  VCAN_ASCII.o [1]
      .data            inited   0x1fff11c4      0x8  VCAN_key.o [1]
      .data            inited   0x1fff11cc      0x2  VCAN_LCD_ST7735R.o [1]
      .data            inited   0x1fff11ce      0x2  VCAN_LCD_ST7735R.o [1]
      .data            inited   0x1fff11d0      0x4  VCAN_LED.o [1]
      .data            inited   0x1fff11d4      0x8  VCAN_NRF24L0.o [1]
      .data            inited   0x1fff11dc      0x8  VCAN_NRF24L0.o [1]
      .data            inited   0x1fff11e4      0x1  VCAN_OV7725_Eagle.o [1]
      .data            inited   0x1fff11e8     0x64  VCAN_OV7725_Eagle.o [1]
      .data            inited   0x1fff124c      0x1  VCAN_OV7725_Eagle.o [1]
      .data            inited   0x1fff1250     0x1c  VCAN_UI_VAR.o [1]
      .data            inited   0x1fff126c     0x8c  VCAN_UI_VAR.o [1]
      .data            inited   0x1fff12f8     0x40  xfiles.o [3]
  CodeRelocateRam               0x1fff1338    0x1ec  <Block>
    CodeRelocateRam-1           0x1fff1338    0x1ec  <Init block>
      Veneer           inited   0x1fff1338      0x8  - Linker created -
      Veneer           inited   0x1fff1340      0x8  - Linker created -
      .textrw          inited   0x1fff1348    0x190  MK60_flash.o [1]
      .textrw          inited   0x1fff14d8     0x4c  MK60_mcg.o [1]
  .bss                          0x1fff1524   0x76d4  <Block>
    .bss               zero     0x1fff1524      0x8  dir_control_zq.o [1]
    .bss               zero     0x1fff152c      0x4  dir_control_zq.o [1]
    .bss               zero     0x1fff1530      0x4  dir_control_zq.o [1]
    .bss               zero     0x1fff1534      0x4  dir_control_zq.o [1]
    .bss               zero     0x1fff1538      0x4  dir_control_zq.o [1]
    .bss               zero     0x1fff153c      0x4  dir_control_zq.o [1]
    .bss               zero     0x1fff1540      0x4  dir_control_zq.o [1]
    .bss               zero     0x1fff1544      0x4  dir_control_zq.o [1]
    .bss               zero     0x1fff1548      0xc  display_zq.o [1]
    .bss               zero     0x1fff1554      0xc  display_zq.o [1]
    .bss               zero     0x1fff1560    0x984  init_system_zq.o [1]
    .bss               zero     0x1fff1ee4    0x984  init_system_zq.o [1]
    .bss               zero     0x1fff2868      0x4  main.o [1]
    .bss               zero     0x1fff286c      0x4  main.o [1]
    .bss               zero     0x1fff2870      0x4  main.o [1]
    .bss               zero     0x1fff2874   0x4b00  main.o [1]
    .bss               zero     0x1fff7374      0x4  Menu_control.o [1]
    .bss               zero     0x1fff7378      0x4  Menu_control.o [1]
    .bss               zero     0x1fff737c     0x10  MK60_ftm.o [1]
    .bss               zero     0x1fff738c     0x48  picture_deal_zq.o [1]
    .bss               zero     0x1fff73d4     0x48  picture_deal_zq.o [1]
    .bss               zero     0x1fff741c     0x48  picture_deal_zq.o [1]
    .bss               zero     0x1fff7464     0x48  picture_deal_zq.o [1]
    .bss               zero     0x1fff74ac     0x48  picture_deal_zq.o [1]
    .bss               zero     0x1fff74f4    0x604  picture_deal_zq.o [1]
    .bss               zero     0x1fff7af8     0x8c  picture_deal_zq.o [1]
    .bss               zero     0x1fff7b84    0x118  picture_deal_zq.o [1]
    .bss               zero     0x1fff7c9c    0x118  picture_deal_zq.o [1]
    .bss               zero     0x1fff7db4     0x8c  picture_deal_zq.o [1]
    .bss               zero     0x1fff7e40     0x8c  picture_deal_zq.o [1]
    .bss               zero     0x1fff7ecc     0x8c  picture_deal_zq.o [1]
    .bss               zero     0x1fff7f58     0x8c  picture_deal_zq.o [1]
    .bss               zero     0x1fff7fe4     0x8c  picture_deal_zq.o [1]
    .bss               zero     0x1fff8070     0x8c  picture_deal_zq.o [1]
    .bss               zero     0x1fff80fc      0x4  picture_deal_zq.o [1]
    .bss               zero     0x1fff8100      0x4  picture_deal_zq.o [1]
    .bss               zero     0x1fff8104      0x4  speedcontrol_zq.o [1]
    .bss               zero     0x1fff8108      0x4  system_MK60DZ10.o [1]
    .bss               zero     0x1fff810c      0x4  system_MK60DZ10.o [1]
    .bss               zero     0x1fff8110      0x4  system_MK60DZ10.o [1]
    .bss               zero     0x1fff8114     0x28  VCAN_key.o [1]
    .bss               zero     0x1fff813c      0x8  VCAN_key.o [1]
    .bss               zero     0x1fff8144      0x4  VCAN_LCD.o [1]
    .bss               zero     0x1fff8148    0xa00  VCAN_NRF24L0.o [1]
    .bss               zero     0x1fff8b48      0x4  VCAN_NRF24L0.o [1]
    .bss               zero     0x1fff8b4c      0x4  VCAN_NRF24L0.o [1]
    .bss               zero     0x1fff8b50     0x10  VCAN_NRF24L0_MSG.o [1]
    .bss               zero     0x1fff8b60      0x4  VCAN_OV7725_Eagle.o [1]
    .bss               zero     0x1fff8b64      0x4  VCAN_UI_VAR.o [1]
    .bss               zero     0x1fff8b68     0x50  xfiles.o [3]
    .bss               zero     0x1fff8bb8      0x2  main.o [1]
    .bss               zero     0x1fff8bba      0x2  main.o [1]
    .bss               zero     0x1fff8bbc      0x2  picture_deal_zq.o [1]
    .bss               zero     0x1fff8bbe      0x2  picture_deal_zq.o [1]
    .bss               zero     0x1fff8bc0      0x2  picture_deal_zq.o [1]
    .bss               zero     0x1fff8bc2      0x2  picture_deal_zq.o [1]
    .bss               zero     0x1fff8bc4      0x2  picture_deal_zq.o [1]
    .bss               zero     0x1fff8bc6      0x2  picture_deal_zq.o [1]
    .bss               zero     0x1fff8bc8      0x2  picture_deal_zq.o [1]
    .bss               zero     0x1fff8bca      0x2  picture_deal_zq.o [1]
    .bss               zero     0x1fff8bcc      0x1  display_zq.o [1]
    .bss               zero     0x1fff8bcd      0x1  isr_control_zq.o [1]
    .bss               zero     0x1fff8bce      0x1  main.o [1]
    .bss               zero     0x1fff8bcf      0x1  main.o [1]
    .bss               zero     0x1fff8bd0      0x1  Menu_control.o [1]
    .bss               zero     0x1fff8bd1      0x1  picture_deal_zq.o [1]
    .bss               zero     0x1fff8bd2      0x1  picture_deal_zq.o [1]
    .bss               zero     0x1fff8bd3      0x1  picture_deal_zq.o [1]
    .bss               zero     0x1fff8bd4      0x1  picture_deal_zq.o [1]
    .bss               zero     0x1fff8bd5      0x1  picture_deal_zq.o [1]
    .bss               zero     0x1fff8bd6      0x1  picture_deal_zq.o [1]
    .bss               zero     0x1fff8bd7      0x1  picture_deal_zq.o [1]
    .bss               zero     0x1fff8bd8      0x1  picture_deal_zq.o [1]
    .bss               zero     0x1fff8bd9      0x1  picture_deal_zq.o [1]
    .bss               zero     0x1fff8bda      0x1  picture_deal_zq.o [1]
    .bss               zero     0x1fff8bdb      0x1  picture_deal_zq.o [1]
    .bss               zero     0x1fff8bdc      0x1  picture_deal_zq.o [1]
    .bss               zero     0x1fff8bdd      0x1  picture_deal_zq.o [1]
    .bss               zero     0x1fff8bde      0x1  picture_deal_zq.o [1]
    .bss               zero     0x1fff8bdf      0x1  picture_deal_zq.o [1]
    .bss               zero     0x1fff8be0      0x1  picture_deal_zq.o [1]
    .bss               zero     0x1fff8be1      0x1  picture_deal_zq.o [1]
    .bss               zero     0x1fff8be2      0x1  picture_deal_zq.o [1]
    .bss               zero     0x1fff8be3      0x1  picture_deal_zq.o [1]
    .bss               zero     0x1fff8be4      0x1  picture_deal_zq.o [1]
    .bss               zero     0x1fff8be5      0x1  speedcontrol_zq.o [1]
    .bss               zero     0x1fff8be6      0x1  VCAN_key.o [1]
    .bss               zero     0x1fff8be7      0x1  VCAN_key.o [1]
    .bss               zero     0x1fff8be8      0x1  VCAN_key.o [1]
    .bss               zero     0x1fff8be9      0x1  VCAN_key_event.o [1]
    .bss               zero     0x1fff8bea      0x1  VCAN_key_event.o [1]
    .bss               zero     0x1fff8beb      0x1  VCAN_key_event.o [1]
    .bss               zero     0x1fff8bec      0x1  VCAN_key_event.o [1]
    .bss               zero     0x1fff8bed      0x1  VCAN_key_event.o [1]
    .bss               zero     0x1fff8bee      0x1  VCAN_key_event.o [1]
    .bss               zero     0x1fff8bef      0x1  VCAN_LCD_ST7735R.o [1]
    .bss               zero     0x1fff8bf0      0x1  VCAN_NRF24L0.o [1]
    .bss               zero     0x1fff8bf1      0x1  VCAN_NRF24L0.o [1]
    .bss               zero     0x1fff8bf2      0x1  VCAN_NRF24L0.o [1]
    .bss               zero     0x1fff8bf3      0x1  VCAN_NRF24L0.o [1]
    .bss               zero     0x1fff8bf4      0x1  VCAN_NRF24L0.o [1]
    .bss               zero     0x1fff8bf5      0x1  VCAN_UI_VAR.o [1]
    .bss               zero     0x1fff8bf6      0x1  VCAN_UI_VAR.o [1]
  P2 s0                         0x1fff8bf8     0x88  <Init block>
    __DLIB_PERTHREAD   inited   0x1fff8bf8     0x88  localeconv.o [3]
                              - 0x1fff8c80   0x8870


*******************************************************************************
*** INIT TABLE
***

          Address     Size
          -------     ----
Zero (__iar_zero_init3)
    1 destination range, total size 0x76d3:
          0x1fff1524  0x76d3



*******************************************************************************
*** MODULE SUMMARY
***

    Module                 ro code  rw code  ro data  rw data
    ------                 -------  -------  -------  -------
D:\project\car\Prj\IAR\FN15_Debug\Obj: [1]
    MK60_PIT.o                 124                36
    MK60_SysTick.o             100                40
    MK60_adc.o                 540                36
    MK60_conf.o                316             1 948    1 800
    MK60_dma.o                 588                36
    MK60_flash.o                        400      440
    MK60_ftm.o               1 104                52       32
    MK60_gpio.o                300                56       20
    MK60_mcg.o                 980       76      168       92
    MK60_port.o                176                20       20
    MK60_spi.o                 656                12       12
    MK60_uart.o                560                60       24
    MK60_wdog.o                 64
    Menu_control.o                                          9
    VCAN_ASCII.o                              35 424    1 120
    VCAN_LCD.o               2 140                16        4
    VCAN_LCD_CH.o              400                 4
    VCAN_LCD_ST7735R.o       7 192                48        5
    VCAN_LED.o                 112                 4        4
    VCAN_NRF24L0.o             624                16    2 589
    VCAN_NRF24L0_MSG.o         340                60       16
    VCAN_OV7725_Eagle.o        552               277      106
    VCAN_SCCB.o                864
    VCAN_UI_VAR.o              584               211      174
    VCAN_camera.o              204               122
    VCAN_key.o                 532                 8       59
    VCAN_key_event.o         1 488                          6
    dir_control_zq.o           480                72      108
    display_zq.o             3 564               473       26
    init_system_zq.o           400                 7    4 876
    isr_control_zq.o           144                          1
    main.o                     292                     19 218
    misc.o                     202                32
    picture_deal_zq.o        5 280               396    3 805
    speedcontrol_zq.o                                       5
    startup_MK60DZ10.o           8
    system_MK60DZ10.o          284                         12
    vectors.o                                  1 040
    ---------------------------------------------------------
    Total:                  31 194      476   41 114   34 143

command line: [2]
    ---------------------------------------------------------
    Total:

dl7M_tlf.a: [3]
    abs.o                        8
    div.o                       14
    exit.o                       4
    localeconv.o               108               136      136
    low_level_init.o             4
    printf.o                    36
    putchar.o                   12
    xfiles.o                                      64      144
    xprintflarge_nomb.o      3 054
    xprout.o                    22
    xtls.o                       2
    ---------------------------------------------------------
    Total:                   3 264               200      280

m7M_tlv.a: [4]
    DblAdd.o                   212
    DblCmpLe.o                  46
    DblDiv.o                   582
    DblMul.o                   418
    DblSub.o                   384
    DblToI32.o                  44
    I32ToDbl.o                  28
    fpinit_M.o                  34
    xdnorm.o                    66
    ---------------------------------------------------------
    Total:                   1 814

rt7M_tl.a: [5]
    ABImemcpy_unaligned.o      118
    I64DivMod.o                238
    I64DivZer.o                  2
    XXexit.o                    12
    cexit.o                     10
    cmain.o                     26
    cstartup_M.o                12
    data_init.o                 40
    memchr.o                    88
    strchr.o                    22
    strlen.o                    54
    zero_init3.o                34
    ---------------------------------------------------------
    Total:                     656

    Gaps                        24                 2       12
    Linker created              24       16       32
-------------------------------------------------------------
    Grand Total:            36 976      492   41 348   34 435


*******************************************************************************
*** ENTRY LIST
***

Entry                      Address    Size  Type      Object
-----                      -------    ----  ----      ------
.bss$$Base              0x1fff1524           --   Gb  - Linker created -
.bss$$Limit             0x1fff8bf8           --   Gb  - Linker created -
.data$$Base             0x1fff0410           --   Gb  - Linker created -
.data$$Limit            0x1fff1338           --   Gb  - Linker created -
.data_init$$Base        0x0000d2d8           --   Gb  - Linker created -
.data_init$$Limit       0x0000e200           --   Gb  - Linker created -
?main                   0x00012ead          Code  Gb  cmain.o [5]
ASSERT_FAILED_STR       0x00012cf8    0x24  Data  Gb  MK60_conf.o [1]
CodeRelocate$$Base      0x0001230c           --   Gb  - Linker created -
CodeRelocate$$Limit     0x000124f8           --   Gb  - Linker created -
CodeRelocateRam$$Base   0x1fff1338           --   Gb  - Linker created -
CodeRelocateRam$$Limit  0x1fff1524           --   Gb  - Linker created -
DD_left                 0x1fff7fe4    0x8c  Data  Gb  picture_deal_zq.o [1]
DD_mid_line_add         0x1fff8bc0     0x2  Data  Gb  picture_deal_zq.o [1]
DD_right                0x1fff8070    0x8c  Data  Gb  picture_deal_zq.o [1]
DD_wide                 0x1fff7f58    0x8c  Data  Gb  picture_deal_zq.o [1]
DJ_protect              0x1fff8104     0x4  Data  Gb  speedcontrol_zq.o [1]
DMA0_IRQHandler         0x00012ab5     0x8  Code  Gb  isr_control_zq.o [1]
D_left                  0x1fff7db4    0x8c  Data  Gb  picture_deal_zq.o [1]
D_real_wide             0x1fff7c9c   0x118  Data  Gb  picture_deal_zq.o [1]
D_right                 0x1fff7e40    0x8c  Data  Gb  picture_deal_zq.o [1]
D_wide                  0x1fff7ecc    0x8c  Data  Gb  picture_deal_zq.o [1]
D_wide_add              0x1fff80fc     0x4  Data  Gb  picture_deal_zq.o [1]
FTMN                    0x1fff0b68    0x10  Data  Gb  MK60_ftm.o [1]
FTM_port_mux            0x00010f11   0x1a2  Code  Lc  MK60_ftm.o [1]
GPIOX                   0x1fff0b78    0x14  Data  Gb  MK60_gpio.o [1]
KEY_PTxn                0x1fff11c4     0x8  Data  Gb  VCAN_key.o [1]
LCD_FChar_CH            0x0000f849   0x10a  Code  Gb  VCAN_LCD_CH.o [1]
LCD_FStr_CH             0x0000f96d    0x6c  Code  Gb  VCAN_LCD_CH.o [1]
LCD_Img_Binary_My       0x0000f019   0x146  Code  Gb  VCAN_LCD.o [1]
LCD_Img_RGB565_Z        0x0000f1e9   0x126  Code  Gb  VCAN_LCD.o [1]
LCD_ST7735R_dir         0x000093d7   0xa0c  Code  Gb  VCAN_LCD_ST7735R.o [1]
LCD_ST7735R_init        0x00008419   0xfbe  Code  Gb  VCAN_LCD_ST7735R.o [1]
LCD_ST7735R_ptlon       0x00009df9   0x208  Code  Gb  VCAN_LCD_ST7735R.o [1]
LCD_char                0x0000f4b9   0x184  Code  Gb  VCAN_LCD.o [1]
LCD_clear               0x0000f3d9    0x28  Code  Gb  VCAN_LCD.o [1]
LCD_init                0x0000efed    0x2c  Code  Gb  VCAN_LCD.o [1]
LCD_line                0x0000f15f    0x8a  Code  Gb  VCAN_LCD.o [1]
LCD_num                 0x0000f6a5    0x78  Code  Gb  VCAN_LCD.o [1]
LCD_num_BC              0x0000f71d    0xfa  Code  Gb  VCAN_LCD.o [1]
LCD_point               0x0000f401    0xb8  Code  Gb  VCAN_LCD.o [1]
LCD_rectangle           0x0000f311    0xc8  Code  Gb  VCAN_LCD.o [1]
LCD_show                0x0000e249    0x7e  Code  Gb  display_zq.o [1]
LCD_str                 0x0000f63d    0x68  Code  Gb  VCAN_LCD.o [1]
LED_PTxn                0x1fff11d0     0x4  Data  Gb  VCAN_LED.o [1]
LoadInt                 0x0000ae0f    0x6e  Code  Lc  xprintflarge_nomb.o [3]
Motor_En                0x1fff8bd0     0x1  Data  Gb  Menu_control.o [1]
NRF_ISR_RX_FIFO         0x1fff8148   0xa00  Data  Gb  VCAN_NRF24L0.o [1]
NVIC_DisableIRQ         0x00011cfd    0x14  Code  Lc  VCAN_OV7725_Eagle.o [1]
NVIC_EnableIRQ          0x00012515    0x14  Code  Lc  init_system_zq.o [1]
NVIC_EnableIRQ          0x00011ce9    0x14  Code  Lc  VCAN_OV7725_Eagle.o [1]
NVIC_SetPriority        0x00012529    0x22  Code  Lc  init_system_zq.o [1]
NVIC_SetPriorityGrouping
                        0x000124f9    0x1c  Code  Lc  init_system_zq.o [1]
NVIC_SystemReset        0x0000a281    0x1a  Code  Lc  MK60_conf.o [1]
PIT0_IRQHandler         0x00012abd    0x14  Code  Gb  isr_control_zq.o [1]
PIT2_IRQHandler         0x00012a51    0x46  Code  Gb  isr_control_zq.o [1]
PORTA_IRQHandler        0x00012a97    0x1e  Code  Gb  isr_control_zq.o [1]
PORTX                   0x1fff0be8    0x14  Data  Gb  MK60_port.o [1]
RX_ADDRESS              0x1fff11dc     0x8  Data  Gb  VCAN_NRF24L0.o [1]
Region$$Table$$Base     0x00012e3c           --   Gb  - Linker created -
Region$$Table$$Limit    0x00012e4c           --   Gb  - Linker created -
Reset_Handler           0x00000411          Code  Gb  startup_MK60DZ10.o [1]
SCCB_Ack                0x00011811    0x3c  Code  Lc  VCAN_SCCB.o [1]
SCCB_GPIO_init          0x00011757    0x28  Code  Gb  VCAN_SCCB.o [1]
SCCB_NoAck              0x0001184d    0x3c  Code  Lc  VCAN_SCCB.o [1]
SCCB_ReadByte           0x000119ed    0x2c  Code  Gb  VCAN_SCCB.o [1]
SCCB_ReadByte_one       0x00011a19    0x84  Code  Lc  VCAN_SCCB.o [1]
SCCB_ReceiveByte        0x00011919    0x54  Code  Lc  VCAN_SCCB.o [1]
SCCB_SendByte           0x000118d5    0x44  Code  Lc  VCAN_SCCB.o [1]
SCCB_Start              0x0001177f    0x5e  Code  Lc  VCAN_SCCB.o [1]
SCCB_Stop               0x000117dd    0x34  Code  Lc  VCAN_SCCB.o [1]
SCCB_WaitAck            0x00011889    0x4c  Code  Lc  VCAN_SCCB.o [1]
SCCB_WriteByte          0x0001197d    0x28  Code  Gb  VCAN_SCCB.o [1]
SCCB_WriteByte_one      0x000119a5    0x48  Code  Lc  VCAN_SCCB.o [1]
SCCB_delay              0x0001173d    0x1a  Code  Lc  VCAN_SCCB.o [1]
SE_duty                 0x1fff1530     0x4  Data  Gb  dir_control_zq.o [1]
SPIN                    0x1fff0bfc     0xc  Data  Gb  MK60_spi.o [1]
ST7735R_get_h           0x0000a001     0x6  Code  Gb  VCAN_LCD_ST7735R.o [1]
ST7735R_get_w           0x0000a007     0x6  Code  Gb  VCAN_LCD_ST7735R.o [1]
Start_timing            0x1fff7378     0x4  Data  Gb  Menu_control.o [1]
System_time             0x1fff7374     0x4  Data  Gb  Menu_control.o [1]
TX_ADDRESS              0x1fff11d4     0x8  Data  Gb  VCAN_NRF24L0.o [1]
UARTN                   0x1fff0c08    0x18  Data  Gb  MK60_uart.o [1]
X_change                0x1fff0c24   0x140  Data  Gb  picture_deal_zq.o [1]
X_point                 0x1fff7464    0x48  Data  Gb  picture_deal_zq.o [1]
Y_point                 0x1fff74ac    0x48  Data  Gb  picture_deal_zq.o [1]
_GenldLargeNoMb         0x0000b205   0x236  Code  Lc  xprintflarge_nomb.o [3]
_LdtobLargeNoMb         0x0000af85   0x27a  Code  Lc  xprintflarge_nomb.o [3]
_LitobLargeNoMb         0x0000ae7d   0x106  Code  Lc  xprintflarge_nomb.o [3]
_Locale_aeabi_lconv     0x1fff8c48    0x38  Data  Gb  localeconv.o [3]
_Locale_lconv           0x1fff8bf8    0x50  Data  Gb  localeconv.o [3]
_PrintfLargeNoMb        0x0000a895   0x574  Code  Gb  xprintflarge_nomb.o [3]
_Prout                  0x00012f19    0x16  Code  Gb  xprout.o [3]
_PutcharsLargeNoMb      0x0000b43b    0x2e  Code  Lc  xprintflarge_nomb.o [3]
__BOOT_STACK_ADDRESS {Abs}
                        0x2000fff8           --   Gb  command line/config [2]
__VECTOR_RAM {Abs}      0x1fff0000           --   Gb  command line/config [2]
__VECTOR_TABLE {Abs}    0x00000000           --   Gb  command line/config [2]
__aeabi_cdcmple         0x0000b6f5          Code  Gb  DblCmpLe.o [4]
__aeabi_d2uiz           0x0000bb11          Code  Gb  DblToI32.o [4]
__aeabi_ddiv            0x0000b8c9          Code  Gb  DblDiv.o [4]
__aeabi_dmul            0x0000b725          Code  Gb  DblMul.o [4]
__aeabi_dsub            0x0000bb59          Code  Gb  DblSub.o [4]
__aeabi_ldiv0           0x0000bd55          Code  Gb  I64DivZer.o [5]
__aeabi_ui2d            0x0000bb3d          Code  Gb  I32ToDbl.o [4]
__aeabi_uldivmod        0x0000b54d          Code  Gb  I64DivMod.o [5]
__cmain                 0x00012ead          Code  Gb  cmain.o [5]
__code_start__ {Abs}    0x00000410           --   Gb  command line/config [2]
__exit                  0x00012edd          Code  Gb  XXexit.o [5]
__iar_Dnorm             0x0000b6b3    0x42  Code  Gb  xdnorm.o [4]
__iar_Locale_lconv_init
                        0x0000bcd9    0x3a  Code  Gb  localeconv.o [3]
__iar_Memchr            0x0000b4f5          Code  Gb  memchr.o [5]
__iar_Stdout            0x1fff12f8    0x40  Data  Gb  xfiles.o [3]
__iar_Strchr            0x0000b4a5          Code  Gb  strchr.o [5]
__iar_d2uiz             0x0000bb1d          Code  Gb  DblToI32.o [4]
__iar_dadd              0x0000bd59          Code  Gb  DblAdd.o [4]
__iar_data_init3        0x00012cad    0x28  Code  Gb  data_init.o [5]
__iar_dlib_perthread_access
                        0x0000be2d     0x2  Code  Gb  xtls.o [3]
__iar_dsub              0x0000bb6d          Code  Gb  DblSub.o [4]
__iar_dsubStart         0x0000bb7f          Code  Gb  DblSub.o [4]
__iar_init_vfp          0x00012e19          Code  Gb  fpinit_M.o [4]
__iar_program_start     0x00012f75          Code  Gb  cstartup_M.o [5]
__iar_ui2d              0x0000bb41          Code  Gb  I32ToDbl.o [4]
__iar_unaligned___aeabi_memcpy
                        0x0000b63d          Code  Gb  ABImemcpy_unaligned.o [5]
__iar_unaligned___aeabi_memcpy4
                        0x0000b65d          Code  Gb  ABImemcpy_unaligned.o [5]
__iar_unaligned___aeabi_memcpy8
                        0x0000b65d          Code  Gb  ABImemcpy_unaligned.o [5]
__iar_zero_init3        0x0000b483    0x22  Code  Gb  zero_init3.o [5]
__low_level_init        0x00012ec7     0x4  Code  Gb  low_level_init.o [3]
__vector_table          0x00000000   0x410  Data  Gb  vectors.o [1]
_call_main              0x00012eb9          Code  Gb  cmain.o [5]
_exit                   0x00012ed1          Code  Gb  cexit.o [5]
_main                   0x00012ec3          Code  Gb  cmain.o [5]
abs                     0x0000d2d1     0x8  Code  Gb  abs.o [3]
adc_init                0x00011f11   0x20c  Code  Gb  MK60_adc.o [1]
all_normal_count        0x1fff8bda     0x1  Data  Gb  picture_deal_zq.o [1]
ascii_8x16              0x0000f9d8   0x600  Data  Gb  VCAN_ASCII.o [1]
assert_failed           0x0000a29b    0x26  Code  Gb  MK60_conf.o [1]
bmp                     0x1fff1554     0xc  Data  Gb  display_zq.o [1]
bmp_display             0x0000e20d    0x20  Code  Gb  display_zq.o [1]
bmp_init                0x0000e201     0xc  Code  Gb  display_zq.o [1]
break_menu              0x1fff0da4    0x80  Data  Gb  VCAN_ASCII.o [1]
bus_clk_khz             0x1fff8110     0x4  Data  Gb  system_MK60DZ10.o [1]
car_ctrl                0x1fff8bf5     0x1  Data  Lc  VCAN_UI_VAR.o [1]
car_ctrl_get            0x000107d5     0x6  Code  Gb  VCAN_UI_VAR.o [1]
color                   0x1fff1548     0xc  Data  Gb  display_zq.o [1]
color_change            0x0000ed55    0x60  Code  Gb  display_zq.o [1]
color_init              0x0000eddd    0x3e  Code  Gb  display_zq.o [1]
common_startup          0x0001295f    0x74  Code  Gb  system_MK60DZ10.o [1]
core_clk_khz            0x1fff8108     0x4  Data  Gb  system_MK60DZ10.o [1]
core_clk_mhz            0x1fff810c     0x4  Data  Gb  system_MK60DZ10.o [1]
deal_key_down           0x000104e3    0x98  Code  Gb  VCAN_key_event.o [1]
deal_key_event          0x0000ffe3    0xce  Code  Gb  VCAN_key_event.o [1]
deal_key_left           0x000102b9    0xc8  Code  Gb  VCAN_key_event.o [1]
deal_key_right          0x00010381    0xc0  Code  Gb  VCAN_key_event.o [1]
deal_key_select         0x000100b1   0x208  Code  Gb  VCAN_key_event.o [1]
deal_key_up             0x00010441    0xa2  Code  Gb  VCAN_key_event.o [1]
default_isr             0x0000a36b    0x30  Code  Gb  MK60_conf.o [1]
distance                0x00012b58    0x48  Data  Gb  picture_deal_zq.o [1]
div                     0x0000bd45     0xe  Code  Gb  div.o [3]
dma_gpio_input_init     0x00011a9d    0x46  Code  Lc  MK60_dma.o [1]
dma_portx2buff_init     0x00011ae3   0x1d2  Code  Gb  MK60_dma.o [1]
error                   0x1fff1534     0x4  Data  Gb  dir_control_zq.o [1]
error_d                 0x1fff1538     0x4  Data  Gb  dir_control_zq.o [1]
error_pre               0x1fff153c     0x4  Data  Gb  dir_control_zq.o [1]
exit                    0x00012ecb     0x4  Code  Gb  exit.o [3]
fiag_huan               0x1fff8be3     0x1  Data  Gb  picture_deal_zq.o [1]
flag_key_l_u_0          0x1fff8bea     0x1  Data  Gb  VCAN_key_event.o [1]
flag_key_l_u_1          0x1fff8beb     0x1  Data  Gb  VCAN_key_event.o [1]
flag_key_l_u_2          0x1fff8bec     0x1  Data  Gb  VCAN_key_event.o [1]
flag_key_l_u_3          0x1fff8bed     0x1  Data  Gb  VCAN_key_event.o [1]
flag_key_l_u_4          0x1fff8bee     0x1  Data  Gb  VCAN_key_event.o [1]
flag_key_select         0x1fff8be9     0x1  Data  Gb  VCAN_key_event.o [1]
flash_cmd               0x1fff1349    0x20  Code  Gb  MK60_flash.o [1]
flash_erase_sector      0x1fff138d    0x5c  Code  Gb  MK60_flash.o [1]
flash_init              0x1fff1369    0x24  Code  Gb  MK60_flash.o [1]
flash_write             0x1fff13e9    0xb2  Code  Gb  MK60_flash.o [1]
fputc                   0x0000a2c1    0x12  Code  Gb  MK60_conf.o [1]
ftm_mod                 0x1fff737c    0x10  Data  Lc  MK60_ftm.o [1]
ftm_pwm_init            0x000110b3   0x18a  Code  Gb  MK60_ftm.o [1]
ftm_quad_init           0x0001123d   0x106  Code  Gb  MK60_ftm.o [1]
get_key_msg             0x0000a773    0x5e  Code  Gb  VCAN_key.o [1]
get_var                 0x00010601    0x42  Code  Gb  VCAN_UI_VAR.o [1]
gpio_get                0x0000a117    0x3a  Code  Gb  MK60_gpio.o [1]
gpio_init               0x0000a031    0xae  Code  Gb  MK60_gpio.o [1]
gpio_turn               0x0000a0df    0x38  Code  Gb  MK60_gpio.o [1]
hehe                    0x1fff8bd1     0x1  Data  Gb  picture_deal_zq.o [1]
img                     0x1fff2874  0x4b00  Data  Gb  main.o [1]
img_extract1            0x00012829    0xc2  Code  Gb  VCAN_camera.o [1]
imgbuff                 0x1fff045c     0x4  Data  Gb  init_system_zq.o [1]
init_sys                0x0001254b   0x110  Code  Gb  init_system_zq.o [1]
key_IRQHandler          0x0000a7d1    0xac  Code  Gb  VCAN_key.o [1]
key_check               0x0000a6e9    0x2a  Code  Gb  VCAN_key.o [1]
key_event_init          0x0000ffd9     0xa  Code  Gb  VCAN_key_event.o [1]
key_flag_clear          0x1fff0458     0x1  Data  Gb  display_zq.o [1]
key_get                 0x0000a6d1    0x18  Code  Gb  VCAN_key.o [1]
key_init                0x0000a681    0x50  Code  Gb  VCAN_key.o [1]
key_lcd_clear           0x0000e22d    0x1c  Code  Gb  display_zq.o [1]
key_msg                 0x1fff8114    0x28  Data  Gb  VCAN_key.o [1]
key_msg_flag            0x1fff8be8     0x1  Data  Gb  VCAN_key.o [1]
key_msg_front           0x1fff8be6     0x1  Data  Gb  VCAN_key.o [1]
key_msg_rear            0x1fff8be7     0x1  Data  Gb  VCAN_key.o [1]
last_left_point         0x1fff738c    0x48  Data  Gb  picture_deal_zq.o [1]
last_lost_count         0x1fff8bdb     0x1  Data  Gb  picture_deal_zq.o [1]
last_mid                0x1fff8bc2     0x2  Data  Gb  picture_deal_zq.o [1]
last_mid_point          0x1fff741c    0x48  Data  Gb  picture_deal_zq.o [1]
last_right_point        0x1fff73d4    0x48  Data  Gb  picture_deal_zq.o [1]
last_tab                0x1fff8b64     0x4  Data  Gb  VCAN_UI_VAR.o [1]
lcd_show_0              0x0000e2c7   0x15c  Code  Gb  display_zq.o [1]
lcd_show_1              0x0000e429   0x15c  Code  Gb  display_zq.o [1]
lcd_show_2              0x0000e5a1   0x278  Code  Gb  display_zq.o [1]
lcd_show_3              0x0000e841   0x202  Code  Gb  display_zq.o [1]
lcd_show_4              0x0000eaa5   0x266  Code  Gb  display_zq.o [1]
lcd_show_5              0x0000ed15    0x18  Code  Gb  display_zq.o [1]
led_init                0x0000a3bd    0x38  Code  Gb  VCAN_LED.o [1]
led_turn                0x0000a3f5    0x30  Code  Gb  VCAN_LED.o [1]
left_add_point_count    0x1fff8bbc     0x2  Data  Gb  picture_deal_zq.o [1]
left_first_lose         0x1fff8be0     0x1  Data  Gb  picture_deal_zq.o [1]
left_first_lose_line_flag
                        0x1fff8bdf     0x1  Data  Gb  picture_deal_zq.o [1]
left_line_first         0x1fff8bd3     0x1  Data  Gb  picture_deal_zq.o [1]
left_line_first_flag    0x1fff8bd5     0x1  Data  Gb  picture_deal_zq.o [1]
left_lost_count         0x1fff8bd8     0x1  Data  Gb  picture_deal_zq.o [1]
line                    0x1fff74f4   0x604  Data  Gb  picture_deal_zq.o [1]
localeconv              0x0000bd13    0x16  Code  Gb  localeconv.o [3]
lost_count              0x1fff8bd7     0x1  Data  Gb  picture_deal_zq.o [1]
main                    0x00012705   0x124  Code  Gb  main.o [1]
mcg_cfg                 0x1fff0b8c    0x58  Data  Gb  MK60_mcg.o [1]
mcg_div                 0x1fff0be4     0x4  Data  Gb  MK60_mcg.o [1]
mcg_div_count           0x00011369   0x304  Code  Gb  MK60_mcg.o [1]
median_line_extract     0x0000be31  0x14a0  Code  Gb  picture_deal_zq.o [1]
memchr                  0x0000b4f5          Code  Gb  memchr.o [5]
menu                    0x1fff0d64    0x40  Data  Gb  VCAN_ASCII.o [1]
mid_line                0x1fff152c     0x4  Data  Gb  dir_control_zq.o [1]
mid_line_last           0x1fff1524     0x8  Data  Gb  dir_control_zq.o [1]
motor_display           0x1fff0f64    0xa0  Data  Gb  VCAN_ASCII.o [1]
nBitmapDot              0x00000418  0x8000  Data  Gb  VCAN_ASCII.o [1]
never_shi_zi_count      0x1fff8bde     0x1  Data  Gb  picture_deal_zq.o [1]
new_tab                 0x1fff8bf6     0x1  Data  Gb  VCAN_UI_VAR.o [1]
nrf_com_size            0x00012f64    0x10  Data  Gb  VCAN_NRF24L0_MSG.o [1]
nrf_com_totalsize       0x1fff8b50    0x10  Data  Gb  VCAN_NRF24L0_MSG.o [1]
nrf_irq_tx_addr         0x1fff8b48     0x4  Data  Gb  VCAN_NRF24L0.o [1]
nrf_irq_tx_flag         0x1fff8bf4     0x1  Data  Gb  VCAN_NRF24L0.o [1]
nrf_irq_tx_pnum         0x1fff8b4c     0x4  Data  Gb  VCAN_NRF24L0.o [1]
nrf_mode                0x1fff8bf0     0x1  Data  Gb  VCAN_NRF24L0.o [1]
nrf_msg_rx              0x00010841    0xf2  Code  Gb  VCAN_NRF24L0_MSG.o [1]
nrf_msg_tx              0x000107f1    0x50  Code  Gb  VCAN_NRF24L0_MSG.o [1]
nrf_rx                  0x000109d1    0xc6  Code  Gb  VCAN_NRF24L0.o [1]
nrf_rx_buff             0x1fff1560   0x984  Data  Gb  init_system_zq.o [1]
nrf_rx_fifo_check       0x00010b0f    0x78  Code  Gb  VCAN_NRF24L0.o [1]
nrf_rx_flag             0x1fff8bf3     0x1  Data  Gb  VCAN_NRF24L0.o [1]
nrf_rx_front            0x1fff8bf1     0x1  Data  Gb  VCAN_NRF24L0.o [1]
nrf_rx_rear             0x1fff8bf2     0x1  Data  Gb  VCAN_NRF24L0.o [1]
nrf_tx                  0x00010a97    0x54  Code  Gb  VCAN_NRF24L0.o [1]
nrf_tx_buff             0x1fff1ee4   0x984  Data  Gb  init_system_zq.o [1]
nrf_tx_mode             0x0001098b    0x46  Code  Lc  VCAN_NRF24L0.o [1]
nrf_tx_state            0x00010aeb    0x24  Code  Gb  VCAN_NRF24L0.o [1]
nrf_writebuf            0x00010967    0x24  Code  Lc  VCAN_NRF24L0.o [1]
nrf_writereg            0x00010945    0x22  Code  Lc  VCAN_NRF24L0.o [1]
num_info                0x1fff126c    0x8c  Data  Gb  VCAN_UI_VAR.o [1]
obuf                    0x1fff8b68    0x50  Data  Lc  xfiles.o [3]
other_canshu            0x1fff1004    0xa0  Data  Gb  VCAN_ASCII.o [1]
ov7725_eagle_cfgnum     0x1fff124c     0x1  Data  Gb  VCAN_OV7725_Eagle.o [1]
ov7725_eagle_dma        0x00011dc5    0x14  Code  Gb  VCAN_OV7725_Eagle.o [1]
ov7725_eagle_get_img    0x00011dd9    0x3e  Code  Gb  VCAN_OV7725_Eagle.o [1]
ov7725_eagle_img_buff   0x1fff8b60     0x4  Data  Gb  VCAN_OV7725_Eagle.o [1]
ov7725_eagle_img_flag   0x1fff11e4     0x1  Data  Gb  VCAN_OV7725_Eagle.o [1]
ov7725_eagle_init       0x00011d11    0x16  Code  Gb  VCAN_OV7725_Eagle.o [1]
ov7725_eagle_port_init  0x00011d27    0x54  Code  Lc  VCAN_OV7725_Eagle.o [1]
ov7725_eagle_reg        0x1fff11e8    0x64  Data  Gb  VCAN_OV7725_Eagle.o [1]
ov7725_eagle_reg_init   0x00011e17    0xae  Code  Lc  VCAN_OV7725_Eagle.o [1]
ov7725_eagle_vsync      0x00011d7b    0x4a  Code  Gb  VCAN_OV7725_Eagle.o [1]
page_down               0x1fff1164    0x60  Data  Gb  VCAN_ASCII.o [1]
page_up                 0x1fff1104    0x60  Data  Gb  VCAN_ASCII.o [1]
pit_init                0x00012689    0x6c  Code  Gb  MK60_PIT.o [1]
pll_init                0x0001166d    0xb2  Code  Gb  MK60_mcg.o [1]
port_init               0x0000a15d    0x44  Code  Gb  MK60_port.o [1]
port_init_NoALT         0x0000a1a1    0x62  Code  Gb  MK60_port.o [1]
printf                  0x0000a42d    0x24  Code  Gb  printf.o [3]
putchar                 0x00012f31     0xc  Code  Gb  putchar.o [3]
quan1                   0x1fff0410    0x48  Data  Gb  dir_control_zq.o [1]
quan_dir_duty_new       0x0001212d   0x1a6  Code  Gb  dir_control_zq.o [1]
real_wide               0x1fff7b84   0x118  Data  Gb  picture_deal_zq.o [1]
right_add_point_count   0x1fff8bbe     0x2  Data  Gb  picture_deal_zq.o [1]
right_first_lose        0x1fff8be2     0x1  Data  Gb  picture_deal_zq.o [1]
right_first_lose_line_flag
                        0x1fff8be1     0x1  Data  Gb  picture_deal_zq.o [1]
right_line_first        0x1fff8bd4     0x1  Data  Gb  picture_deal_zq.o [1]
right_line_first_flag   0x1fff8bd6     0x1  Data  Gb  picture_deal_zq.o [1]
right_lost_count        0x1fff8bd9     0x1  Data  Gb  picture_deal_zq.o [1]
save_var                0x000105a9    0x58  Code  Gb  VCAN_UI_VAR.o [1]
save_var2buff           0x00010729    0x1e  Code  Gb  VCAN_UI_VAR.o [1]
send_key_msg            0x0000a713    0x60  Code  Gb  VCAN_key.o [1]
set_sys_dividers        0x1fff14d9    0x4c  Code  Gb  MK60_mcg.o [1]
set_vector_handler      0x00010e67    0x22  Code  Gb  misc.o [1]
sever                   0x1fff0ec4    0xa0  Data  Gb  VCAN_ASCII.o [1]
shi_zi_count            0x1fff8bdd     0x1  Data  Gb  picture_deal_zq.o [1]
shi_zi_flag             0x1fff8bdc     0x1  Data  Gb  picture_deal_zq.o [1]
shizi_new               0x1fff8100     0x4  Data  Gb  picture_deal_zq.o [1]
side                    0x1fff0e24    0xa0  Data  Gb  VCAN_ASCII.o [1]
single_in               0x1fff8bd2     0x1  Data  Gb  picture_deal_zq.o [1]
speedwant               0x1fff2868     0x4  Data  Gb  main.o [1]
speedwantB              0x1fff8be5     0x1  Data  Gb  speedcontrol_zq.o [1]
spi_mosi                0x00010bb5   0x10e  Code  Gb  MK60_spi.o [1]
spi_mosi_cmd            0x00010cc3   0x17a  Code  Gb  MK60_spi.o [1]
st7735r_dir             0x1fff8bef     0x1  Data  Gb  VCAN_LCD_ST7735R.o [1]
st7735r_h               0x1fff11cc     0x2  Data  Gb  VCAN_LCD_ST7735R.o [1]
st7735r_w               0x1fff11ce     0x2  Data  Gb  VCAN_LCD_ST7735R.o [1]
start                   0x000128f5    0x2e  Code  Gb  system_MK60DZ10.o [1]
start_check             0x0000a2d3    0x98  Code  Gb  MK60_conf.o [1]
start_go                0x1fff10a4    0x60  Data  Gb  VCAN_ASCII.o [1]
strchr                  0x0000b4a5          Code  Gb  strchr.o [5]
strlen                  0x0000b4bd          Code  Gb  strlen.o [5]
sysinit                 0x00012923    0x3c  Code  Gb  system_MK60DZ10.o [1]
systick_delay           0x0000a20d    0x36  Code  Gb  MK60_SysTick.o [1]
systick_delay_ms        0x0000a243    0x18  Code  Gb  MK60_SysTick.o [1]
uart_init               0x0000a451   0x1fc  Code  Gb  MK60_uart.o [1]
uart_putchar            0x0000a64d    0x1a  Code  Gb  MK60_uart.o [1]
updata_var              0x00010643    0x22  Code  Gb  VCAN_UI_VAR.o [1]
used_length             0x1fff0c20     0x1  Data  Gb  picture_deal_zq.o [1]
var1                    0x1fff8bce     0x1  Data  Gb  main.o [1]
var2                    0x1fff8bcf     0x1  Data  Gb  main.o [1]
var3                    0x1fff8bb8     0x2  Data  Gb  main.o [1]
var4                    0x1fff8bba     0x2  Data  Gb  main.o [1]
var5                    0x1fff286c     0x4  Data  Gb  main.o [1]
var6                    0x1fff2870     0x4  Data  Gb  main.o [1]
var_addr                0x1fff1250    0x1c  Data  Gb  VCAN_UI_VAR.o [1]
var_display             0x00010665    0xc4  Code  Gb  VCAN_UI_VAR.o [1]
var_syn                 0x00010747    0x8e  Code  Gb  VCAN_UI_VAR.o [1]
vcan_cpy                0x00010e95    0x7a  Code  Gb  misc.o [1]
vector_str              0x1fff0460   0x708  Data  Gb  MK60_conf.o [1]
wdog_disable            0x00012a11    0x16  Code  Gb  MK60_wdog.o [1]
wdog_unlock             0x00012a27    0x20  Code  Lc  MK60_wdog.o [1]
wide                    0x1fff7af8    0x8c  Data  Gb  picture_deal_zq.o [1]
write_vtor              0x00010e45    0x22  Code  Gb  misc.o [1]


[1] = D:\project\car\Prj\IAR\FN15_Debug\Obj
[2] = command line
[3] = dl7M_tlf.a
[4] = m7M_tlv.a
[5] = rt7M_tl.a

  36 976 bytes of readonly  code memory
     492 bytes of readwrite code memory
  41 348 bytes of readonly  data memory
  34 435 bytes of readwrite data memory

Errors: none
Warnings: none
