###############################################################################
#
# IAR ELF Linker V7.30.1.7746/W32 for ARM                 28/May/2017  21:35:05
# Copyright 2007-2014 IAR Systems AB.
#
#    Output file  =  D:\project\car\Prj\IAR\FN15_Debug\Exe\vcan_Kinetis.out
#    Map file     =  D:\project\car\Prj\IAR\FN15_Debug\List\vcan_Kinetis.map
#    Command line =  
#        D:\project\car\Prj\IAR\FN15_Debug\Obj\diskio.o
#        D:\project\car\Prj\IAR\FN15_Debug\Obj\ff.o
#        D:\project\car\Prj\IAR\FN15_Debug\Obj\main.o
#        D:\project\car\Prj\IAR\FN15_Debug\Obj\misc.o
#        D:\project\car\Prj\IAR\FN15_Debug\Obj\MK60_adc.o
#        D:\project\car\Prj\IAR\FN15_Debug\Obj\MK60_can.o
#        D:\project\car\Prj\IAR\FN15_Debug\Obj\MK60_conf.o
#        D:\project\car\Prj\IAR\FN15_Debug\Obj\MK60_dac.o
#        D:\project\car\Prj\IAR\FN15_Debug\Obj\MK60_dma.o
#        D:\project\car\Prj\IAR\FN15_Debug\Obj\MK60_DWT.o
#        D:\project\car\Prj\IAR\FN15_Debug\Obj\MK60_flash.o
#        D:\project\car\Prj\IAR\FN15_Debug\Obj\MK60_flexbus.o
#        D:\project\car\Prj\IAR\FN15_Debug\Obj\MK60_ftm.o
#        D:\project\car\Prj\IAR\FN15_Debug\Obj\MK60_gpio.o
#        D:\project\car\Prj\IAR\FN15_Debug\Obj\MK60_i2c.o
#        D:\project\car\Prj\IAR\FN15_Debug\Obj\MK60_it.o
#        D:\project\car\Prj\IAR\FN15_Debug\Obj\MK60_lptmr.o
#        D:\project\car\Prj\IAR\FN15_Debug\Obj\MK60_mcg.o
#        D:\project\car\Prj\IAR\FN15_Debug\Obj\MK60_PIT.o
#        D:\project\car\Prj\IAR\FN15_Debug\Obj\MK60_port.o
#        D:\project\car\Prj\IAR\FN15_Debug\Obj\MK60_rtc.o
#        D:\project\car\Prj\IAR\FN15_Debug\Obj\MK60_sdhc.o
#        D:\project\car\Prj\IAR\FN15_Debug\Obj\MK60_spi.o
#        D:\project\car\Prj\IAR\FN15_Debug\Obj\MK60_SysTick.o
#        D:\project\car\Prj\IAR\FN15_Debug\Obj\MK60_uart.o
#        D:\project\car\Prj\IAR\FN15_Debug\Obj\MK60_usb.o
#        D:\project\car\Prj\IAR\FN15_Debug\Obj\MK60_wdog.o
#        D:\project\car\Prj\IAR\FN15_Debug\Obj\O_data_send.o
#        D:\project\car\Prj\IAR\FN15_Debug\Obj\O_dir.o
#        D:\project\car\Prj\IAR\FN15_Debug\Obj\O_display.o
#        D:\project\car\Prj\IAR\FN15_Debug\Obj\O_init_system.o
#        D:\project\car\Prj\IAR\FN15_Debug\Obj\O_isr.o
#        D:\project\car\Prj\IAR\FN15_Debug\Obj\O_measure_distance.o
#        D:\project\car\Prj\IAR\FN15_Debug\Obj\O_menu_control.o
#        D:\project\car\Prj\IAR\FN15_Debug\Obj\O_picture_deal.o
#        D:\project\car\Prj\IAR\FN15_Debug\Obj\O_SD_Card.o
#        D:\project\car\Prj\IAR\FN15_Debug\Obj\O_speed.o
#        D:\project\car\Prj\IAR\FN15_Debug\Obj\startup_MK60DZ10.o
#        D:\project\car\Prj\IAR\FN15_Debug\Obj\system_MK60DZ10.o
#        D:\project\car\Prj\IAR\FN15_Debug\Obj\USB.o
#        D:\project\car\Prj\IAR\FN15_Debug\Obj\USB_CDC.o
#        D:\project\car\Prj\IAR\FN15_Debug\Obj\VCAN_ASCII.o
#        D:\project\car\Prj\IAR\FN15_Debug\Obj\VCAN_BMP.o
#        D:\project\car\Prj\IAR\FN15_Debug\Obj\VCAN_camera.o
#        D:\project\car\Prj\IAR\FN15_Debug\Obj\VCAN_computer.o
#        D:\project\car\Prj\IAR\FN15_Debug\Obj\vcan_img2sd.o
#        D:\project\car\Prj\IAR\FN15_Debug\Obj\VCAN_key.o
#        D:\project\car\Prj\IAR\FN15_Debug\Obj\VCAN_key_event.o
#        D:\project\car\Prj\IAR\FN15_Debug\Obj\VCAN_LCD.o
#        D:\project\car\Prj\IAR\FN15_Debug\Obj\VCAN_LCD_CH.o
#        D:\project\car\Prj\IAR\FN15_Debug\Obj\VCAN_LCD_ILI9341.o
#        D:\project\car\Prj\IAR\FN15_Debug\Obj\VCAN_LCD_ST7735R.o
#        D:\project\car\Prj\IAR\FN15_Debug\Obj\VCAN_LCD_ST7735S.o
#        D:\project\car\Prj\IAR\FN15_Debug\Obj\VCAN_LED.o
#        D:\project\car\Prj\IAR\FN15_Debug\Obj\VCAN_MMA7455.o
#        D:\project\car\Prj\IAR\FN15_Debug\Obj\VCAN_NRF24L0.o
#        D:\project\car\Prj\IAR\FN15_Debug\Obj\VCAN_NRF24L0_MSG.o
#        D:\project\car\Prj\IAR\FN15_Debug\Obj\VCAN_OV7725_Eagle.o
#        D:\project\car\Prj\IAR\FN15_Debug\Obj\VCAN_OV7725_Wolf.o
#        D:\project\car\Prj\IAR\FN15_Debug\Obj\VCAN_RTC_count.o
#        D:\project\car\Prj\IAR\FN15_Debug\Obj\VCAN_SCCB.o
#        D:\project\car\Prj\IAR\FN15_Debug\Obj\vcan_sd_app.o
#        D:\project\car\Prj\IAR\FN15_Debug\Obj\Vcan_touch.o
#        D:\project\car\Prj\IAR\FN15_Debug\Obj\VCAN_TSL1401.o
#        D:\project\car\Prj\IAR\FN15_Debug\Obj\VCAN_UI_VAR.o
#        D:\project\car\Prj\IAR\FN15_Debug\Obj\vectors.o --redirect
#        _Printf=_PrintfLargeNoMb --redirect _Scanf=_ScanfLargeNoMb -o
#        D:\project\car\Prj\IAR\FN15_Debug\Exe\vcan_Kinetis.out --map
#        D:\project\car\Prj\IAR\FN15_Debug\List\vcan_Kinetis.map --config
#        "D:\project\car\Prj\IAR\config files\vcan_ROM_K60N1M.icf"
#        D:\project\car\Prj\IAR\..\..\Lib\CMSIS\iar_cortexM4l_math.a --entry
#        __iar_program_start --redirect __write=__write_buffered --vfe
#
###############################################################################

*******************************************************************************
*** RUNTIME MODEL ATTRIBUTES
***

CppFlavor       = *
__SystemLibrary = DLib


*******************************************************************************
*** PLACEMENT SUMMARY
***

"A1":  place at 0x00000000 { ro section .intvec };
"A2":  place at 0x00000410 { ro section .noinit };
"P1":  place in [from 0x00000000 to 0x00100000] { ro, block CodeRelocate };
"P2":  place in [from 0x1fff0410 to 0x20010000] {
          rw, block CodeRelocateRam, block CSTACK, block HEAP };

  Section              Kind        Address     Size  Object
  -------              ----        -------     ----  ------
"A1":                                         0x410
  .intvec              const    0x00000000    0x410  vectors.o [1]
                              - 0x00000410    0x410

"P1", part 1 of 2:                              0x0
  .rodata              const    0x00000410      0x0  zero_init3.o [5]

"A2":                                           0x8
  .noinit              ro code  0x00000410      0x8  startup_MK60DZ10.o [1]
                              - 0x00000418      0x8

"P1", part 2 of 2:                          0x15ad4
  .rodata              const    0x00000418   0x8000  VCAN_ASCII.o [1]
  .text                ro code  0x00008418   0x29b4  O_picture_deal.o [1]
  .text                ro code  0x0000adcc      0x8  abs.o [3]
  .text                ro code  0x0000add4    0x150  VCAN_UI_VAR.o [1]
  Veneer               ro code  0x0000af24      0x8  - Linker created -
  Veneer               ro code  0x0000af2c      0x8  - Linker created -
  .text                ro code  0x0000af34    0x140  MK60_conf.o [1]
  .text                ro code  0x0000b074    0x8bc  VCAN_LCD.o [1]
  .text                ro code  0x0000b930     0x70  VCAN_LED.o [1]
  .text                ro code  0x0000b9a0     0x24  printf.o [3]
  .text                ro code  0x0000b9c4     0x64  MK60_SysTick.o [1]
  .text                ro code  0x0000ba28    0x24c  MK60_uart.o [1]
  .text                ro code  0x0000bc74    0x220  VCAN_key.o [1]
  .text                ro code  0x0000be94   0x1c18  VCAN_LCD_ST7735R.o [1]
  .text                ro code  0x0000daac    0x17c  MK60_gpio.o [1]
  .text                ro code  0x0000dc28    0xbee  xprintflarge_nomb.o [3]
  .text                ro code  0x0000e816     0x22  zero_init3.o [5]
  .text                ro code  0x0000e838     0xb0  MK60_port.o [1]
  .text                ro code  0x0000e8e8     0x16  strchr.o [5]
  .rodata              const    0x0000e8fe      0x2  VCAN_camera.o [1]
  .text                ro code  0x0000e900     0x36  strlen.o [5]
  .text                ro code  0x0000e938     0x58  memchr.o [5]
  .text                ro code  0x0000e990     0xee  I64DivMod.o [5]
  .text                ro code  0x0000ea80     0x76  ABImemcpy_unaligned.o [5]
  .text                ro code  0x0000eaf6     0x42  xdnorm.o [4]
  .text                ro code  0x0000eb38     0x2e  DblCmpLe.o [4]
  .text                ro code  0x0000eb68    0x1a2  DblMul.o [4]
  .text                ro code  0x0000ed0c    0x246  DblDiv.o [4]
  .text                ro code  0x0000ef54     0x58  DblToI32.o [4]
  .text                ro code  0x0000efac     0x30  I32ToDbl.o [4]
  .text                ro code  0x0000efdc    0x180  DblSub.o [4]
  .text                ro code  0x0000f15c     0x6c  localeconv.o [3]
  .text                ro code  0x0000f1c8      0xe  div.o [3]
  .text                ro code  0x0000f1d8      0x2  I64DivZer.o [5]
  .text                ro code  0x0000f1dc     0xe8  DblAdd.o [4]
  .text                ro code  0x0000f2c4      0x2  xtls.o [3]
  .text                ro code  0x0000f2c8   0x1430  O_display.o [1]
  .text                ro code  0x000106f8    0x1b4  VCAN_LCD_CH.o [1]
  .data_init                    0x000108ac   0x1014  <Block>
    Initializer bytes  ro data  0x000108ac   0x1014  <for .data-1> (used: 0x1010)
  .text                ro code  0x000118c0    0x8ac  VCAN_key_event.o [1]
  .text                ro code  0x0001216c     0x4e  FltToDbl.o [4]
  .text                ro code  0x000121bc     0x90  DblToFlt.o [4]
  .text                ro code  0x0001224c    0x7f2  O_speed.o [1]
  .text                ro code  0x00012a40    0x5ec  MK60_ftm.o [1]
  .rodata              const    0x0001302c    0x600  VCAN_ASCII.o [1]
  .text                ro code  0x0001362c    0x4a0  O_init_system.o [1]
  .text                ro code  0x00013acc    0x2b8  MK60_adc.o [1]
  .text                ro code  0x00013d84    0x240  VCAN_OV7725_Eagle.o [1]
  .text                ro code  0x00013fc4    0x15c  MK60_PIT.o [1]
  .text                ro code  0x00014120     0x50  misc.o [1]
  .text                ro code  0x00014170    0x284  MK60_dma.o [1]
  .text                ro code  0x000143f4    0x362  VCAN_SCCB.o [1]
  .text                ro code  0x00014758    0x464  O_dir.o [1]
  Veneer               ro code  0x00014bbc      0x8  - Linker created -
  .text                ro code  0x00014bc4    0x3d4  MK60_mcg.o [1]
  CodeRelocate                  0x00014f98    0x1f0  <Block>
    Initializer bytes  ro data  0x00014f98    0x1f0  <for CodeRelocateRam-1>
  .text                ro code  0x00015188    0x140  system_MK60DZ10.o [1]
  .text                ro code  0x000152c8     0x40  MK60_wdog.o [1]
  .text                ro code  0x00015308     0x70  main.o [1]
  .text                ro code  0x00015378    0x100  O_measure_distance.o [1]
  .text                ro code  0x00015478    0x11c  VCAN_camera.o [1]
  .text                ro code  0x00015594    0x134  O_menu_control.o [1]
  .text                ro code  0x000156c8     0xdc  O_isr.o [1]
  .rodata              const    0x000157a4     0x78  VCAN_camera.o [1]
  .rodata              const    0x0001581c     0x48  O_picture_deal.o [1]
  .rodata              const    0x00015864     0x3c  MK60_conf.o [1]
  .rodata              const    0x000158a0     0x2c  VCAN_LCD_ST7735R.o [1]
  .rodata              const    0x000158cc     0x28  MK60_flash.o [1]
  .rodata              const    0x000158f4     0x28  MK60_SysTick.o [1]
  .rodata              const    0x0001591c     0x28  VCAN_UI_VAR.o [1]
  .text                ro code  0x00015944     0x28  data_init.o [5]
  .rodata              const    0x0001596c     0x24  MK60_adc.o [1]
  .rodata              const    0x00015990     0x24  MK60_conf.o [1]
  .rodata              const    0x000159b4     0x24  MK60_dma.o [1]
  .rodata              const    0x000159d8     0x24  MK60_ftm.o [1]
  .rodata              const    0x000159fc     0x24  MK60_gpio.o [1]
  .rodata              const    0x00015a20     0x24  MK60_PIT.o [1]
  .rodata              const    0x00015a44     0x24  MK60_uart.o [1]
  .rodata              const    0x00015a68     0x24  VCAN_OV7725_Eagle.o [1]
  .rodata              const    0x00015a8c     0x24  VCAN_OV7725_Eagle.o [1]
  .text                ro code  0x00015ab0     0x22  fpinit_M.o [4]
  .iar.init_table      const    0x00015ad4     0x10  - Linker created -
  .rodata              const    0x00015ae4     0x20  misc.o [1]
  .rodata              const    0x00015b04     0x20  MK60_conf.o [1]
  .rodata              const    0x00015b24     0x20  VCAN_OV7725_Eagle.o [1]
  .text                ro code  0x00015b44     0x1a  cmain.o [5]
  .text                ro code  0x00015b5e      0x4  low_level_init.o [3]
  .text                ro code  0x00015b62      0x4  exit.o [3]
  .text                ro code  0x00015b68      0xa  cexit.o [5]
  .text                ro code  0x00015b74      0xc  XXexit.o [5]
  .rodata              const    0x00015b80     0x18  VCAN_OV7725_Eagle.o [1]
  .rodata              const    0x00015b98     0x18  VCAN_OV7725_Eagle.o [1]
  .text                ro code  0x00015bb0     0x16  xprout.o [3]
  .text                ro code  0x00015bc8      0xc  putchar.o [3]
  .rodata              const    0x00015bd4     0x14  MK60_conf.o [1]
  .rodata              const    0x00015be8     0x14  VCAN_OV7725_Eagle.o [1]
  .text                ro code  0x00015bfc      0xc  cstartup_M.o [5]
  .rodata              const    0x00015c08      0x8  O_display.o [1]
  .rodata              const    0x00015c10      0x8  O_display.o [1]
  .rodata              const    0x00015c18      0x8  O_display.o [1]
  .rodata              const    0x00015c20      0x8  O_display.o [1]
  .rodata              const    0x00015c28      0x8  O_display.o [1]
  .rodata              const    0x00015c30      0x8  O_display.o [1]
  .rodata              const    0x00015c38      0x8  O_display.o [1]
  .rodata              const    0x00015c40      0x8  O_display.o [1]
  .rodata              const    0x00015c48      0x8  O_display.o [1]
  .rodata              const    0x00015c50      0x8  O_display.o [1]
  .rodata              const    0x00015c58      0x4  O_display.o [1]
  .rodata              const    0x00015c5c      0x4  O_display.o [1]
  .rodata              const    0x00015c60      0x4  O_display.o [1]
  .rodata              const    0x00015c64      0x4  O_display.o [1]
  .rodata              const    0x00015c68      0x4  O_display.o [1]
  .rodata              const    0x00015c6c      0x4  O_display.o [1]
  .rodata              const    0x00015c70      0x4  O_display.o [1]
  .rodata              const    0x00015c74      0x4  O_display.o [1]
  .rodata              const    0x00015c78      0x4  O_display.o [1]
  .rodata              const    0x00015c7c      0x4  O_display.o [1]
  .rodata              const    0x00015c80      0x4  O_display.o [1]
  .rodata              const    0x00015c84      0x4  O_display.o [1]
  .rodata              const    0x00015c88      0x4  O_display.o [1]
  .rodata              const    0x00015c8c      0x4  O_display.o [1]
  .rodata              const    0x00015c90      0x4  O_display.o [1]
  .rodata              const    0x00015c94      0x4  O_display.o [1]
  .rodata              const    0x00015c98      0x4  O_display.o [1]
  .rodata              const    0x00015c9c      0x4  O_display.o [1]
  .rodata              const    0x00015ca0      0x4  O_display.o [1]
  .rodata              const    0x00015ca4      0x4  O_display.o [1]
  .rodata              const    0x00015ca8      0x4  O_display.o [1]
  .rodata              const    0x00015cac      0x4  O_display.o [1]
  .rodata              const    0x00015cb0      0x4  O_display.o [1]
  .rodata              const    0x00015cb4      0x4  O_display.o [1]
  .rodata              const    0x00015cb8      0x4  O_display.o [1]
  .rodata              const    0x00015cbc      0x4  O_display.o [1]
  .rodata              const    0x00015cc0      0x4  O_display.o [1]
  .rodata              const    0x00015cc4      0x4  O_display.o [1]
  .rodata              const    0x00015cc8      0x4  O_display.o [1]
  .rodata              const    0x00015ccc      0x4  O_display.o [1]
  .rodata              const    0x00015cd0      0x4  O_display.o [1]
  .rodata              const    0x00015cd4      0x4  O_display.o [1]
  .rodata              const    0x00015cd8      0x4  O_display.o [1]
  .rodata              const    0x00015cdc      0x4  O_display.o [1]
  .rodata              const    0x00015ce0      0x4  O_display.o [1]
  .rodata              const    0x00015ce4      0x4  O_display.o [1]
  .rodata              const    0x00015ce8      0x4  O_display.o [1]
  .rodata              const    0x00015cec      0x4  O_display.o [1]
  .rodata              const    0x00015cf0      0x4  O_display.o [1]
  .rodata              const    0x00015cf4      0x4  O_display.o [1]
  .rodata              const    0x00015cf8      0x4  O_display.o [1]
  .rodata              const    0x00015cfc      0x4  O_display.o [1]
  .rodata              const    0x00015d00      0x4  O_display.o [1]
  .rodata              const    0x00015d04      0x4  O_display.o [1]
  .rodata              const    0x00015d08      0x4  O_display.o [1]
  .rodata              const    0x00015d0c      0x4  O_display.o [1]
  .rodata              const    0x00015d10      0x4  O_display.o [1]
  .rodata              const    0x00015d14      0x4  O_display.o [1]
  .rodata              const    0x00015d18      0x4  O_display.o [1]
  .rodata              const    0x00015d1c      0x4  O_display.o [1]
  .rodata              const    0x00015d20      0x4  O_display.o [1]
  .rodata              const    0x00015d24      0x4  O_display.o [1]
  .rodata              const    0x00015d28      0x4  O_display.o [1]
  .rodata              const    0x00015d2c      0x4  O_display.o [1]
  .rodata              const    0x00015d30      0x4  O_display.o [1]
  .rodata              const    0x00015d34      0x4  O_display.o [1]
  .rodata              const    0x00015d38      0x4  O_display.o [1]
  .rodata              const    0x00015d3c      0x4  O_display.o [1]
  .rodata              const    0x00015d40      0x4  O_display.o [1]
  .rodata              const    0x00015d44      0x4  O_display.o [1]
  .rodata              const    0x00015d48      0x4  O_display.o [1]
  .rodata              const    0x00015d4c      0x4  O_display.o [1]
  .rodata              const    0x00015d50      0x4  O_display.o [1]
  .rodata              const    0x00015d54      0x4  O_display.o [1]
  .rodata              const    0x00015d58      0x4  O_display.o [1]
  .rodata              const    0x00015d5c      0x4  O_display.o [1]
  .rodata              const    0x00015d60      0x4  O_display.o [1]
  .rodata              const    0x00015d64      0x4  O_display.o [1]
  .rodata              const    0x00015d68      0x4  O_display.o [1]
  .rodata              const    0x00015d6c      0x4  O_display.o [1]
  .rodata              const    0x00015d70      0x4  O_display.o [1]
  .rodata              const    0x00015d74      0x4  O_display.o [1]
  .rodata              const    0x00015d78      0x4  O_display.o [1]
  .rodata              const    0x00015d7c      0x4  O_display.o [1]
  .rodata              const    0x00015d80      0x4  O_display.o [1]
  .rodata              const    0x00015d84      0x4  O_display.o [1]
  .rodata              const    0x00015d88      0x4  O_display.o [1]
  .rodata              const    0x00015d8c      0x4  O_display.o [1]
  .rodata              const    0x00015d90      0x4  O_display.o [1]
  .rodata              const    0x00015d94      0x4  O_display.o [1]
  .rodata              const    0x00015d98      0x4  O_display.o [1]
  .rodata              const    0x00015d9c      0x4  O_display.o [1]
  .rodata              const    0x00015da0      0x4  O_display.o [1]
  .rodata              const    0x00015da4      0x4  O_display.o [1]
  .rodata              const    0x00015da8      0x4  O_display.o [1]
  .rodata              const    0x00015dac      0x4  O_display.o [1]
  .rodata              const    0x00015db0      0x4  O_display.o [1]
  .rodata              const    0x00015db4      0x4  O_display.o [1]
  .rodata              const    0x00015db8      0x4  O_display.o [1]
  .rodata              const    0x00015dbc      0x4  O_display.o [1]
  .rodata              const    0x00015dc0      0x4  O_display.o [1]
  .rodata              const    0x00015dc4      0x4  O_display.o [1]
  .rodata              const    0x00015dc8      0x4  O_display.o [1]
  .rodata              const    0x00015dcc      0x4  O_display.o [1]
  .rodata              const    0x00015dd0      0x4  O_display.o [1]
  .rodata              const    0x00015dd4      0x4  O_display.o [1]
  .rodata              const    0x00015dd8      0x4  O_display.o [1]
  .rodata              const    0x00015ddc      0x4  O_display.o [1]
  .rodata              const    0x00015de0      0x4  O_display.o [1]
  .rodata              const    0x00015de4      0x4  O_display.o [1]
  .rodata              const    0x00015de8      0x4  O_display.o [1]
  .rodata              const    0x00015dec      0x4  O_display.o [1]
  .rodata              const    0x00015df0      0x4  O_display.o [1]
  .rodata              const    0x00015df4      0x4  O_display.o [1]
  .rodata              const    0x00015df8      0x4  O_display.o [1]
  .rodata              const    0x00015dfc      0x4  O_display.o [1]
  .rodata              const    0x00015e00      0x4  O_display.o [1]
  .rodata              const    0x00015e04      0x4  O_display.o [1]
  .rodata              const    0x00015e08      0x4  O_display.o [1]
  .rodata              const    0x00015e0c      0x4  O_display.o [1]
  .rodata              const    0x00015e10      0x4  O_display.o [1]
  .rodata              const    0x00015e14      0x4  O_display.o [1]
  .rodata              const    0x00015e18      0x4  O_display.o [1]
  .rodata              const    0x00015e1c      0x4  O_display.o [1]
  .rodata              const    0x00015e20      0x4  O_display.o [1]
  .rodata              const    0x00015e24      0x4  O_display.o [1]
  .rodata              const    0x00015e28      0x4  O_display.o [1]
  .rodata              const    0x00015e2c      0x4  O_display.o [1]
  .rodata              const    0x00015e30      0x4  O_display.o [1]
  .rodata              const    0x00015e34      0x4  O_display.o [1]
  .rodata              const    0x00015e38      0x4  O_display.o [1]
  .rodata              const    0x00015e3c      0x4  O_display.o [1]
  .rodata              const    0x00015e40      0x4  O_display.o [1]
  .rodata              const    0x00015e44      0x4  O_display.o [1]
  .rodata              const    0x00015e48      0x4  O_display.o [1]
  .rodata              const    0x00015e4c      0x4  O_display.o [1]
  .rodata              const    0x00015e50      0x4  VCAN_LCD.o [1]
  .rodata              const    0x00015e54      0x4  VCAN_LCD.o [1]
  .rodata              const    0x00015e58      0x4  VCAN_LCD.o [1]
  .rodata              const    0x00015e5c      0x4  VCAN_LCD.o [1]
  .rodata              const    0x00015e60      0x4  VCAN_LCD_CH.o [1]
  Initializer bytes    ro data  0x00015e64     0x88  <for P2 s0>
                              - 0x00015eec  0x15ad4

"P2":                                        0x769c
  .data                         0x1fff0410   0x1010  <Block>
    .data-1                     0x1fff0410   0x1010  <Init block>
      .data            inited   0x1fff0410      0x2  main.o [1]
      .data            inited   0x1fff0412      0x2  main.o [1]
      .data            inited   0x1fff0414      0x8  MK60_adc.o [1]
      .data            inited   0x1fff041c    0x708  MK60_conf.o [1]
      .data            inited   0x1fff0b24     0x10  MK60_ftm.o [1]
      .data            inited   0x1fff0b34     0x14  MK60_gpio.o [1]
      .data            inited   0x1fff0b48     0x58  MK60_mcg.o [1]
      .data            inited   0x1fff0ba0      0x4  MK60_mcg.o [1]
      .data            inited   0x1fff0ba4     0x14  MK60_port.o [1]
      .data            inited   0x1fff0bb8     0x18  MK60_uart.o [1]
      .data            inited   0x1fff0bd0     0x48  O_dir.o [1]
      .data            inited   0x1fff0c18      0x1  O_display.o [1]
      .data            inited   0x1fff0c1c      0x4  O_init_system.o [1]
      .data            inited   0x1fff0c20      0x1  O_menu_control.o [1]
      .data            inited   0x1fff0c24      0x4  O_menu_control.o [1]
      .data            inited   0x1fff0c28      0x4  O_menu_control.o [1]
      .data            inited   0x1fff0c2c      0x1  O_picture_deal.o [1]
      .data            inited   0x1fff0c30     0x48  O_picture_deal.o [1]
      .data            inited   0x1fff0c78    0x140  O_picture_deal.o [1]
      .data            inited   0x1fff0db8     0x40  VCAN_ASCII.o [1]
      .data            inited   0x1fff0df8     0x80  VCAN_ASCII.o [1]
      .data            inited   0x1fff0e78     0xa0  VCAN_ASCII.o [1]
      .data            inited   0x1fff0f18     0xa0  VCAN_ASCII.o [1]
      .data            inited   0x1fff0fb8     0xa0  VCAN_ASCII.o [1]
      .data            inited   0x1fff1058     0xa0  VCAN_ASCII.o [1]
      .data            inited   0x1fff10f8     0x60  VCAN_ASCII.o [1]
      .data            inited   0x1fff1158     0x60  VCAN_ASCII.o [1]
      .data            inited   0x1fff11b8     0x60  VCAN_ASCII.o [1]
      .data            inited   0x1fff1218     0xa0  VCAN_ASCII.o [1]
      .data            inited   0x1fff12b8      0x2  VCAN_camera.o [1]
      .data            inited   0x1fff12bc      0x8  VCAN_key.o [1]
      .data            inited   0x1fff12c4      0x2  VCAN_LCD_ST7735R.o [1]
      .data            inited   0x1fff12c6      0x2  VCAN_LCD_ST7735R.o [1]
      .data            inited   0x1fff12c8      0x4  VCAN_LED.o [1]
      .data            inited   0x1fff12cc      0x1  VCAN_OV7725_Eagle.o [1]
      .data            inited   0x1fff12d0     0x64  VCAN_OV7725_Eagle.o [1]
      .data            inited   0x1fff1334      0x1  VCAN_OV7725_Eagle.o [1]
      .data            inited   0x1fff1338     0x1c  VCAN_UI_VAR.o [1]
      .data            inited   0x1fff1354     0x8c  VCAN_UI_VAR.o [1]
      .data            inited   0x1fff13e0     0x40  xfiles.o [3]
  CodeRelocateRam               0x1fff1420    0x1f0  <Block>
    CodeRelocateRam-1           0x1fff1420    0x1f0  <Init block>
      Veneer           inited   0x1fff1420      0x8  - Linker created -
      Veneer           inited   0x1fff1428      0x8  - Linker created -
      .textrw          inited   0x1fff1430    0x190  MK60_flash.o [1]
      .textrw          inited   0x1fff15c0     0x50  MK60_mcg.o [1]
  .bss                          0x1fff1610   0x6414  <Block>
    .bss               zero     0x1fff1610      0x4  main.o [1]
    .bss               zero     0x1fff1614      0x4  main.o [1]
    .bss               zero     0x1fff1618      0x4  main.o [1]
    .bss               zero     0x1fff161c      0xc  main.o [1]
    .bss               zero     0x1fff1628   0x4b00  main.o [1]
    .bss               zero     0x1fff6128     0x10  MK60_ftm.o [1]
    .bss               zero     0x1fff6138      0x4  O_dir.o [1]
    .bss               zero     0x1fff613c      0x4  O_dir.o [1]
    .bss               zero     0x1fff6140      0x4  O_dir.o [1]
    .bss               zero     0x1fff6144      0x4  O_dir.o [1]
    .bss               zero     0x1fff6148      0x4  O_dir.o [1]
    .bss               zero     0x1fff614c      0x4  O_dir.o [1]
    .bss               zero     0x1fff6150      0x4  O_dir.o [1]
    .bss               zero     0x1fff6154      0x8  O_dir.o [1]
    .bss               zero     0x1fff615c      0x4  O_dir.o [1]
    .bss               zero     0x1fff6160      0x4  O_dir.o [1]
    .bss               zero     0x1fff6164      0x4  O_dir.o [1]
    .bss               zero     0x1fff6168      0x4  O_dir.o [1]
    .bss               zero     0x1fff616c      0x4  O_dir.o [1]
    .bss               zero     0x1fff6170      0x4  O_dir.o [1]
    .bss               zero     0x1fff6174      0x4  O_dir.o [1]
    .bss               zero     0x1fff6178      0x4  O_dir.o [1]
    .bss               zero     0x1fff617c      0x4  O_dir.o [1]
    .bss               zero     0x1fff6180      0xc  O_display.o [1]
    .bss               zero     0x1fff618c      0xc  O_display.o [1]
    .bss               zero     0x1fff6198    0x984  O_init_system.o [1]
    .bss               zero     0x1fff6b1c      0x4  O_measure_distance.o [1]
    .bss               zero     0x1fff6b20      0x4  O_measure_distance.o [1]
    .bss               zero     0x1fff6b24      0x4  O_measure_distance.o [1]
    .bss               zero     0x1fff6b28      0x4  O_measure_distance.o [1]
    .bss               zero     0x1fff6b2c      0x4  O_measure_distance.o [1]
    .bss               zero     0x1fff6b30      0x4  O_measure_distance.o [1]
    .bss               zero     0x1fff6b34      0x4  O_menu_control.o [1]
    .bss               zero     0x1fff6b38      0x4  O_menu_control.o [1]
    .bss               zero     0x1fff6b3c      0x4  O_menu_control.o [1]
    .bss               zero     0x1fff6b40      0x4  O_menu_control.o [1]
    .bss               zero     0x1fff6b44      0x4  O_menu_control.o [1]
    .bss               zero     0x1fff6b48      0x4  O_menu_control.o [1]
    .bss               zero     0x1fff6b4c      0x4  O_menu_control.o [1]
    .bss               zero     0x1fff6b50      0x4  O_menu_control.o [1]
    .bss               zero     0x1fff6b54      0x4  O_menu_control.o [1]
    .bss               zero     0x1fff6b58      0x4  O_menu_control.o [1]
    .bss               zero     0x1fff6b5c     0x48  O_picture_deal.o [1]
    .bss               zero     0x1fff6ba4     0x48  O_picture_deal.o [1]
    .bss               zero     0x1fff6bec     0x48  O_picture_deal.o [1]
    .bss               zero     0x1fff6c34     0x48  O_picture_deal.o [1]
    .bss               zero     0x1fff6c7c     0x48  O_picture_deal.o [1]
    .bss               zero     0x1fff6cc4    0x604  O_picture_deal.o [1]
    .bss               zero     0x1fff72c8     0x8c  O_picture_deal.o [1]
    .bss               zero     0x1fff7354    0x118  O_picture_deal.o [1]
    .bss               zero     0x1fff746c    0x118  O_picture_deal.o [1]
    .bss               zero     0x1fff7584     0x8c  O_picture_deal.o [1]
    .bss               zero     0x1fff7610     0x8c  O_picture_deal.o [1]
    .bss               zero     0x1fff769c     0x8c  O_picture_deal.o [1]
    .bss               zero     0x1fff7728     0x8c  O_picture_deal.o [1]
    .bss               zero     0x1fff77b4     0x8c  O_picture_deal.o [1]
    .bss               zero     0x1fff7840     0x8c  O_picture_deal.o [1]
    .bss               zero     0x1fff78cc      0x4  O_picture_deal.o [1]
    .bss               zero     0x1fff78d0      0x4  O_picture_deal.o [1]
    .bss               zero     0x1fff78d4      0x4  O_picture_deal.o [1]
    .bss               zero     0x1fff78d8      0x4  O_picture_deal.o [1]
    .bss               zero     0x1fff78dc      0x4  O_speed.o [1]
    .bss               zero     0x1fff78e0      0x4  O_speed.o [1]
    .bss               zero     0x1fff78e4      0x4  O_speed.o [1]
    .bss               zero     0x1fff78e8      0x4  O_speed.o [1]
    .bss               zero     0x1fff78ec      0x4  O_speed.o [1]
    .bss               zero     0x1fff78f0      0x4  O_speed.o [1]
    .bss               zero     0x1fff78f4      0x4  O_speed.o [1]
    .bss               zero     0x1fff78f8      0x8  O_speed.o [1]
    .bss               zero     0x1fff7900      0x8  O_speed.o [1]
    .bss               zero     0x1fff7908      0x4  O_speed.o [1]
    .bss               zero     0x1fff790c     0x10  O_speed.o [1]
    .bss               zero     0x1fff791c      0x4  system_MK60DZ10.o [1]
    .bss               zero     0x1fff7920      0x4  system_MK60DZ10.o [1]
    .bss               zero     0x1fff7924      0x4  system_MK60DZ10.o [1]
    .bss               zero     0x1fff7928     0x28  VCAN_key.o [1]
    .bss               zero     0x1fff7950      0x8  VCAN_key.o [1]
    .bss               zero     0x1fff7958      0x4  VCAN_LCD.o [1]
    .bss               zero     0x1fff795c      0x4  VCAN_OV7725_Eagle.o [1]
    .bss               zero     0x1fff7960     0x50  xfiles.o [3]
    .bss               zero     0x1fff79b0      0x2  main.o [1]
    .bss               zero     0x1fff79b2      0x2  main.o [1]
    .bss               zero     0x1fff79b4      0x2  O_dir.o [1]
    .bss               zero     0x1fff79b6      0x2  O_menu_control.o [1]
    .bss               zero     0x1fff79b8      0x2  O_menu_control.o [1]
    .bss               zero     0x1fff79ba      0x2  O_menu_control.o [1]
    .bss               zero     0x1fff79bc      0x2  O_menu_control.o [1]
    .bss               zero     0x1fff79be      0x2  O_picture_deal.o [1]
    .bss               zero     0x1fff79c0      0x2  O_picture_deal.o [1]
    .bss               zero     0x1fff79c2      0x2  O_picture_deal.o [1]
    .bss               zero     0x1fff79c4      0x2  O_picture_deal.o [1]
    .bss               zero     0x1fff79c6      0x2  O_picture_deal.o [1]
    .bss               zero     0x1fff79c8      0x2  O_picture_deal.o [1]
    .bss               zero     0x1fff79ca      0x2  O_picture_deal.o [1]
    .bss               zero     0x1fff79cc      0x2  O_picture_deal.o [1]
    .bss               zero     0x1fff79ce      0x2  O_speed.o [1]
    .bss               zero     0x1fff79d0      0x2  O_speed.o [1]
    .bss               zero     0x1fff79d2      0x2  O_speed.o [1]
    .bss               zero     0x1fff79d4      0x2  O_speed.o [1]
    .bss               zero     0x1fff79d6      0x2  O_speed.o [1]
    .bss               zero     0x1fff79d8      0x2  O_speed.o [1]
    .bss               zero     0x1fff79da      0x2  O_speed.o [1]
    .bss               zero     0x1fff79dc      0x1  main.o [1]
    .bss               zero     0x1fff79dd      0x1  main.o [1]
    .bss               zero     0x1fff79de      0x1  main.o [1]
    .bss               zero     0x1fff79df      0x1  main.o [1]
    .bss               zero     0x1fff79e0      0x1  main.o [1]
    .bss               zero     0x1fff79e1      0x1  main.o [1]
    .bss               zero     0x1fff79e2      0x1  main.o [1]
    .bss               zero     0x1fff79e3      0x1  main.o [1]
    .bss               zero     0x1fff79e4      0x1  main.o [1]
    .bss               zero     0x1fff79e5      0x1  main.o [1]
    .bss               zero     0x1fff79e6      0x1  O_dir.o [1]
    .bss               zero     0x1fff79e7      0x1  O_dir.o [1]
    .bss               zero     0x1fff79e8      0x1  O_display.o [1]
    .bss               zero     0x1fff79e9      0x1  O_display.o [1]
    .bss               zero     0x1fff79ea      0x1  O_isr.o [1]
    .bss               zero     0x1fff79eb      0x1  O_menu_control.o [1]
    .bss               zero     0x1fff79ec      0x1  O_menu_control.o [1]
    .bss               zero     0x1fff79ed      0x1  O_menu_control.o [1]
    .bss               zero     0x1fff79ee      0x1  O_picture_deal.o [1]
    .bss               zero     0x1fff79ef      0x1  O_picture_deal.o [1]
    .bss               zero     0x1fff79f0      0x1  O_picture_deal.o [1]
    .bss               zero     0x1fff79f1      0x1  O_picture_deal.o [1]
    .bss               zero     0x1fff79f2      0x1  O_picture_deal.o [1]
    .bss               zero     0x1fff79f3      0x1  O_picture_deal.o [1]
    .bss               zero     0x1fff79f4      0x1  O_picture_deal.o [1]
    .bss               zero     0x1fff79f5      0x1  O_picture_deal.o [1]
    .bss               zero     0x1fff79f6      0x1  O_picture_deal.o [1]
    .bss               zero     0x1fff79f7      0x1  O_picture_deal.o [1]
    .bss               zero     0x1fff79f8      0x1  O_picture_deal.o [1]
    .bss               zero     0x1fff79f9      0x1  O_picture_deal.o [1]
    .bss               zero     0x1fff79fa      0x1  O_picture_deal.o [1]
    .bss               zero     0x1fff79fb      0x1  O_picture_deal.o [1]
    .bss               zero     0x1fff79fc      0x1  O_picture_deal.o [1]
    .bss               zero     0x1fff79fd      0x1  O_picture_deal.o [1]
    .bss               zero     0x1fff79fe      0x1  O_picture_deal.o [1]
    .bss               zero     0x1fff79ff      0x1  O_picture_deal.o [1]
    .bss               zero     0x1fff7a00      0x1  O_picture_deal.o [1]
    .bss               zero     0x1fff7a01      0x1  O_picture_deal.o [1]
    .bss               zero     0x1fff7a02      0x1  O_picture_deal.o [1]
    .bss               zero     0x1fff7a03      0x1  O_picture_deal.o [1]
    .bss               zero     0x1fff7a04      0x1  O_picture_deal.o [1]
    .bss               zero     0x1fff7a05      0x1  O_picture_deal.o [1]
    .bss               zero     0x1fff7a06      0x1  O_picture_deal.o [1]
    .bss               zero     0x1fff7a07      0x1  O_picture_deal.o [1]
    .bss               zero     0x1fff7a08      0x1  O_picture_deal.o [1]
    .bss               zero     0x1fff7a09      0x1  O_picture_deal.o [1]
    .bss               zero     0x1fff7a0a      0x1  O_picture_deal.o [1]
    .bss               zero     0x1fff7a0b      0x1  O_picture_deal.o [1]
    .bss               zero     0x1fff7a0c      0x1  O_picture_deal.o [1]
    .bss               zero     0x1fff7a0d      0x1  O_picture_deal.o [1]
    .bss               zero     0x1fff7a0e      0x1  O_picture_deal.o [1]
    .bss               zero     0x1fff7a0f      0x1  O_picture_deal.o [1]
    .bss               zero     0x1fff7a10      0x1  O_picture_deal.o [1]
    .bss               zero     0x1fff7a11      0x1  O_picture_deal.o [1]
    .bss               zero     0x1fff7a12      0x1  O_picture_deal.o [1]
    .bss               zero     0x1fff7a13      0x1  O_picture_deal.o [1]
    .bss               zero     0x1fff7a14      0x1  O_picture_deal.o [1]
    .bss               zero     0x1fff7a15      0x1  VCAN_key.o [1]
    .bss               zero     0x1fff7a16      0x1  VCAN_key.o [1]
    .bss               zero     0x1fff7a17      0x1  VCAN_key.o [1]
    .bss               zero     0x1fff7a18      0x1  VCAN_key_event.o [1]
    .bss               zero     0x1fff7a19      0x1  VCAN_key_event.o [1]
    .bss               zero     0x1fff7a1a      0x1  VCAN_key_event.o [1]
    .bss               zero     0x1fff7a1b      0x1  VCAN_key_event.o [1]
    .bss               zero     0x1fff7a1c      0x1  VCAN_key_event.o [1]
    .bss               zero     0x1fff7a1d      0x1  VCAN_key_event.o [1]
    .bss               zero     0x1fff7a1e      0x1  VCAN_LCD_ST7735R.o [1]
    .bss               zero     0x1fff7a1f      0x1  VCAN_UI_VAR.o [1]
    .bss               zero     0x1fff7a20      0x1  VCAN_UI_VAR.o [1]
  P2 s0                         0x1fff7a24     0x88  <Init block>
    __DLIB_PERTHREAD   inited   0x1fff7a24     0x88  localeconv.o [3]
                              - 0x1fff7aac   0x769c


*******************************************************************************
*** INIT TABLE
***

          Address     Size
          -------     ----
Zero (__iar_zero_init3)
    1 destination range, total size 0x6411:
          0x1fff1610  0x6411



*******************************************************************************
*** MODULE SUMMARY
***

    Module                 ro code  rw code  ro data  rw data
    ------                 -------  -------  -------  -------
D:\project\car\Prj\IAR\FN15_Debug\Obj: [1]
    MK60_PIT.o                 348                36
    MK60_SysTick.o             100                40
    MK60_adc.o                 696                44        8
    MK60_conf.o                320             1 948    1 800
    MK60_dma.o                 644                36
    MK60_flash.o                        400      440
    MK60_ftm.o               1 516                52       32
    MK60_gpio.o                380                56       20
    MK60_mcg.o                 980       80      172       92
    MK60_port.o                176                20       20
    MK60_uart.o                588                60       24
    MK60_wdog.o                 64
    O_dir.o                  1 124                72      148
    O_display.o              5 168               585       27
    O_init_system.o          1 184                 7    2 440
    O_isr.o                    220                          1
    O_measure_distance.o       256                         24
    O_menu_control.o           308                12       60
    O_picture_deal.o        10 676               468    3 904
    O_speed.o                2 034                         78
    VCAN_ASCII.o                              35 584    1 280
    VCAN_LCD.o               2 236                16        4
    VCAN_LCD_CH.o              436                 4
    VCAN_LCD_ST7735R.o       7 192                48        5
    VCAN_LED.o                 112                 4        4
    VCAN_OV7725_Eagle.o        576               277      106
    VCAN_SCCB.o                866
    VCAN_UI_VAR.o              336               211      170
    VCAN_camera.o              284               124        2
    VCAN_key.o                 544                10       59
    VCAN_key_event.o         2 220                          6
    main.o                     112                 4   19 242
    misc.o                      80                32
    startup_MK60DZ10.o           8
    system_MK60DZ10.o          320                         12
    vectors.o                                  1 040
    ---------------------------------------------------------
    Total:                  42 104      480   41 402   29 568

command line: [2]
    ---------------------------------------------------------
    Total:

dl7M_tlf.a: [3]
    abs.o                        8
    div.o                       14
    exit.o                       4
    localeconv.o               108               136      136
    low_level_init.o             4
    printf.o                    36
    putchar.o                   12
    xfiles.o                                      64      144
    xprintflarge_nomb.o      3 054
    xprout.o                    22
    xtls.o                       2
    ---------------------------------------------------------
    Total:                   3 264               200      280

m7M_tlv.a: [4]
    DblAdd.o                   232
    DblCmpLe.o                  46
    DblDiv.o                   582
    DblMul.o                   418
    DblSub.o                   384
    DblToFlt.o                 144
    DblToI32.o                  88
    FltToDbl.o                  78
    I32ToDbl.o                  48
    fpinit_M.o                  34
    xdnorm.o                    66
    ---------------------------------------------------------
    Total:                   2 120

rt7M_tl.a: [5]
    ABImemcpy_unaligned.o      118
    I64DivMod.o                238
    I64DivZer.o                  2
    XXexit.o                    12
    cexit.o                     10
    cmain.o                     26
    cstartup_M.o                12
    data_init.o                 40
    memchr.o                    88
    strchr.o                    22
    strlen.o                    54
    zero_init3.o                34
    ---------------------------------------------------------
    Total:                     656

    Gaps                        28                 2       17
    Linker created              24       16       36
-------------------------------------------------------------
    Grand Total:            48 196      496   41 640   29 865


*******************************************************************************
*** ENTRY LIST
***

Entry                      Address    Size  Type      Object
-----                      -------    ----  ----      ------
.bss$$Base              0x1fff1610           --   Gb  - Linker created -
.bss$$Limit             0x1fff7a24           --   Gb  - Linker created -
.data$$Base             0x1fff0410           --   Gb  - Linker created -
.data$$Limit            0x1fff1420           --   Gb  - Linker created -
.data_init$$Base        0x000108ac           --   Gb  - Linker created -
.data_init$$Limit       0x000118c0           --   Gb  - Linker created -
?main                   0x00015b45          Code  Gb  cmain.o [5]
ADCN                    0x1fff0414     0x8  Data  Gb  MK60_adc.o [1]
ASSERT_FAILED_STR       0x00015990    0x24  Data  Gb  MK60_conf.o [1]
CAR_MODEL               0x1fff79dc     0x1  Data  Gb  main.o [1]
Car_Speed_ave           0x1fff79d4     0x2  Data  Gb  O_speed.o [1]
Car_Speed_average       0x1fff790c    0x10  Data  Gb  O_speed.o [1]
CodeRelocate$$Base      0x00014f98           --   Gb  - Linker created -
CodeRelocate$$Limit     0x00015188           --   Gb  - Linker created -
CodeRelocateRam$$Base   0x1fff1420           --   Gb  - Linker created -
CodeRelocateRam$$Limit  0x1fff1610           --   Gb  - Linker created -
DD_left                 0x1fff77b4    0x8c  Data  Gb  O_picture_deal.o [1]
DD_mid_line_add         0x1fff79c2     0x2  Data  Gb  O_picture_deal.o [1]
DD_right                0x1fff7840    0x8c  Data  Gb  O_picture_deal.o [1]
DD_wide                 0x1fff7728    0x8c  Data  Gb  O_picture_deal.o [1]
DJ_PID                  0x00014a49    0xe0  Code  Gb  O_dir.o [1]
DJ_protect              0x1fff78e8     0x4  Data  Gb  O_speed.o [1]
DMA0_IRQHandler         0x0001576b     0x8  Code  Gb  O_isr.o [1]
D_left                  0x1fff7584    0x8c  Data  Gb  O_picture_deal.o [1]
D_real_wide             0x1fff746c   0x118  Data  Gb  O_picture_deal.o [1]
D_right                 0x1fff7610    0x8c  Data  Gb  O_picture_deal.o [1]
D_wide                  0x1fff769c    0x8c  Data  Gb  O_picture_deal.o [1]
D_wide_add              0x1fff78cc     0x4  Data  Gb  O_picture_deal.o [1]
Distance_Current_Pule   0x1fff79d2     0x2  Data  Gb  O_speed.o [1]
FTMN                    0x1fff0b24    0x10  Data  Gb  MK60_ftm.o [1]
FTM_port_mux            0x00012a41   0x1ac  Code  Lc  MK60_ftm.o [1]
GPIOX                   0x1fff0b34    0x14  Data  Gb  MK60_gpio.o [1]
KEY_PTxn                0x1fff12bc     0x8  Data  Gb  VCAN_key.o [1]
KP2                     0x1fff78ec     0x4  Data  Gb  O_speed.o [1]
Kd                      0x1fff6144     0x4  Data  Gb  O_dir.o [1]
Kd2                     0x1fff78f4     0x4  Data  Gb  O_speed.o [1]
Ki2                     0x1fff78f0     0x4  Data  Gb  O_speed.o [1]
Kp                      0x1fff6168     0x4  Data  Gb  O_dir.o [1]
Kp1                     0x1fff613c     0x4  Data  Gb  O_dir.o [1]
Kp2                     0x1fff6140     0x4  Data  Gb  O_dir.o [1]
LCD_FChar_CH            0x000106f9   0x12e  Code  Gb  VCAN_LCD_CH.o [1]
LCD_FStr_CH             0x00010841    0x6c  Code  Gb  VCAN_LCD_CH.o [1]
LCD_Img_Binary_My       0x0000b09f   0x156  Code  Gb  VCAN_LCD.o [1]
LCD_Img_RGB565_Z        0x0000b281   0x13c  Code  Gb  VCAN_LCD.o [1]
LCD_ST7735R_dir         0x0000ce53   0xa0c  Code  Gb  VCAN_LCD_ST7735R.o [1]
LCD_ST7735R_init        0x0000be95   0xfbe  Code  Gb  VCAN_LCD_ST7735R.o [1]
LCD_ST7735R_ptlon       0x0000d875   0x208  Code  Gb  VCAN_LCD_ST7735R.o [1]
LCD_char                0x0000b573   0x19e  Code  Gb  VCAN_LCD.o [1]
LCD_clear               0x0000b48d    0x28  Code  Gb  VCAN_LCD.o [1]
LCD_init                0x0000b075    0x2a  Code  Gb  VCAN_LCD.o [1]
LCD_line                0x0000b1f5    0x8c  Code  Gb  VCAN_LCD.o [1]
LCD_num                 0x0000b779    0x88  Code  Gb  VCAN_LCD.o [1]
LCD_num_BC              0x0000b801    0xfe  Code  Gb  VCAN_LCD.o [1]
LCD_point               0x0000b4b5    0xbe  Code  Gb  VCAN_LCD.o [1]
LCD_rectangle           0x0000b3bd    0xd0  Code  Gb  VCAN_LCD.o [1]
LCD_show                0x0000f319    0x84  Code  Gb  O_display.o [1]
LCD_str                 0x0000b711    0x68  Code  Gb  VCAN_LCD.o [1]
LED_PTxn                0x1fff12c8     0x4  Data  Gb  VCAN_LED.o [1]
LoadInt                 0x0000e1a3    0x6e  Code  Lc  xprintflarge_nomb.o [3]
MAX_dir_duty            0x1fff614c     0x4  Data  Gb  O_dir.o [1]
MID_dir_duty            0x1fff6148     0x4  Data  Gb  O_dir.o [1]
MIN_dir_duty            0x1fff6150     0x4  Data  Gb  O_dir.o [1]
Mid_duty                0x1fff6138     0x4  Data  Gb  O_dir.o [1]
Motor_En                0x1fff79eb     0x1  Data  Gb  O_menu_control.o [1]
NVIC_DisableIRQ         0x00013d99    0x14  Code  Lc  VCAN_OV7725_Eagle.o [1]
NVIC_EnableIRQ          0x00013651    0x16  Code  Lc  O_init_system.o [1]
NVIC_EnableIRQ          0x00013d85    0x14  Code  Lc  VCAN_OV7725_Eagle.o [1]
NVIC_SetPriority        0x00013667    0x2a  Code  Lc  O_init_system.o [1]
NVIC_SetPriorityGrouping
                        0x0001362d    0x24  Code  Lc  O_init_system.o [1]
NVIC_SystemReset        0x0000af35    0x1a  Code  Lc  MK60_conf.o [1]
PIT0_IRQHandler         0x00015773    0x14  Code  Gb  O_isr.o [1]
PIT2_IRQHandler         0x000156c9    0x80  Code  Gb  O_isr.o [1]
PORTA_IRQHandler        0x00015749    0x22  Code  Gb  O_isr.o [1]
PORTX                   0x1fff0ba4    0x14  Data  Gb  MK60_port.o [1]
Region$$Table$$Base     0x00015ad4           --   Gb  - Linker created -
Region$$Table$$Limit    0x00015ae4           --   Gb  - Linker created -
Reset_Handler           0x00000411          Code  Gb  startup_MK60DZ10.o [1]
SCCB_Ack                0x000144c9    0x3c  Code  Lc  VCAN_SCCB.o [1]
SCCB_GPIO_init          0x0001440f    0x28  Code  Gb  VCAN_SCCB.o [1]
SCCB_NoAck              0x00014505    0x3c  Code  Lc  VCAN_SCCB.o [1]
SCCB_ReadByte           0x000146a5    0x2c  Code  Gb  VCAN_SCCB.o [1]
SCCB_ReadByte_one       0x000146d1    0x86  Code  Lc  VCAN_SCCB.o [1]
SCCB_ReceiveByte        0x000145d1    0x54  Code  Lc  VCAN_SCCB.o [1]
SCCB_SendByte           0x0001458d    0x44  Code  Lc  VCAN_SCCB.o [1]
SCCB_Start              0x00014437    0x5e  Code  Lc  VCAN_SCCB.o [1]
SCCB_Stop               0x00014495    0x34  Code  Lc  VCAN_SCCB.o [1]
SCCB_WaitAck            0x00014541    0x4c  Code  Lc  VCAN_SCCB.o [1]
SCCB_WriteByte          0x00014635    0x28  Code  Gb  VCAN_SCCB.o [1]
SCCB_WriteByte_one      0x0001465d    0x48  Code  Lc  VCAN_SCCB.o [1]
SCCB_delay              0x000143f5    0x1a  Code  Lc  VCAN_SCCB.o [1]
SE_duty                 0x1fff6160     0x4  Data  Gb  O_dir.o [1]
ST7735R_get_h           0x0000da7d     0x6  Code  Gb  VCAN_LCD_ST7735R.o [1]
ST7735R_get_w           0x0000da83     0x6  Code  Gb  VCAN_LCD_ST7735R.o [1]
Search_all_boundary     0x00009651   0x2d0  Code  Gb  O_picture_deal.o [1]
Spd_Dtc_Get             0x000126b5   0x11c  Code  Gb  O_speed.o [1]
System_time             0x1fff6b34     0x4  Data  Gb  O_menu_control.o [1]
Time_Commen             0x0001565d    0x36  Code  Gb  O_menu_control.o [1]
Time_En                 0x1fff0c20     0x1  Data  Gb  O_menu_control.o [1]
Total_distance          0x1fff7908     0x4  Data  Gb  O_speed.o [1]
UARTN                   0x1fff0bb8    0x18  Data  Gb  MK60_uart.o [1]
X_change                0x1fff0c78   0x140  Data  Gb  O_picture_deal.o [1]
X_point                 0x1fff6c34    0x48  Data  Gb  O_picture_deal.o [1]
Y_point                 0x1fff6c7c    0x48  Data  Gb  O_picture_deal.o [1]
_GenldLargeNoMb         0x0000e599   0x236  Code  Lc  xprintflarge_nomb.o [3]
_LdtobLargeNoMb         0x0000e319   0x27a  Code  Lc  xprintflarge_nomb.o [3]
_LitobLargeNoMb         0x0000e211   0x106  Code  Lc  xprintflarge_nomb.o [3]
_Locale_aeabi_lconv     0x1fff7a74    0x38  Data  Gb  localeconv.o [3]
_Locale_lconv           0x1fff7a24    0x50  Data  Gb  localeconv.o [3]
_PrintfLargeNoMb        0x0000dc29   0x574  Code  Gb  xprintflarge_nomb.o [3]
_Prout                  0x00015bb1    0x16  Code  Gb  xprout.o [3]
_PutcharsLargeNoMb      0x0000e7cf    0x2e  Code  Lc  xprintflarge_nomb.o [3]
__BOOT_STACK_ADDRESS {Abs}
                        0x2000fff8           --   Gb  command line/config [2]
__VECTOR_RAM {Abs}      0x1fff0000           --   Gb  command line/config [2]
__VECTOR_TABLE {Abs}    0x00000000           --   Gb  command line/config [2]
__aeabi_cdcmple         0x0000eb39          Code  Gb  DblCmpLe.o [4]
__aeabi_d2f             0x000121bd          Code  Gb  DblToFlt.o [4]
__aeabi_d2iz            0x0000ef55          Code  Gb  DblToI32.o [4]
__aeabi_d2uiz           0x0000ef81          Code  Gb  DblToI32.o [4]
__aeabi_dadd            0x0000f1dd          Code  Gb  DblAdd.o [4]
__aeabi_ddiv            0x0000ed0d          Code  Gb  DblDiv.o [4]
__aeabi_dmul            0x0000eb69          Code  Gb  DblMul.o [4]
__aeabi_dsub            0x0000efdd          Code  Gb  DblSub.o [4]
__aeabi_f2d             0x0001216d          Code  Gb  FltToDbl.o [4]
__aeabi_i2d             0x0000efad          Code  Gb  I32ToDbl.o [4]
__aeabi_ldiv0           0x0000f1d9          Code  Gb  I64DivZer.o [5]
__aeabi_ui2d            0x0000efc1          Code  Gb  I32ToDbl.o [4]
__aeabi_uldivmod        0x0000e991          Code  Gb  I64DivMod.o [5]
__cmain                 0x00015b45          Code  Gb  cmain.o [5]
__code_start__ {Abs}    0x00000410           --   Gb  command line/config [2]
__exit                  0x00015b75          Code  Gb  XXexit.o [5]
__iar_Dnorm             0x0000eaf7    0x42  Code  Gb  xdnorm.o [4]
__iar_Locale_lconv_init
                        0x0000f15d    0x3a  Code  Gb  localeconv.o [3]
__iar_Memchr            0x0000e939          Code  Gb  memchr.o [5]
__iar_Stdout            0x1fff13e0    0x40  Data  Gb  xfiles.o [3]
__iar_Strchr            0x0000e8e9          Code  Gb  strchr.o [5]
__iar_d2uiz             0x0000ef8d          Code  Gb  DblToI32.o [4]
__iar_dadd              0x0000f1f1          Code  Gb  DblAdd.o [4]
__iar_data_init3        0x00015945    0x28  Code  Gb  data_init.o [5]
__iar_dlib_perthread_access
                        0x0000f2c5     0x2  Code  Gb  xtls.o [3]
__iar_dsub              0x0000eff1          Code  Gb  DblSub.o [4]
__iar_dsubStart         0x0000f003          Code  Gb  DblSub.o [4]
__iar_init_vfp          0x00015ab1          Code  Gb  fpinit_M.o [4]
__iar_program_start     0x00015bfd          Code  Gb  cstartup_M.o [5]
__iar_ui2d              0x0000efc5          Code  Gb  I32ToDbl.o [4]
__iar_unaligned___aeabi_memcpy
                        0x0000ea81          Code  Gb  ABImemcpy_unaligned.o [5]
__iar_unaligned___aeabi_memcpy4
                        0x0000eaa1          Code  Gb  ABImemcpy_unaligned.o [5]
__iar_unaligned___aeabi_memcpy8
                        0x0000eaa1          Code  Gb  ABImemcpy_unaligned.o [5]
__iar_zero_init3        0x0000e817    0x22  Code  Gb  zero_init3.o [5]
__low_level_init        0x00015b5f     0x4  Code  Gb  low_level_init.o [3]
__vector_table          0x00000000   0x410  Data  Gb  vectors.o [1]
_call_main              0x00015b51          Code  Gb  cmain.o [5]
_exit                   0x00015b69          Code  Gb  cexit.o [5]
_main                   0x00015b5b          Code  Gb  cmain.o [5]
abs                     0x0000adcd     0x8  Code  Gb  abs.o [3]
adc_init                0x00013acd   0x20e  Code  Gb  MK60_adc.o [1]
adc_once                0x00013cdb    0x50  Code  Gb  MK60_adc.o [1]
adc_start               0x00013d2b    0x44  Code  Lc  MK60_adc.o [1]
all_normal_count        0x1fff79f7     0x1  Data  Gb  O_picture_deal.o [1]
all_normal_count_huan   0x1fff79f8     0x1  Data  Gb  O_picture_deal.o [1]
ascii_8x16              0x0001302c   0x600  Data  Gb  VCAN_ASCII.o [1]
assert_failed           0x0000af4f    0x26  Code  Gb  MK60_conf.o [1]
bat_voltage_measure     0x00015595    0xc8  Code  Gb  O_menu_control.o [1]
bmp                     0x1fff618c     0xc  Data  Gb  O_display.o [1]
bmp_display             0x0000f2d5    0x26  Code  Gb  O_display.o [1]
bmp_init                0x0000f2c9     0xc  Code  Gb  O_display.o [1]
boma                    0x1fff6b40     0x4  Data  Gb  O_menu_control.o [1]
break_menu              0x1fff0df8    0x80  Data  Gb  VCAN_ASCII.o [1]
budiu                   0x1fff79fc     0x1  Data  Gb  O_picture_deal.o [1]
bus_clk_khz             0x1fff7924     0x4  Data  Gb  system_MK60DZ10.o [1]
camera_boundary         0x1fff12b8     0x2  Data  Gb  VCAN_camera.o [1]
camera_zhenshu          0x1fff6b48     0x4  Data  Gb  O_menu_control.o [1]
car_ctrl                0x1fff7a1f     0x1  Data  Lc  VCAN_UI_VAR.o [1]
chao_one                0x1fff79e3     0x1  Data  Gb  main.o [1]
chao_one2               0x1fff79e4     0x1  Data  Gb  main.o [1]
color                   0x1fff6180     0xc  Data  Gb  O_display.o [1]
color_change            0x00010465    0x7a  Code  Gb  O_display.o [1]
color_init              0x00010501    0x3e  Code  Gb  O_display.o [1]
common_startup          0x000151f3    0x98  Code  Gb  system_MK60DZ10.o [1]
core_clk_khz            0x1fff791c     0x4  Data  Gb  system_MK60DZ10.o [1]
core_clk_mhz            0x1fff7920     0x4  Data  Gb  system_MK60DZ10.o [1]
cut_1                   0x1fff79e1     0x1  Data  Gb  main.o [1]
cut_2                   0x1fff79e2     0x1  Data  Gb  main.o [1]
deal_key_down           0x0001203f    0xa4  Code  Gb  VCAN_key_event.o [1]
deal_key_event          0x000118cb    0xd8  Code  Gb  VCAN_key_event.o [1]
deal_key_left           0x00011c37   0x1c6  Code  Gb  VCAN_key_event.o [1]
deal_key_right          0x00011dfd   0x194  Code  Gb  VCAN_key_event.o [1]
deal_key_select         0x000119a3   0x294  Code  Gb  VCAN_key_event.o [1]
deal_key_up             0x00011f91    0xae  Code  Gb  VCAN_key_event.o [1]
default_isr             0x0000b023    0x30  Code  Gb  MK60_conf.o [1]
dianya                  0x1fff79b8     0x2  Data  Gb  O_menu_control.o [1]
didianya                0x1fff1218    0xa0  Data  Gb  VCAN_ASCII.o [1]
display_zs              0x1fff79ec     0x1  Data  Gb  O_menu_control.o [1]
distance                0x0001581c    0x48  Data  Gb  O_picture_deal.o [1]
distance2               0x1fff0c30    0x48  Data  Gb  O_picture_deal.o [1]
div                     0x0000f1c9     0xe  Code  Gb  div.o [3]
dj_protect              0x00012a3d     0x2  Code  Gb  O_speed.o [1]
dma_gpio_input_init     0x00014171    0x5c  Code  Lc  MK60_dma.o [1]
dma_portx2buff_init     0x000141cd   0x1f4  Code  Gb  MK60_dma.o [1]
error                   0x1fff616c     0x4  Data  Gb  O_dir.o [1]
error_L                 0x1fff7900     0x8  Data  Gb  O_speed.o [1]
error_R                 0x1fff78f8     0x8  Data  Gb  O_speed.o [1]
error_d                 0x1fff6170     0x4  Data  Gb  O_dir.o [1]
error_pre               0x1fff6174     0x4  Data  Gb  O_dir.o [1]
exit                    0x00015b63     0x4  Code  Gb  exit.o [3]
fache                   0x1fff79e8     0x1  Data  Gb  O_display.o [1]
fiag_huan               0x1fff7a13     0x1  Data  Gb  O_picture_deal.o [1]
fiag_huan_l             0x1fff7a12     0x1  Data  Gb  O_picture_deal.o [1]
fiag_huan_r             0x1fff7a11     0x1  Data  Gb  O_picture_deal.o [1]
flag                    0x1fff6b20     0x4  Data  Gb  O_measure_distance.o [1]
flag_didianya           0x1fff79ba     0x2  Data  Gb  O_menu_control.o [1]
flag_key_l_u_0          0x1fff7a19     0x1  Data  Gb  VCAN_key_event.o [1]
flag_key_l_u_1          0x1fff7a1a     0x1  Data  Gb  VCAN_key_event.o [1]
flag_key_l_u_2          0x1fff7a1b     0x1  Data  Gb  VCAN_key_event.o [1]
flag_key_l_u_3          0x1fff7a1c     0x1  Data  Gb  VCAN_key_event.o [1]
flag_key_l_u_4          0x1fff7a1d     0x1  Data  Gb  VCAN_key_event.o [1]
flag_key_select         0x1fff7a18     0x1  Data  Gb  VCAN_key_event.o [1]
flash_cmd               0x1fff1431    0x20  Code  Gb  MK60_flash.o [1]
flash_erase_sector      0x1fff1475    0x5c  Code  Gb  MK60_flash.o [1]
flash_init              0x1fff1451    0x24  Code  Gb  MK60_flash.o [1]
flash_write             0x1fff14d1    0xb4  Code  Gb  MK60_flash.o [1]
follow_huan             0x1fff7a08     0x1  Data  Gb  O_picture_deal.o [1]
fputc                   0x0000af75    0x14  Code  Gb  MK60_conf.o [1]
front_car               0x1fff79df     0x1  Data  Gb  main.o [1]
ftm_mod                 0x1fff6128    0x10  Data  Lc  MK60_ftm.o [1]
ftm_pwm_duty            0x00012d97   0x11a  Code  Gb  MK60_ftm.o [1]
ftm_pwm_init            0x00012bed   0x1aa  Code  Gb  MK60_ftm.o [1]
ftm_quad_clean          0x00012fe3    0x28  Code  Gb  MK60_ftm.o [1]
ftm_quad_get            0x00012fb7    0x2c  Code  Gb  MK60_ftm.o [1]
ftm_quad_init           0x00012eb1   0x106  Code  Gb  MK60_ftm.o [1]
get_key_msg             0x0000bd6d    0x62  Code  Gb  VCAN_key.o [1]
get_var                 0x0000add5    0x42  Code  Gb  VCAN_UI_VAR.o [1]
gpio_ddr                0x0000db5b    0x52  Code  Gb  MK60_gpio.o [1]
gpio_get                0x0000dbe5    0x3a  Code  Gb  MK60_gpio.o [1]
gpio_init               0x0000daad    0xae  Code  Gb  MK60_gpio.o [1]
gpio_turn               0x0000dbad    0x38  Code  Gb  MK60_gpio.o [1]
h_jiao                  0x1fff7a03     0x1  Data  Gb  O_picture_deal.o [1]
h_jiao6                 0x1fff7a05     0x1  Data  Gb  O_picture_deal.o [1]
h_jiao_cnt              0x1fff7a07     0x1  Data  Gb  O_picture_deal.o [1]
h_jiao_x                0x1fff7a04     0x1  Data  Gb  O_picture_deal.o [1]
h_jiao_x6               0x1fff7a06     0x1  Data  Gb  O_picture_deal.o [1]
hehe                    0x1fff79ee     0x1  Data  Gb  O_picture_deal.o [1]
huan_along              0x0000aafd   0x2ac  Code  Gb  O_picture_deal.o [1]
huan_clear              0x0000a381   0x774  Code  Gb  O_picture_deal.o [1]
huan_judge              0x00009a71   0x894  Code  Gb  O_picture_deal.o [1]
huan_kuan               0x1fff79ff     0x1  Data  Gb  O_picture_deal.o [1]
huan_kuan1_l            0x1fff7a00     0x1  Data  Gb  O_picture_deal.o [1]
huan_kuan1_r            0x1fff7a01     0x1  Data  Gb  O_picture_deal.o [1]
huan_l_x                0x1fff79fd     0x1  Data  Gb  O_picture_deal.o [1]
huan_loca               0x1fff7a02     0x1  Data  Gb  O_picture_deal.o [1]
huan_mark_end           0x000099cd    0x66  Code  Gb  O_picture_deal.o [1]
huan_mark_start         0x00009921    0xac  Code  Gb  O_picture_deal.o [1]
huan_r_x                0x1fff79fe     0x1  Data  Gb  O_picture_deal.o [1]
img                     0x1fff1628  0x4b00  Data  Gb  main.o [1]
img_extract1            0x00015479   0x10a  Code  Gb  VCAN_camera.o [1]
imgbuff                 0x1fff0c1c     0x4  Data  Gb  O_init_system.o [1]
init_canshu             0x00013691   0x1d0  Code  Gb  O_init_system.o [1]
init_sys                0x00013861   0x1d2  Code  Gb  O_init_system.o [1]
key_IRQHandler          0x0000bdcf    0xae  Code  Gb  VCAN_key.o [1]
key_check               0x0000bce1    0x2a  Code  Gb  VCAN_key.o [1]
key_event_init          0x000118c1     0xa  Code  Gb  VCAN_key_event.o [1]
key_flag_clear          0x1fff0c18     0x1  Data  Gb  O_display.o [1]
key_get                 0x0000bcc7    0x1a  Code  Gb  VCAN_key.o [1]
key_init                0x0000bc75    0x52  Code  Gb  VCAN_key.o [1]
key_lcd_clear           0x0000f2fb    0x1e  Code  Gb  O_display.o [1]
key_msg                 0x1fff7928    0x28  Data  Gb  VCAN_key.o [1]
key_msg_flag            0x1fff7a17     0x1  Data  Gb  VCAN_key.o [1]
key_msg_front           0x1fff7a15     0x1  Data  Gb  VCAN_key.o [1]
key_msg_rear            0x1fff7a16     0x1  Data  Gb  VCAN_key.o [1]
last_left_point         0x1fff6b5c    0x48  Data  Gb  O_picture_deal.o [1]
last_lost_count         0x1fff7a09     0x1  Data  Gb  O_picture_deal.o [1]
last_mid                0x1fff79c4     0x2  Data  Gb  O_picture_deal.o [1]
last_mid_line           0x1fff78d0     0x4  Data  Gb  O_picture_deal.o [1]
last_mid_point          0x1fff6bec    0x48  Data  Gb  O_picture_deal.o [1]
last_right_point        0x1fff6ba4    0x48  Data  Gb  O_picture_deal.o [1]
lcd_show_0              0x0000f39d   0x1aa  Code  Gb  O_display.o [1]
lcd_show_1              0x0000f555   0x1ac  Code  Gb  O_display.o [1]
lcd_show_2              0x0000f715   0x352  Code  Gb  O_display.o [1]
lcd_show_3              0x0000fb01   0x528  Code  Gb  O_display.o [1]
lcd_show_4              0x00010111   0x31c  Code  Gb  O_display.o [1]
lcd_show_5              0x00010439    0x1c  Code  Gb  O_display.o [1]
led_init                0x0000b931    0x3a  Code  Gb  VCAN_LED.o [1]
led_turn                0x0000b96b    0x32  Code  Gb  VCAN_LED.o [1]
left_add_point_count    0x1fff79be     0x2  Data  Gb  O_picture_deal.o [1]
left_first_lose         0x1fff7a0e     0x1  Data  Gb  O_picture_deal.o [1]
left_first_lose_line_flag
                        0x1fff7a0d     0x1  Data  Gb  O_picture_deal.o [1]
left_line_first         0x1fff79f0     0x1  Data  Gb  O_picture_deal.o [1]
left_line_first_flag    0x1fff79f2     0x1  Data  Gb  O_picture_deal.o [1]
left_lost_count         0x1fff79f5     0x1  Data  Gb  O_picture_deal.o [1]
leftval                 0x1fff6b54     0x4  Data  Gb  O_menu_control.o [1]
line                    0x1fff6cc4   0x604  Data  Gb  O_picture_deal.o [1]
localeconv              0x0000f197    0x16  Code  Gb  localeconv.o [3]
lost_count              0x1fff79f4     0x1  Data  Gb  O_picture_deal.o [1]
main                    0x00015309    0x70  Code  Gb  main.o [1]
mcg_cfg                 0x1fff0b48    0x58  Data  Gb  MK60_mcg.o [1]
mcg_div                 0x1fff0ba0     0x4  Data  Gb  MK60_mcg.o [1]
mcg_div_count           0x00014bc5   0x304  Code  Gb  MK60_mcg.o [1]
measure_distance        0x00015379   0x100  Code  Gb  O_measure_distance.o [1]
median_line_extract     0x00008419  0x1202  Code  Gb  O_picture_deal.o [1]
memchr                  0x0000e939          Code  Gb  memchr.o [5]
menu                    0x1fff0db8    0x40  Data  Gb  VCAN_ASCII.o [1]
mid_line                0x1fff615c     0x4  Data  Gb  O_dir.o [1]
mid_line_last           0x1fff6154     0x8  Data  Gb  O_dir.o [1]
motor_display           0x1fff0fb8    0xa0  Data  Gb  VCAN_ASCII.o [1]
nBitmapDot              0x00000418  0x8000  Data  Gb  VCAN_ASCII.o [1]
never_shi_zi_count      0x1fff7a0c     0x1  Data  Gb  O_picture_deal.o [1]
new_tab                 0x1fff7a20     0x1  Data  Gb  VCAN_UI_VAR.o [1]
nextError               0x1fff79b6     0x2  Data  Gb  O_menu_control.o [1]
nrf_tx_buff             0x1fff6198   0x984  Data  Gb  O_init_system.o [1]
num_info                0x1fff1354    0x8c  Data  Gb  VCAN_UI_VAR.o [1]
obuf                    0x1fff7960    0x50  Data  Lc  xfiles.o [3]
other_canshu            0x1fff1058    0xa0  Data  Gb  VCAN_ASCII.o [1]
ov7725_eagle_cfgnum     0x1fff1334     0x1  Data  Gb  VCAN_OV7725_Eagle.o [1]
ov7725_eagle_dma        0x00013e65    0x1e  Code  Gb  VCAN_OV7725_Eagle.o [1]
ov7725_eagle_get_img    0x00013e83    0x42  Code  Gb  VCAN_OV7725_Eagle.o [1]
ov7725_eagle_img_buff   0x1fff795c     0x4  Data  Gb  VCAN_OV7725_Eagle.o [1]
ov7725_eagle_img_flag   0x1fff12cc     0x1  Data  Gb  VCAN_OV7725_Eagle.o [1]
ov7725_eagle_init       0x00013dad    0x18  Code  Gb  VCAN_OV7725_Eagle.o [1]
ov7725_eagle_port_init  0x00013dc5    0x54  Code  Lc  VCAN_OV7725_Eagle.o [1]
ov7725_eagle_reg        0x1fff12d0    0x64  Data  Gb  VCAN_OV7725_Eagle.o [1]
ov7725_eagle_reg_init   0x00013ec5    0xb0  Code  Lc  VCAN_OV7725_Eagle.o [1]
ov7725_eagle_vsync      0x00013e19    0x4c  Code  Gb  VCAN_OV7725_Eagle.o [1]
p1                      0x1fff0c24     0x4  Data  Gb  O_menu_control.o [1]
p2                      0x1fff0c28     0x4  Data  Gb  O_menu_control.o [1]
page_down               0x1fff11b8    0x60  Data  Gb  VCAN_ASCII.o [1]
page_up                 0x1fff1158    0x60  Data  Gb  VCAN_ASCII.o [1]
pimg                    0x1fff78d4     0x4  Data  Gb  O_picture_deal.o [1]
pit_init                0x00013fc5    0x6c  Code  Gb  MK60_PIT.o [1]
pit_time_get            0x000140ab    0x64  Code  Gb  MK60_PIT.o [1]
pit_time_start          0x00014031    0x7a  Code  Gb  MK60_PIT.o [1]
pll_init                0x00014ec9    0xb2  Code  Gb  MK60_mcg.o [1]
port_init               0x0000e839    0x44  Code  Gb  MK60_port.o [1]
port_init_NoALT         0x0000e87d    0x62  Code  Gb  MK60_port.o [1]
printf                  0x0000b9a1    0x24  Code  Gb  printf.o [3]
putchar                 0x00015bc9     0xc  Code  Gb  putchar.o [3]
quan1                   0x1fff0bd0    0x48  Data  Gb  O_dir.o [1]
quan_dir_duty_new       0x000147a1   0x2a2  Code  Gb  O_dir.o [1]
real_wide               0x1fff7354   0x118  Data  Gb  O_picture_deal.o [1]
right_add_point_count   0x1fff79c0     0x2  Data  Gb  O_picture_deal.o [1]
right_first_lose        0x1fff7a10     0x1  Data  Gb  O_picture_deal.o [1]
right_first_lose_line_flag
                        0x1fff7a0f     0x1  Data  Gb  O_picture_deal.o [1]
right_line_first        0x1fff79f1     0x1  Data  Gb  O_picture_deal.o [1]
right_line_first_flag   0x1fff79f3     0x1  Data  Gb  O_picture_deal.o [1]
right_lost_count        0x1fff79f6     0x1  Data  Gb  O_picture_deal.o [1]
rightval                0x1fff6b50     0x4  Data  Gb  O_menu_control.o [1]
road_count_chao         0x1fff79fa     0x1  Data  Gb  O_picture_deal.o [1]
road_wide_count_huan    0x1fff79f9     0x1  Data  Gb  O_picture_deal.o [1]
s_distance              0x1fff6b24     0x4  Data  Gb  O_measure_distance.o [1]
s_distance_l            0x1fff6b28     0x4  Data  Gb  O_measure_distance.o [1]
s_distance_ll           0x1fff6b2c     0x4  Data  Gb  O_measure_distance.o [1]
s_distance_lll          0x1fff6b30     0x4  Data  Gb  O_measure_distance.o [1]
se_du                   0x1fff6164     0x4  Data  Gb  O_dir.o [1]
send_key_msg            0x0000bd0b    0x62  Code  Gb  VCAN_key.o [1]
sequence                0x1fff79e5     0x1  Data  Gb  main.o [1]
set_sys_dividers        0x1fff15c1    0x50  Code  Gb  MK60_mcg.o [1]
set_vector_handler      0x00014143    0x22  Code  Gb  misc.o [1]
sever                   0x1fff0f18    0xa0  Data  Gb  VCAN_ASCII.o [1]
shi_zi_count            0x1fff7a0b     0x1  Data  Gb  O_picture_deal.o [1]
shi_zi_flag             0x1fff7a0a     0x1  Data  Gb  O_picture_deal.o [1]
shizi_new               0x1fff78d8     0x4  Data  Gb  O_picture_deal.o [1]
shua_one                0x1fff79e9     0x1  Data  Gb  O_display.o [1]
side                    0x1fff0e78    0xa0  Data  Gb  VCAN_ASCII.o [1]
single_in               0x1fff79ef     0x1  Data  Gb  O_picture_deal.o [1]
speed_input             0x000127d5   0x1b2  Code  Gb  O_speed.o [1]
speedaboutangle         0x1fff6b38     0x4  Data  Gb  O_menu_control.o [1]
speedaboutangle2        0x1fff6b3c     0x4  Data  Gb  O_menu_control.o [1]
speedcontrol5           0x0001224d   0x466  Code  Gb  O_speed.o [1]
speedwant               0x1fff1610     0x4  Data  Gb  main.o [1]
speedwantB              0x1fff78dc     0x4  Data  Gb  O_speed.o [1]
speedwantD              0x1fff78e0     0x4  Data  Gb  O_speed.o [1]
speedwantD_set          0x1fff0410     0x2  Data  Gb  main.o [1]
speedwantE              0x1fff78e4     0x4  Data  Gb  O_speed.o [1]
speedwantE_set          0x1fff0412     0x2  Data  Gb  main.o [1]
speedwant_L             0x1fff79d0     0x2  Data  Gb  O_speed.o [1]
speedwant_R             0x1fff79ce     0x2  Data  Gb  O_speed.o [1]
sqrt_16                 0x00014759    0x48  Code  Gb  O_dir.o [1]
sqrt_16_kp2             0x1fff79b4     0x2  Data  Gb  O_dir.o [1]
st7735r_dir             0x1fff7a1e     0x1  Data  Gb  VCAN_LCD_ST7735R.o [1]
st7735r_h               0x1fff12c4     0x2  Data  Gb  VCAN_LCD_ST7735R.o [1]
st7735r_w               0x1fff12c6     0x2  Data  Gb  VCAN_LCD_ST7735R.o [1]
start                   0x00015189    0x2e  Code  Gb  system_MK60DZ10.o [1]
start_check             0x0000af89    0x9a  Code  Gb  MK60_conf.o [1]
start_go                0x1fff10f8    0x60  Data  Gb  VCAN_ASCII.o [1]
strchr                  0x0000e8e9          Code  Gb  strchr.o [5]
strlen                  0x0000e901          Code  Gb  strlen.o [5]
sysinit                 0x000151b7    0x3c  Code  Gb  system_MK60DZ10.o [1]
systick_delay           0x0000b9c5    0x36  Code  Gb  MK60_SysTick.o [1]
systick_delay_ms        0x0000b9fb    0x18  Code  Gb  MK60_SysTick.o [1]
timevar                 0x1fff6b1c     0x4  Data  Gb  O_measure_distance.o [1]
tongbu                  0x1fff161c     0xc  Data  Gb  main.o [1]
uart_init               0x0000ba29   0x218  Code  Gb  MK60_uart.o [1]
uart_putchar            0x0000bc41    0x1a  Code  Gb  MK60_uart.o [1]
updata_var              0x0000ae17    0x22  Code  Gb  VCAN_UI_VAR.o [1]
used_length             0x1fff0c2c     0x1  Data  Gb  O_picture_deal.o [1]
var1                    0x1fff79dd     0x1  Data  Gb  main.o [1]
var2                    0x1fff79de     0x1  Data  Gb  main.o [1]
var3                    0x1fff79b0     0x2  Data  Gb  main.o [1]
var4                    0x1fff79b2     0x2  Data  Gb  main.o [1]
var5                    0x1fff1614     0x4  Data  Gb  main.o [1]
var6                    0x1fff1618     0x4  Data  Gb  main.o [1]
var_addr                0x1fff1338    0x1c  Data  Gb  VCAN_UI_VAR.o [1]
var_display             0x0000ae39    0xda  Code  Gb  VCAN_UI_VAR.o [1]
vector_str              0x1fff041c   0x708  Data  Gb  MK60_conf.o [1]
wdog_disable            0x000152c9    0x16  Code  Gb  MK60_wdog.o [1]
wdog_unlock             0x000152df    0x20  Code  Lc  MK60_wdog.o [1]
weizhi_turn             0x1fff79e0     0x1  Data  Gb  main.o [1]
wide                    0x1fff72c8    0x8c  Data  Gb  O_picture_deal.o [1]
write_vtor              0x00014121    0x22  Code  Gb  misc.o [1]
xia_no                  0x1fff79fb     0x1  Data  Gb  O_picture_deal.o [1]
y                       0x1fff6b4c     0x4  Data  Gb  O_menu_control.o [1]
zhenshu_count           0x1fff6b44     0x4  Data  Gb  O_menu_control.o [1]


[1] = D:\project\car\Prj\IAR\FN15_Debug\Obj
[2] = command line
[3] = dl7M_tlf.a
[4] = m7M_tlv.a
[5] = rt7M_tl.a

  48 196 bytes of readonly  code memory
     496 bytes of readwrite code memory
  41 640 bytes of readonly  data memory
  29 865 bytes of readwrite data memory

Errors: none
Warnings: none
